Component: ARM Compiler 5.06 update 6 (build 750) Tool: armlink [4d35ed]

==============================================================================

Section Cross References

    main.o(i.main) refers to boards.o(i.bsp_board_init) for bsp_board_init
    main.o(i.main) refers to nrf_log_frontend.o(i.nrf_log_init) for nrf_log_init
    main.o(i.main) refers to app_error.o(i.app_error_handler_bare) for app_error_handler_bare
    main.o(i.main) refers to nrf_log_default_backends.o(i.nrf_log_default_backends_init) for nrf_log_default_backends_init
    main.o(i.main) refers to nrf_log_frontend.o(i.nrf_log_frontend_std_0) for nrf_log_frontend_std_0
    main.o(i.main) refers to memcpya.o(.text) for __aeabi_memcpy4
    main.o(i.main) refers to nrf_drv_spis.o(i.nrf_drv_spis_init) for nrf_drv_spis_init
    main.o(i.main) refers to nrfx_spis.o(i.nrfx_spis_buffers_set) for nrfx_spis_buffers_set
    main.o(i.main) refers to nrf_log_frontend.o(i.nrf_log_frontend_dequeue) for nrf_log_frontend_dequeue
    main.o(i.main) refers to boards.o(i.bsp_board_led_invert) for bsp_board_led_invert
    main.o(i.main) refers to nrf_log_frontend.o(log_const_data) for m_nrf_log_app_logs_data_const
    main.o(i.main) refers to main.o(.constdata) for .constdata
    main.o(i.main) refers to main.o(i.spis_event_handler) for spis_event_handler
    main.o(i.main) refers to main.o(.data) for .data
    main.o(i.spis_event_handler) refers to nrf_log_frontend.o(i.nrf_log_frontend_std_1) for nrf_log_frontend_std_1
    main.o(i.spis_event_handler) refers to main.o(.data) for .data
    main.o(i.spis_event_handler) refers to nrf_log_frontend.o(log_const_data) for m_nrf_log_app_logs_data_const
    boards.o(i.bsp_board_button_idx_to_pin) refers to boards.o(.constdata) for .constdata
    boards.o(i.bsp_board_button_state_get) refers to boards.o(i.nrf_gpio_pin_port_decode) for nrf_gpio_pin_port_decode
    boards.o(i.bsp_board_button_state_get) refers to boards.o(.constdata) for .constdata
    boards.o(i.bsp_board_init) refers to boards.o(i.nrf_gpio_cfg) for nrf_gpio_cfg
    boards.o(i.bsp_board_init) refers to boards.o(i.bsp_board_leds_off) for bsp_board_leds_off
    boards.o(i.bsp_board_init) refers to boards.o(.constdata) for .constdata
    boards.o(i.bsp_board_led_idx_to_pin) refers to boards.o(.constdata) for .constdata
    boards.o(i.bsp_board_led_invert) refers to boards.o(i.nrf_gpio_pin_port_decode) for nrf_gpio_pin_port_decode
    boards.o(i.bsp_board_led_invert) refers to boards.o(.constdata) for .constdata
    boards.o(i.bsp_board_led_off) refers to boards.o(i.nrf_gpio_pin_write) for nrf_gpio_pin_write
    boards.o(i.bsp_board_led_off) refers to boards.o(.constdata) for .constdata
    boards.o(i.bsp_board_led_on) refers to boards.o(i.nrf_gpio_pin_write) for nrf_gpio_pin_write
    boards.o(i.bsp_board_led_on) refers to boards.o(.constdata) for .constdata
    boards.o(i.bsp_board_led_state_get) refers to boards.o(i.nrf_gpio_pin_port_decode) for nrf_gpio_pin_port_decode
    boards.o(i.bsp_board_led_state_get) refers to boards.o(.constdata) for .constdata
    boards.o(i.bsp_board_leds_off) refers to boards.o(i.bsp_board_led_off) for bsp_board_led_off
    boards.o(i.bsp_board_leds_on) refers to boards.o(i.bsp_board_led_on) for bsp_board_led_on
    boards.o(i.bsp_board_pin_to_button_idx) refers to boards.o(.constdata) for .constdata
    boards.o(i.bsp_board_pin_to_led_idx) refers to boards.o(.constdata) for .constdata
    boards.o(i.nrf_gpio_cfg) refers to boards.o(i.nrf_gpio_pin_port_decode) for nrf_gpio_pin_port_decode
    boards.o(i.nrf_gpio_pin_write) refers to boards.o(i.nrf_gpio_pin_port_decode) for nrf_gpio_pin_port_decode
    bsp.o(i.alert_timer_handler) refers to boards.o(i.bsp_board_led_invert) for bsp_board_led_invert
    bsp.o(i.bsp_button_event_handler) refers to boards.o(i.bsp_board_pin_to_button_idx) for bsp_board_pin_to_button_idx
    bsp.o(i.bsp_button_event_handler) refers to app_timer2.o(i.app_timer_start) for app_timer_start
    bsp.o(i.bsp_button_event_handler) refers to app_timer2.o(i.app_timer_stop) for app_timer_stop
    bsp.o(i.bsp_button_event_handler) refers to bsp.o(.constdata) for .constdata
    bsp.o(i.bsp_button_event_handler) refers to bsp.o(.data) for .data
    bsp.o(i.bsp_button_event_handler) refers to bsp.o(.bss) for .bss
    bsp.o(i.bsp_button_is_pressed) refers to boards.o(i.bsp_board_button_state_get) for bsp_board_button_state_get
    bsp.o(i.bsp_buttons_disable) refers to app_button.o(i.app_button_disable) for app_button_disable
    bsp.o(i.bsp_buttons_enable) refers to app_button.o(i.app_button_enable) for app_button_enable
    bsp.o(i.bsp_event_to_button_action_assign) refers to bsp.o(.bss) for .bss
    bsp.o(i.bsp_indication_set) refers to bsp.o(i.bsp_led_indication) for bsp_led_indication
    bsp.o(i.bsp_indication_set) refers to bsp.o(.data) for .data
    bsp.o(i.bsp_init) refers to bsp.o(i.bsp_event_to_button_action_assign) for bsp_event_to_button_action_assign
[...]
    ..\\..\\..\\..\\..\\..\\components\\libraries\\util\\app_error.c 0x00000000   Number         0  app_error.o ABSOLUTE
    ..\\..\\..\\..\\..\\..\\components\\libraries\\util\\app_error_handler_keil.c 0x00000000   Number         0  app_error_handler_keil.o ABSOLUTE
    ..\\..\\..\\..\\..\\..\\components\\libraries\\util\\app_error_weak.c 0x00000000   Number         0  app_error_weak.o ABSOLUTE
    ..\\..\\..\\..\\..\\..\\components\\libraries\\util\\app_util_platform.c 0x00000000   Number         0  app_util_platform.o ABSOLUTE
    ..\\..\\..\\..\\..\\..\\components\\libraries\\util\\nrf_assert.c 0x00000000   Number         0  nrf_assert.o ABSOLUTE
    ..\\..\\..\\..\\..\\..\\external\\fprintf\\nrf_fprintf.c 0x00000000   Number         0  nrf_fprintf.o ABSOLUTE
    ..\\..\\..\\..\\..\\..\\external\\fprintf\\nrf_fprintf_format.c 0x00000000   Number         0  nrf_fprintf_format.o ABSOLUTE
    ..\\..\\..\\..\\..\\..\\external\\segger_rtt\\SEGGER_RTT.c 0x00000000   Number         0  segger_rtt.o ABSOLUTE
    ..\\..\\..\\..\\..\\..\\external\\segger_rtt\\SEGGER_RTT_Syscalls_KEIL.c 0x00000000   Number         0  segger_rtt_syscalls_keil.o ABSOLUTE
    ..\\..\\..\\..\\..\\..\\external\\segger_rtt\\SEGGER_RTT_printf.c 0x00000000   Number         0  segger_rtt_printf.o ABSOLUTE
    ..\\..\\..\\..\\..\\..\\integration\\nrfx\\legacy\\nrf_drv_spis.c 0x00000000   Number         0  nrf_drv_spis.o ABSOLUTE
    ..\\..\\..\\..\\..\\..\\integration\\nrfx\\legacy\\nrf_drv_uart.c 0x00000000   Number         0  nrf_drv_uart.o ABSOLUTE
    ..\\..\\..\\..\\..\\..\\modules\\nrfx\\drivers\\src\\nrfx_gpiote.c 0x00000000   Number         0  nrfx_gpiote.o ABSOLUTE
    ..\\..\\..\\..\\..\\..\\modules\\nrfx\\drivers\\src\\nrfx_spis.c 0x00000000   Number         0  nrfx_spis.o ABSOLUTE
    ..\\..\\..\\..\\..\\..\\modules\\nrfx\\drivers\\src\\nrfx_uart.c 0x00000000   Number         0  nrfx_uart.o ABSOLUTE
    ..\\..\\..\\..\\..\\..\\modules\\nrfx\\drivers\\src\\nrfx_uarte.c 0x00000000   Number         0  nrfx_uarte.o ABSOLUTE
    ..\\..\\..\\..\\..\\..\\modules\\nrfx\\drivers\\src\\prs\\nrfx_prs.c 0x00000000   Number         0  nrfx_prs.o ABSOLUTE
    ..\\..\\..\\..\\..\\..\\modules\\nrfx\\soc\\nrfx_atomic.c 0x00000000   Number         0  nrfx_atomic.o ABSOLUTE
    ..\\..\\..\\main.c                       0x00000000   Number         0  main.o ABSOLUTE
    RTE\Device\nRF52840_xxAA\arm_startup_nrf52840.s 0x00000000   Number         0  arm_startup_nrf52840.o ABSOLUTE
    RTE\Device\nRF52840_xxAA\system_nrf52840.c 0x00000000   Number         0  system_nrf52840.o ABSOLUTE
    RTE\\Device\\nRF52840_xxAA\\system_nrf52840.c 0x00000000   Number         0  system_nrf52840.o ABSOLUTE
    cdrcmple.s                               0x00000000   Number         0  cdrcmple.o ABSOLUTE
    dc.s                                     0x00000000   Number         0  dc.o ABSOLUTE
    handlers.s                               0x00000000   Number         0  handlers.o ABSOLUTE
    init.s                                   0x00000000   Number         0  init.o ABSOLUTE
    .ARM.Collect$$$$00000000                 0x00000200   Section        0  entry.o(.ARM.Collect$$$$00000000)
    .ARM.Collect$$$$00000001                 0x00000200   Section        4  entry2.o(.ARM.Collect$$$$00000001)
    .ARM.Collect$$$$00000004                 0x00000204   Section        4  entry5.o(.ARM.Collect$$$$00000004)
    .ARM.Collect$$$$00000008                 0x00000208   Section        0  entry7b.o(.ARM.Collect$$$$00000008)
    .ARM.Collect$$$$0000000A                 0x00000208   Section        0  entry8b.o(.ARM.Collect$$$$0000000A)
    .ARM.Collect$$$$0000000B                 0x00000208   Section        8  entry9a.o(.ARM.Collect$$$$0000000B)
    .ARM.Collect$$$$0000000D                 0x00000210   Section        0  entry10a.o(.ARM.Collect$$$$0000000D)
    .ARM.Collect$$$$0000000F                 0x00000210   Section        0  entry11a.o(.ARM.Collect$$$$0000000F)
    .ARM.Collect$$$$00002712                 0x00000210   Section        4  entry2.o(.ARM.Collect$$$$00002712)
    __lit__00000000                          0x00000210   Data           4  entry2.o(.ARM.Collect$$$$00002712)
    .emb_text                                0x00000214   Section      226  nrf_atomic.o(.emb_text)
    $v0                                      0x00000214   Number         0  nrf_atomic.o(.emb_text)
    .text                                    0x000002f8   Section       36  arm_startup_nrf52840.o(.text)
    $v0                                      0x000002f8   Number         0  arm_startup_nrf52840.o(.text)
    .text                                    0x0000031c   Section        0  ctype_o.o(.text)
    .text                                    0x00000324   Section        0  memcpya.o(.text)
    .text                                    0x00000348   Section        0  memseta.o(.text)
    .text                                    0x0000036c   Section        0  strlen.o(.text)
    .text                                    0x0000037c   Section       36  init.o(.text)
    i.GPIOTE_IRQHandler                      0x000003a0   Section        0  nrfx_gpiote.o(i.GPIOTE_IRQHandler)
    i.RTC1_IRQHandler                        0x00000444   Section        0  drv_rtc.o(i.RTC1_IRQHandler)
    i.SPIM1_SPIS1_TWIM1_TWIS1_SPI1_TWI1_IRQHandler 0x00000454   Section        0  nrfx_spis.o(i.SPIM1_SPIS1_TWIM1_TWIS1_SPI1_TWI1_IRQHandler)
    i.SystemInit                             0x00000464   Section        0  system_nrf52840.o(i.SystemInit)
    i.UARTE0_UART0_IRQHandler                0x000006ac   Section        0  nrfx_prs.o(i.UARTE0_UART0_IRQHandler)
    i.__scatterload_copy                     0x000006b8   Section       14  handlers.o(i.__scatterload_copy)
    i.__scatterload_null                     0x000006c6   Section        2  handlers.o(i.__scatterload_null)
    i.__scatterload_zeroinit                 0x000006c8   Section       14  handlers.o(i.__scatterload_zeroinit)
    i.app_error_fault_handler                0x000006d8   Section        0  app_error_weak.o(i.app_error_fault_handler)
    i.app_error_handler_bare                 0x0000075c   Section        0  app_error.o(i.app_error_handler_bare)
    i.app_util_critical_region_enter         0x00000772   Section        0  app_util_platform.o(i.app_util_critical_region_enter)
    i.app_util_critical_region_exit          0x00000776   Section        0  app_util_platform.o(i.app_util_critical_region_exit)
    i.app_util_disable_irq                   0x0000077c   Section        0  app_util_platform.o(i.app_util_disable_irq)
    i.app_util_enable_irq                    0x0000078c   Section        0  app_util_platform.o(i.app_util_enable_irq)
    i.apply_config                           0x000007a0   Section        0  nrfx_uart.o(i.apply_config)
    apply_config                             0x000007a1   Thumb Code   118  nrfx_uart.o(i.apply_config)
    i.apply_config                           0x00000816   Section        0  nrfx_uarte.o(i.apply_config)
    apply_config                             0x00000817   Thumb Code   118  nrfx_uarte.o(i.apply_config)
    i.bsp_board_init                         0x0000088c   Section        0  boards.o(i.bsp_board_init)
    i.bsp_board_led_invert                   0x000008e0   Section        0  boards.o(i.bsp_board_led_invert)
    i.bsp_board_led_off                      0x0000090c   Section        0  boards.o(i.bsp_board_led_off)
    i.bsp_board_leds_off                     0x0000091c   Section        0  boards.o(i.bsp_board_leds_off)
    i.buf_prealloc                           0x00000930   Section        0  nrf_log_frontend.o(i.buf_prealloc)
    buf_prealloc                             0x00000931   Thumb Code   132  nrf_log_frontend.o(i.buf_prealloc)
    i.buffer_add                             0x000009bc   Section        0  nrf_fprintf_format.o(i.buffer_add)
    buffer_add                               0x000009bd   Thumb Code    46  nrf_fprintf_format.o(i.buffer_add)
    i.buffer_is_empty                        0x000009ec   Section        0  nrf_log_frontend.o(i.buffer_is_empty)
    i.channel_port_get                       0x00000a04   Section        0  nrfx_gpiote.o(i.channel_port_get)
    channel_port_get                         0x00000a05   Thumb Code    10  nrfx_gpiote.o(i.channel_port_get)
    i.dropped_sat16_get                      0x00000a14   Section        0  nrf_log_frontend.o(i.dropped_sat16_get)
    dropped_sat16_get                        0x00000a15   Thumb Code    16  nrf_log_frontend.o(i.dropped_sat16_get)
    i.int_print                              0x00000a28   Section        0  nrf_fprintf_format.o(i.int_print)
    int_print                                0x00000a29   Thumb Code   166  nrf_fprintf_format.o(i.int_print)
    i.interrupts_enable                      0x00000ad0   Section        0  nrfx_uarte.o(i.interrupts_enable)
    interrupts_enable                        0x00000ad1   Thumb Code   132  nrfx_uarte.o(i.interrupts_enable)
    i.invalid_packets_omit                   0x00000b58   Section        0  nrf_log_frontend.o(i.invalid_packets_omit)
    invalid_packets_omit                     0x00000b59   Thumb Code    52  nrf_log_frontend.o(i.invalid_packets_omit)
    i.log_skip                               0x00000b8c   Section        0  nrf_log_frontend.o(i.log_skip)
    log_skip                                 0x00000b8d   Thumb Code   150  nrf_log_frontend.o(i.log_skip)
    i.main                                   0x00000c30   Section        0  main.o(i.main)
    i.memobj_op                              0x00000cf4   Section        0  nrf_memobj.o(i.memobj_op)
    memobj_op                                0x00000cf5   Thumb Code   126  nrf_memobj.o(i.memobj_op)
    i.module_idx_get                         0x00000d74   Section        0  nrf_log_frontend.o(i.module_idx_get)
    module_idx_get                           0x00000d75   Thumb Code    42  nrf_log_frontend.o(i.module_idx_get)
    i.nrf_atomic_flag_clear_fetch            0x00000da4   Section        0  nrf_atomic.o(i.nrf_atomic_flag_clear_fetch)
    i.nrf_atomic_flag_set                    0x00000daa   Section        0  nrf_atomic.o(i.nrf_atomic_flag_set)
    i.nrf_atomic_u32_add                     0x00000db0   Section        0  nrf_atomic.o(i.nrf_atomic_u32_add)
    i.nrf_atomic_u32_fetch_and               0x00000dbc   Section        0  nrf_atomic.o(i.nrf_atomic_u32_fetch_and)
    i.nrf_atomic_u32_fetch_store             0x00000dc6   Section        0  nrf_atomic.o(i.nrf_atomic_u32_fetch_store)
    i.nrf_atomic_u32_or                      0x00000dd0   Section        0  nrf_atomic.o(i.nrf_atomic_u32_or)
    i.nrf_atomic_u32_sub                     0x00000ddc   Section        0  nrf_atomic.o(i.nrf_atomic_u32_sub)
    i.nrf_balloc_alloc                       0x00000de8   Section        0  nrf_balloc.o(i.nrf_balloc_alloc)
    i.nrf_balloc_free                        0x00000e26   Section        0  nrf_balloc.o(i.nrf_balloc_free)
    i.nrf_balloc_init                        0x00000e50   Section        0  nrf_balloc.o(i.nrf_balloc_init)
    i.nrf_bitmask_bit_is_set                 0x00000e80   Section        0  nrfx_gpiote.o(i.nrf_bitmask_bit_is_set)
    nrf_bitmask_bit_is_set                   0x00000e81   Thumb Code    16  nrfx_gpiote.o(i.nrf_bitmask_bit_is_set)
    i.nrf_drv_spis_init                      0x00000e90   Section        0  nrf_drv_spis.o(i.nrf_drv_spis_init)
    i.nrf_drv_uart_init                      0x00000eac   Section        0  nrf_drv_uart.o(i.nrf_drv_uart_init)
    i.nrf_fprintf                            0x00000f14   Section        0  nrf_fprintf.o(i.nrf_fprintf)
    i.nrf_fprintf_buffer_flush               0x00000f2e   Section        0  nrf_fprintf.o(i.nrf_fprintf_buffer_flush)
    i.nrf_fprintf_fmt                        0x00000f46   Section        0  nrf_fprintf_format.o(i.nrf_fprintf_fmt)
    i.nrf_gpio_cfg                           0x00001120   Section        0  boards.o(i.nrf_gpio_cfg)
    nrf_gpio_cfg                             0x00001121   Thumb Code    50  boards.o(i.nrf_gpio_cfg)
    i.nrf_gpio_cfg                           0x00001154   Section        0  nrfx_spis.o(i.nrf_gpio_cfg)
    nrf_gpio_cfg                             0x00001155   Thumb Code    48  nrfx_spis.o(i.nrf_gpio_cfg)
    i.nrf_gpio_cfg                           0x00001188   Section        0  nrfx_uart.o(i.nrf_gpio_cfg)
    nrf_gpio_cfg                             0x00001189   Thumb Code    50  nrfx_uart.o(i.nrf_gpio_cfg)
    i.nrf_gpio_cfg                           0x000011ba   Section        0  nrfx_uarte.o(i.nrf_gpio_cfg)
    nrf_gpio_cfg                             0x000011bb   Thumb Code    50  nrfx_uarte.o(i.nrf_gpio_cfg)
    i.nrf_gpio_cfg_default                   0x000011ec   Section        0  nrfx_uart.o(i.nrf_gpio_cfg_default)
    nrf_gpio_cfg_default                     0x000011ed   Thumb Code    18  nrfx_uart.o(i.nrf_gpio_cfg_default)
    i.nrf_gpio_cfg_default                   0x000011fe   Section        0  nrfx_uarte.o(i.nrf_gpio_cfg_default)
    nrf_gpio_cfg_default                     0x000011ff   Thumb Code    18  nrfx_uarte.o(i.nrf_gpio_cfg_default)
    i.nrf_gpio_cfg_input                     0x00001210   Section        0  nrfx_uart.o(i.nrf_gpio_cfg_input)
    nrf_gpio_cfg_input                       0x00001211   Thumb Code    18  nrfx_uart.o(i.nrf_gpio_cfg_input)
    i.nrf_gpio_cfg_input                     0x00001222   Section        0  nrfx_uarte.o(i.nrf_gpio_cfg_input)
    nrf_gpio_cfg_input                       0x00001223   Thumb Code    18  nrfx_uarte.o(i.nrf_gpio_cfg_input)
    i.nrf_gpio_cfg_output                    0x00001234   Section        0  nrfx_uart.o(i.nrf_gpio_cfg_output)
    nrf_gpio_cfg_output                      0x00001235   Thumb Code    20  nrfx_uart.o(i.nrf_gpio_cfg_output)
    i.nrf_gpio_cfg_output                    0x00001248   Section        0  nrfx_uarte.o(i.nrf_gpio_cfg_output)
    nrf_gpio_cfg_output                      0x00001249   Thumb Code    20  nrfx_uarte.o(i.nrf_gpio_cfg_output)
    i.nrf_gpio_cfg_sense_set                 0x0000125c   Section        0  nrfx_gpiote.o(i.nrf_gpio_cfg_sense_set)
    nrf_gpio_cfg_sense_set                   0x0000125d   Thumb Code    48  nrfx_gpiote.o(i.nrf_gpio_cfg_sense_set)
    i.nrf_gpio_latches_read_and_clear        0x0000128c   Section        0  nrfx_gpiote.o(i.nrf_gpio_latches_read_and_clear)
    nrf_gpio_latches_read_and_clear          0x0000128d   Thumb Code    42  nrfx_gpiote.o(i.nrf_gpio_latches_read_and_clear)
    i.nrf_gpio_pin_port_decode               0x000012bc   Section        0  boards.o(i.nrf_gpio_pin_port_decode)
    nrf_gpio_pin_port_decode                 0x000012bd   Thumb Code    22  boards.o(i.nrf_gpio_pin_port_decode)
    i.nrf_gpio_pin_port_decode               0x000012d8   Section        0  nrfx_gpiote.o(i.nrf_gpio_pin_port_decode)
    nrf_gpio_pin_port_decode                 0x000012d9   Thumb Code    22  nrfx_gpiote.o(i.nrf_gpio_pin_port_decode)
    i.nrf_gpio_pin_port_decode               0x000012f4   Section        0  nrfx_uart.o(i.nrf_gpio_pin_port_decode)
    nrf_gpio_pin_port_decode                 0x000012f5   Thumb Code    22  nrfx_uart.o(i.nrf_gpio_pin_port_decode)
    i.nrf_gpio_pin_port_decode               0x00001310   Section        0  nrfx_uarte.o(i.nrf_gpio_pin_port_decode)
    nrf_gpio_pin_port_decode                 0x00001311   Thumb Code    22  nrfx_uarte.o(i.nrf_gpio_pin_port_decode)
    i.nrf_gpio_pin_set                       0x0000132c   Section        0  nrfx_uart.o(i.nrf_gpio_pin_set)
    nrf_gpio_pin_set                         0x0000132d   Thumb Code    20  nrfx_uart.o(i.nrf_gpio_pin_set)
    i.nrf_gpio_pin_set                       0x00001340   Section        0  nrfx_uarte.o(i.nrf_gpio_pin_set)
    nrf_gpio_pin_set                         0x00001341   Thumb Code    20  nrfx_uarte.o(i.nrf_gpio_pin_set)
    i.nrf_gpio_pin_write                     0x00001354   Section        0  boards.o(i.nrf_gpio_pin_write)
    nrf_gpio_pin_write                       0x00001355   Thumb Code    38  boards.o(i.nrf_gpio_pin_write)
    i.nrf_gpiote_event_clear                 0x0000137c   Section        0  nrfx_gpiote.o(i.nrf_gpiote_event_clear)
    nrf_gpiote_event_clear                   0x0000137d   Thumb Code    16  nrfx_gpiote.o(i.nrf_gpiote_event_clear)
    i.nrf_gpiote_event_is_set                0x00001390   Section        0  nrfx_gpiote.o(i.nrf_gpiote_event_is_set)
    nrf_gpiote_event_is_set                  0x00001391   Thumb Code    12  nrfx_gpiote.o(i.nrf_gpiote_event_is_set)
    i.nrf_log_backend_add                    0x000013a0   Section        0  nrf_log_frontend.o(i.nrf_log_backend_add)
    i.nrf_log_backend_serial_put             0x000013fc   Section        0  nrf_log_backend_serial.o(i.nrf_log_backend_serial_put)
    i.nrf_log_backend_uart_flush             0x000014c4   Section        0  nrf_log_backend_uart.o(i.nrf_log_backend_uart_flush)
    nrf_log_backend_uart_flush               0x000014c5   Thumb Code     2  nrf_log_backend_uart.o(i.nrf_log_backend_uart_flush)
    i.nrf_log_backend_uart_init              0x000014c6   Section        0  nrf_log_backend_uart.o(i.nrf_log_backend_uart_init)
    i.nrf_log_backend_uart_panic_set         0x000014cc   Section        0  nrf_log_backend_uart.o(i.nrf_log_backend_uart_panic_set)
    nrf_log_backend_uart_panic_set           0x000014cd   Thumb Code    36  nrf_log_backend_uart.o(i.nrf_log_backend_uart_panic_set)
    i.nrf_log_backend_uart_put               0x000014f8   Section        0  nrf_log_backend_uart.o(i.nrf_log_backend_uart_put)
    nrf_log_backend_uart_put                 0x000014f9   Thumb Code    16  nrf_log_backend_uart.o(i.nrf_log_backend_uart_put)
    i.nrf_log_color_id_get                   0x00001510   Section        0  nrf_log_frontend.o(i.nrf_log_color_id_get)
    i.nrf_log_default_backends_init          0x00001540   Section        0  nrf_log_default_backends.o(i.nrf_log_default_backends_init)
    i.nrf_log_frontend_dequeue               0x0000155c   Section        0  nrf_log_frontend.o(i.nrf_log_frontend_dequeue)
    i.nrf_log_frontend_std_0                 0x00001790   Section        0  nrf_log_frontend.o(i.nrf_log_frontend_std_0)
    i.nrf_log_frontend_std_1                 0x00001798   Section        0  nrf_log_frontend.o(i.nrf_log_frontend_std_1)
    i.nrf_log_hexdump_entry_process          0x000017a8   Section        0  nrf_log_str_formatter.o(i.nrf_log_hexdump_entry_process)
    i.nrf_log_init                           0x00001858   Section        0  nrf_log_frontend.o(i.nrf_log_init)
    i.nrf_log_module_cnt_get                 0x00001880   Section        0  nrf_log_frontend.o(i.nrf_log_module_cnt_get)
    i.nrf_log_module_name_get                0x00001894   Section        0  nrf_log_frontend.o(i.nrf_log_module_name_get)
    i.nrf_log_panic                          0x000018b0   Section        0  nrf_log_frontend.o(i.nrf_log_panic)
    i.nrf_log_std_entry_process              0x000018d8   Section        0  nrf_log_str_formatter.o(i.nrf_log_std_entry_process)
    i.nrf_memobj_alloc                       0x0000198e   Section        0  nrf_memobj.o(i.nrf_memobj_alloc)
    i.nrf_memobj_free                        0x000019ee   Section        0  nrf_memobj.o(i.nrf_memobj_free)
    i.nrf_memobj_get                         0x00001a20   Section        0  nrf_memobj.o(i.nrf_memobj_get)
    i.nrf_memobj_pool_init                   0x00001a28   Section        0  nrf_memobj.o(i.nrf_memobj_pool_init)
    i.nrf_memobj_put                         0x00001a2c   Section        0  nrf_memobj.o(i.nrf_memobj_put)
    i.nrf_memobj_read                        0x00001a4a   Section        0  nrf_memobj.o(i.nrf_memobj_read)
    i.nrf_memobj_write                       0x00001a5a   Section        0  nrf_memobj.o(i.nrf_memobj_write)
    i.nrf_ringbuf_init                       0x00001a6a   Section        0  nrf_ringbuf.o(i.nrf_ringbuf_init)
    i.nrf_spis_event_check                   0x00001a86   Section        0  nrfx_spis.o(i.nrf_spis_event_check)
    nrf_spis_event_check                     0x00001a87   Thumb Code    10  nrfx_spis.o(i.nrf_spis_event_check)
    i.nrf_spis_event_clear                   0x00001a90   Section        0  nrfx_spis.o(i.nrf_spis_event_clear)
    nrf_spis_event_clear                     0x00001a91   Thumb Code    12  nrfx_spis.o(i.nrf_spis_event_clear)
    i.nrf_uart_event_check                   0x00001a9c   Section        0  nrfx_uart.o(i.nrf_uart_event_check)
    nrf_uart_event_check                     0x00001a9d   Thumb Code    10  nrfx_uart.o(i.nrf_uart_event_check)
    i.nrf_uart_event_clear                   0x00001aa6   Section        0  nrfx_uart.o(i.nrf_uart_event_clear)
    nrf_uart_event_clear                     0x00001aa7   Thumb Code    12  nrfx_uart.o(i.nrf_uart_event_clear)
    i.nrf_uart_int_enable_check              0x00001ab2   Section        0  nrfx_uart.o(i.nrf_uart_int_enable_check)
    nrf_uart_int_enable_check                0x00001ab3   Thumb Code    12  nrfx_uart.o(i.nrf_uart_int_enable_check)
    i.nrf_uarte_event_check                  0x00001abe   Section        0  nrfx_uarte.o(i.nrf_uarte_event_check)
    nrf_uarte_event_check                    0x00001abf   Thumb Code    10  nrfx_uarte.o(i.nrf_uarte_event_check)
    i.nrf_uarte_event_clear                  0x00001ac8   Section        0  nrfx_uarte.o(i.nrf_uarte_event_clear)
    nrf_uarte_event_clear                    0x00001ac9   Thumb Code    12  nrfx_uarte.o(i.nrf_uarte_event_clear)
    i.nrfx_is_in_ram                         0x00001ad4   Section        0  nrfx_spis.o(i.nrfx_is_in_ram)
    nrfx_is_in_ram                           0x00001ad5   Thumb Code    16  nrfx_spis.o(i.nrfx_is_in_ram)
    i.nrfx_is_in_ram                         0x00001ae4   Section        0  nrfx_uarte.o(i.nrfx_is_in_ram)
    nrfx_is_in_ram                           0x00001ae5   Thumb Code    16  nrfx_uarte.o(i.nrfx_is_in_ram)
    i.nrfx_prs_acquire                       0x00001af4   Section        0  nrfx_prs.o(i.nrfx_prs_acquire)
    i.nrfx_prs_release                       0x00001b24   Section        0  nrfx_prs.o(i.nrfx_prs_release)
    i.nrfx_spis_buffers_set                  0x00001b38   Section        0  nrfx_spis.o(i.nrfx_spis_buffers_set)
    i.nrfx_spis_init                         0x00001bb8   Section        0  nrfx_spis.o(i.nrfx_spis_init)
    i.nrfx_uart_0_irq_handler                0x00001d44   Section        0  nrfx_uart.o(i.nrfx_uart_0_irq_handler)
    i.nrfx_uart_init                         0x00001d54   Section        0  nrfx_uart.o(i.nrfx_uart_init)
    i.nrfx_uart_tx                           0x00001e28   Section        0  nrfx_uart.o(i.nrfx_uart_tx)
    i.nrfx_uart_tx_in_progress               0x00001ed0   Section        0  nrfx_uart.o(i.nrfx_uart_tx_in_progress)
    i.nrfx_uart_uninit                       0x00001ef0   Section        0  nrfx_uart.o(i.nrfx_uart_uninit)
    i.nrfx_uarte_0_irq_handler               0x00001fb0   Section        0  nrfx_uarte.o(i.nrfx_uarte_0_irq_handler)
    i.nrfx_uarte_init                        0x00001fc0   Section        0  nrfx_uarte.o(i.nrfx_uarte_init)
    i.nrfx_uarte_tx                          0x0000202c   Section        0  nrfx_uarte.o(i.nrfx_uarte_tx)
    i.nrfx_uarte_tx_in_progress              0x000020d8   Section        0  nrfx_uarte.o(i.nrfx_uarte_tx_in_progress)
    i.nrfx_uarte_uninit                      0x000020f4   Section        0  nrfx_uarte.o(i.nrfx_uarte_uninit)
    i.port_event_handle                      0x000021fc   Section        0  nrfx_gpiote.o(i.port_event_handle)
    port_event_handle                        0x000021fd   Thumb Code   202  nrfx_gpiote.o(i.port_event_handle)
    i.port_handler_polarity_get              0x000022cc   Section        0  nrfx_gpiote.o(i.port_handler_polarity_get)
    port_handler_polarity_get                0x000022cd   Thumb Code    12  nrfx_gpiote.o(i.port_handler_polarity_get)
    i.postfix_process                        0x000022dc   Section        0  nrf_log_str_formatter.o(i.postfix_process)
    postfix_process                          0x000022dd   Thumb Code    48  nrf_log_str_formatter.o(i.postfix_process)
    i.prefix_process                         0x00002318   Section        0  nrf_log_str_formatter.o(i.prefix_process)
    prefix_process                           0x00002319   Thumb Code    90  nrf_log_str_formatter.o(i.prefix_process)
    i.prs_box_get                            0x000023b0   Section        0  nrfx_prs.o(i.prs_box_get)
    prs_box_get                              0x000023b1   Thumb Code    14  nrfx_prs.o(i.prs_box_get)
    i.rx_byte                                0x000023c8   Section        0  nrfx_uart.o(i.rx_byte)
    rx_byte                                  0x000023c9   Thumb Code    50  nrfx_uart.o(i.rx_byte)
    i.rx_done_event                          0x000023fa   Section        0  nrfx_uart.o(i.rx_done_event)
    rx_done_event                            0x000023fb   Thumb Code    22  nrfx_uart.o(i.rx_done_event)
    i.rx_done_event                          0x00002410   Section        0  nrfx_uarte.o(i.rx_done_event)
    rx_done_event                            0x00002411   Thumb Code    22  nrfx_uarte.o(i.rx_done_event)
    i.serial_tx                              0x00002428   Section        0  nrf_log_backend_uart.o(i.serial_tx)
    serial_tx                                0x00002429   Thumb Code    54  nrf_log_backend_uart.o(i.serial_tx)
    i.spis_event_handler                     0x00002468   Section        0  main.o(i.spis_event_handler)
    i.spis_event_handler                     0x000024bc   Section        0  nrf_drv_spis.o(i.spis_event_handler)
    spis_event_handler                       0x000024bd   Thumb Code    10  nrf_drv_spis.o(i.spis_event_handler)
    i.spis_irq_handler                       0x000024cc   Section        0  nrfx_spis.o(i.spis_irq_handler)
    spis_irq_handler                         0x000024cd   Thumb Code   116  nrfx_spis.o(i.spis_irq_handler)
    i.spis_state_change                      0x00002540   Section        0  nrfx_spis.o(i.spis_state_change)
    spis_state_change                        0x00002541   Thumb Code    62  nrfx_spis.o(i.spis_state_change)
    i.std_n                                  0x00002580   Section        0  nrf_log_frontend.o(i.std_n)
    std_n                                    0x00002581   Thumb Code   140  nrf_log_frontend.o(i.std_n)
    i.tx_byte                                0x00002614   Section        0  nrfx_uart.o(i.tx_byte)
    tx_byte                                  0x00002615   Thumb Code    32  nrfx_uart.o(i.tx_byte)
    i.tx_done_event                          0x00002634   Section        0  nrfx_uart.o(i.tx_done_event)
    tx_done_event                            0x00002635   Thumb Code    26  nrfx_uart.o(i.tx_done_event)
    i.tx_done_event                          0x0000264e   Section        0  nrfx_uarte.o(i.tx_done_event)
    tx_done_event                            0x0000264f   Thumb Code    26  nrfx_uarte.o(i.tx_done_event)
    i.uart_evt_handler                       0x00002668   Section        0  nrf_drv_uart.o(i.uart_evt_handler)
    uart_evt_handler                         0x00002669   Thumb Code    42  nrf_drv_uart.o(i.uart_evt_handler)
    i.uart_evt_handler                       0x00002698   Section        0  nrf_log_backend_uart.o(i.uart_evt_handler)
    uart_evt_handler                         0x00002699   Thumb Code     8  nrf_log_backend_uart.o(i.uart_evt_handler)
    i.uart_init                              0x000026a4   Section        0  nrf_log_backend_uart.o(i.uart_init)
    uart_init                                0x000026a5   Thumb Code    66  nrf_log_backend_uart.o(i.uart_init)
    i.uart_irq_handler                       0x000026f4   Section        0  nrfx_uart.o(i.uart_irq_handler)
    uart_irq_handler                         0x000026f5   Thumb Code   298  nrfx_uart.o(i.uart_irq_handler)
    i.uarte_evt_handler                      0x00002820   Section        0  nrf_drv_uart.o(i.uarte_evt_handler)
    uarte_evt_handler                        0x00002821   Thumb Code    42  nrf_drv_uart.o(i.uarte_evt_handler)
    i.uarte_irq_handler                      0x00002850   Section        0  nrfx_uarte.o(i.uarte_irq_handler)
    uarte_irq_handler                        0x00002851   Thumb Code   274  nrfx_uarte.o(i.uarte_irq_handler)
    i.unsigned_print                         0x00002964   Section        0  nrf_fprintf_format.o(i.unsigned_print)
    unsigned_print                           0x00002965   Thumb Code   176  nrf_fprintf_format.o(i.unsigned_print)
    .constdata                               0x00002a18   Section       32  main.o(.constdata)
    spis                                     0x00002a18   Data           8  main.o(.constdata)
    .constdata                               0x00002a38   Section        8  boards.o(.constdata)
    m_board_led_list                         0x00002a38   Data           4  boards.o(.constdata)
    m_board_btn_list                         0x00002a3c   Data           4  boards.o(.constdata)
    .constdata                               0x00002a40   Section        8  nrfx_gpiote.o(.constdata)
    .constdata                               0x00002a48   Section        4  nrfx_spis.o(.constdata)
    irq_handlers                             0x00002a48   Data           4  nrfx_spis.o(.constdata)
    .constdata                               0x00002a4c   Section        4  nrfx_uart.o(.constdata)
    irq_handlers                             0x00002a4c   Data           4  nrfx_uart.o(.constdata)
    .constdata                               0x00002a50   Section        4  nrfx_uarte.o(.constdata)
    irq_handlers                             0x00002a50   Data           4  nrfx_uarte.o(.constdata)
    .constdata                               0x00002a54   Section       16  nrf_fprintf_format.o(.constdata)
    _aV2C                                    0x00002a54   Data          16  nrf_fprintf_format.o(.constdata)
    .constdata                               0x00002a64   Section       12  nrf_log_backend_uart.o(.constdata)
    .constdata                               0x00002a70   Section       32  nrf_log_backend_uart.o(.constdata)
    .constdata                               0x00002a90   Section       12  nrf_log_frontend.o(.constdata)
    m_log_push_ringbuf                       0x00002a90   Data          12  nrf_log_frontend.o(.constdata)
    .constdata                               0x00002a9c   Section      129  ctype_o.o(.constdata)
    .constdata                               0x00002b20   Section        4  ctype_o.o(.constdata)
    table                                    0x00002b20   Data           4  ctype_o.o(.constdata)
    .conststring                             0x00002b24   Section      102  nrf_log_str_formatter.o(.conststring)
    .conststrlit                             0x00002b8c   Section        7  nrfx_gpiote.o(.conststrlit)
    .conststrlit                             0x00002b94   Section        4  nrfx_prs.o(.conststrlit)
    .conststrlit                             0x00002b98   Section        5  nrfx_spis.o(.conststrlit)
    .conststrlit                             0x00002ba0   Section        5  nrfx_uart.o(.conststrlit)
    .conststrlit                             0x00002ba8   Section        6  nrfx_uarte.o(.conststrlit)
    .conststrlit                             0x00002bb0   Section       11  app_button.o(.conststrlit)
    .conststrlit                             0x00002bbc   Section       10  app_timer2.o(.conststrlit)
    .conststrlit                             0x00002bc8   Section        9  nrf_sortlist.o(.conststrlit)
    .conststrlit                             0x00002bd4   Section       17  nrf_log_default_backends.o(.conststrlit)
    .conststrlit                             0x00002be8   Section        4  nrf_log_frontend.o(.conststrlit)
    log_backends                             0x00002c0c   Section       16  nrf_log_default_backends.o(log_backends)
    __tagsym$$used                           0x00002c0c   Number         0  nrf_log_default_backends.o(log_backends)
    uart_log_backend                         0x00002c0c   Data          16  nrf_log_default_backends.o(log_backends)
    log_const_data                           0x00002c1c   Section        8  nrfx_gpiote.o(log_const_data)
    __tagsym$$used                           0x00002c1c   Number         0  nrfx_gpiote.o(log_const_data)
    log_const_data                           0x00002c24   Section        8  nrfx_prs.o(log_const_data)
    __tagsym$$used                           0x00002c24   Number         0  nrfx_prs.o(log_const_data)
    log_const_data                           0x00002c2c   Section        8  nrfx_spis.o(log_const_data)
    __tagsym$$used                           0x00002c2c   Number         0  nrfx_spis.o(log_const_data)
    log_const_data                           0x00002c34   Section        8  nrfx_uart.o(log_const_data)
    __tagsym$$used                           0x00002c34   Number         0  nrfx_uart.o(log_const_data)
    log_const_data                           0x00002c3c   Section        8  nrfx_uarte.o(log_const_data)
    __tagsym$$used                           0x00002c3c   Number         0  nrfx_uarte.o(log_const_data)
    log_const_data                           0x00002c44   Section        8  app_button.o(log_const_data)
    __tagsym$$used                           0x00002c44   Number         0  app_button.o(log_const_data)
    log_const_data                           0x00002c4c   Section        8  app_timer2.o(log_const_data)
    __tagsym$$used                           0x00002c4c   Number         0  app_timer2.o(log_const_data)
    log_const_data                           0x00002c54   Section        8  nrf_sortlist.o(log_const_data)
    __tagsym$$used                           0x00002c54   Number         0  nrf_sortlist.o(log_const_data)
    log_const_data                           0x00002c5c   Section        8  nrf_log_frontend.o(log_const_data)
    __tagsym$$used                           0x00002c5c   Number         0  nrf_log_frontend.o(log_const_data)
    nrf_balloc                               0x00002c64   Section       20  nrf_log_frontend.o(nrf_balloc)
    __tagsym$$used                           0x00002c64   Number         0  nrf_log_frontend.o(nrf_balloc)
    .data                                    0x20000000   Section       16  main.o(.data)
    spis_xfer_done                           0x20000000   Data           1  main.o(.data)
    m_tx_buf                                 0x20000001   Data           7  main.o(.data)
    m_rx_buf                                 0x20000008   Data           8  main.o(.data)
    .data                                    0x20000010   Section       20  nrf_drv_uart.o(.data)
    m_handlers                               0x20000014   Data           8  nrf_drv_uart.o(.data)
    m_contexts                               0x2000001c   Data           8  nrf_drv_uart.o(.data)
    .data                                    0x20000024   Section        8  nrfx_prs.o(.data)
    m_prs_box_4                              0x20000024   Data           8  nrfx_prs.o(.data)
    .data                                    0x2000002c   Section        4  app_util_platform.o(.data)
    m_in_critical_region                     0x2000002c   Data           4  app_util_platform.o(.data)
    .data                                    0x20000030   Section       12  drv_rtc.o(.data)
    m_handlers                               0x20000030   Data           4  drv_rtc.o(.data)
    m_cb                                     0x20000034   Data           8  drv_rtc.o(.data)
    .data                                    0x2000003c   Section       24  nrf_log_backend_uart.o(.data)
    m_xfer_done                              0x2000003c   Data           1  nrf_log_backend_uart.o(.data)
    m_async_mode                             0x2000003d   Data           1  nrf_log_backend_uart.o(.data)
    .data                                    0x20000054   Section        8  nrf_log_default_backends.o(.data)
    log_backend_cb_uart_log_backend          0x20000054   Data           8  nrf_log_default_backends.o(.data)
    .data                                    0x2000005c   Section        4  nrf_log_frontend.o(.data)
    m_buffer_mask                            0x2000005c   Data           4  nrf_log_frontend.o(.data)
    .data                                    0x20000060   Section        8  nrf_log_frontend.o(.data)
    log_mempool_nrf_balloc_pool_stack        0x20000060   Data           8  nrf_log_frontend.o(.data)
    .data                                    0x20000068   Section        8  nrf_log_frontend.o(.data)
    log_mempool_nrf_balloc_cb                0x20000068   Data           8  nrf_log_frontend.o(.data)
    .data                                    0x20000070   Section       64  nrf_log_str_formatter.o(.data)
    m_freq                                   0x20000070   Data           4  nrf_log_str_formatter.o(.data)
    m_timestamp_div                          0x20000074   Data           4  nrf_log_str_formatter.o(.data)
    severity_names                           0x20000078   Data          20  nrf_log_str_formatter.o(.data)
    m_colors                                 0x2000008c   Data          36  nrf_log_str_formatter.o(.data)
    .data                                    0x200000b0   Section        4  system_nrf52840.o(.data)
    __tagsym$$used                           0x200000b0   Number         0  system_nrf52840.o(.data)
    .bss                                     0x200000b4   Section       12  nrf_drv_spis.o(.bss)
    m_handlers                               0x200000b4   Data          12  nrf_drv_spis.o(.bss)
    .bss                                     0x200000c0   Section      108  nrfx_gpiote.o(.bss)
    m_cb                                     0x200000c0   Data         108  nrfx_gpiote.o(.bss)
    .bss                                     0x2000012c   Section       28  nrfx_spis.o(.bss)
    m_cb                                     0x2000012c   Data          28  nrfx_spis.o(.bss)
    .bss                                     0x20000148   Section       44  nrfx_uart.o(.bss)
    m_cb                                     0x20000148   Data          44  nrfx_uart.o(.bss)
    .bss                                     0x20000174   Section       36  nrfx_uarte.o(.bss)
    m_cb                                     0x20000174   Data          36  nrfx_uarte.o(.bss)
    .bss                                     0x20000198   Section       64  nrf_log_backend_uart.o(.bss)
    m_string_buff                            0x20000198   Data          64  nrf_log_backend_uart.o(.bss)
    .bss                                     0x200001d8   Section      192  nrf_log_frontend.o(.bss)
    log_mempool_nrf_balloc_pool_mem          0x200001d8   Data         192  nrf_log_frontend.o(.bss)
    .bss                                     0x20000298   Section      128  nrf_log_frontend.o(.bss)
    m_log_push_ringbuf_buf                   0x20000298   Data         128  nrf_log_frontend.o(.bss)
    .bss                                     0x20000318   Section       24  nrf_log_frontend.o(.bss)
    m_log_push_ringbuf_cb                    0x20000318   Data          24  nrf_log_frontend.o(.bss)
    .bss                                     0x20000330   Section     1056  nrf_log_frontend.o(.bss)
    m_log_data                               0x20000330   Data        1056  nrf_log_frontend.o(.bss)
    STACK                                    0x20000750   Section     8192  arm_startup_nrf52840.o(STACK)

    Global Symbols

    Symbol Name                              Value     Ov Type        Size  Object(Section)

    BuildAttributes$$THM_ISAv4$E$P$D$K$B$S$7EM$VFPi3$EXTD16$VFPS$VFMA$PE$A:L22UL41UL21$X:L11$S22US41US21$IEEE1$IW$USESV6$~STKCKD$USESV7$~SHL$OSPACE$ROPI$EBA8$MICROLIB$REQ8$EABIv2 0x00000000   Number         0  anon$$obj.o ABSOLUTE
    __ARM_use_no_argv                        0x00000000   Number         0  main.o ABSOLUTE
    __Vectors                                0x00000000   Data           4  arm_startup_nrf52840.o(RESET)
    __use_no_errno                           0x00000000   Number         0  useno.o ABSOLUTE
    __use_no_exception_handling              0x00000000   Number         0  useno.o ABSOLUTE
    __use_no_fp                              0x00000000   Number         0  useno.o ABSOLUTE
    __use_no_heap                            0x00000000   Number         0  useno.o ABSOLUTE
    __use_no_heap_region                     0x00000000   Number         0  useno.o ABSOLUTE
    __use_no_semihosting                     0x00000000   Number         0  useno.o ABSOLUTE
    __use_no_semihosting_swi                 0x00000000   Number         0  useno.o ABSOLUTE
    __use_no_signal_handling                 0x00000000   Number         0  useno.o ABSOLUTE
    _printf_a                                0x00000000   Number         0  stubs.o ABSOLUTE
    _printf_c                                0x00000000   Number         0  stubs.o ABSOLUTE
    _printf_charcount                        0x00000000   Number         0  stubs.o ABSOLUTE
    _printf_d                                0x00000000   Number         0  stubs.o ABSOLUTE
    _printf_e                                0x00000000   Number         0  stubs.o ABSOLUTE
    _printf_f                                0x00000000   Number         0  stubs.o ABSOLUTE
    _printf_flags                            0x00000000   Number         0  stubs.o ABSOLUTE
    _printf_fp_dec                           0x00000000   Number         0  stubs.o ABSOLUTE
    _printf_fp_hex                           0x00000000   Number         0  stubs.o ABSOLUTE
    _printf_g                                0x00000000   Number         0  stubs.o ABSOLUTE
    _printf_i                                0x00000000   Number         0  stubs.o ABSOLUTE
    _printf_int_dec                          0x00000000   Number         0  stubs.o ABSOLUTE
    _printf_l                                0x00000000   Number         0  stubs.o ABSOLUTE
    _printf_lc                               0x00000000   Number         0  stubs.o ABSOLUTE
    _printf_ll                               0x00000000   Number         0  stubs.o ABSOLUTE
    _printf_lld                              0x00000000   Number         0  stubs.o ABSOLUTE
    _printf_lli                              0x00000000   Number         0  stubs.o ABSOLUTE
    _printf_llo                              0x00000000   Number         0  stubs.o ABSOLUTE
    _printf_llu                              0x00000000   Number         0  stubs.o ABSOLUTE
    _printf_llx                              0x00000000   Number         0  stubs.o ABSOLUTE
    _printf_longlong_dec                     0x00000000   Number         0  stubs.o ABSOLUTE
    _printf_longlong_hex                     0x00000000   Number         0  stubs.o ABSOLUTE
    _printf_longlong_oct                     0x00000000   Number         0  stubs.o ABSOLUTE
    _printf_ls                               0x00000000   Number         0  stubs.o ABSOLUTE
    _printf_mbtowc                           0x00000000   Number         0  stubs.o ABSOLUTE
    _printf_n                                0x00000000   Number         0  stubs.o ABSOLUTE
    _printf_o                                0x00000000   Number         0  stubs.o ABSOLUTE
    _printf_p                                0x00000000   Number         0  stubs.o ABSOLUTE
    _printf_percent                          0x00000000   Number         0  stubs.o ABSOLUTE
    _printf_pre_padding                      0x00000000   Number         0  stubs.o ABSOLUTE
    _printf_return_value                     0x00000000   Number         0  stubs.o ABSOLUTE
    _printf_s                                0x00000000   Number         0  stubs.o ABSOLUTE
    _printf_sizespec                         0x00000000   Number         0  stubs.o ABSOLUTE
    _printf_str                              0x00000000   Number         0  stubs.o ABSOLUTE
    _printf_truncate_signed                  0x00000000   Number         0  stubs.o ABSOLUTE
    _printf_truncate_unsigned                0x00000000   Number         0  stubs.o ABSOLUTE
    _printf_u                                0x00000000   Number         0  stubs.o ABSOLUTE
    _printf_wc                               0x00000000   Number         0  stubs.o ABSOLUTE
    _printf_wctomb                           0x00000000   Number         0  stubs.o ABSOLUTE
    _printf_widthprec                        0x00000000   Number         0  stubs.o ABSOLUTE
    _printf_x                                0x00000000   Number         0  stubs.o ABSOLUTE
    __cpp_initialize__aeabi_                  - Undefined Weak Reference
    __cxa_finalize                            - Undefined Weak Reference
    __decompress                              - Undefined Weak Reference
    _clock_init                               - Undefined Weak Reference
    _microlib_exit                            - Undefined Weak Reference
    log_dynamic_data$$Base                    - Undefined Reference
    __Vectors_End                            0x00000200   Data           0  arm_startup_nrf52840.o(RESET)
    __Vectors_Size                           0x00000200   Number         0  arm_startup_nrf52840.o ABSOLUTE
    __main                                   0x00000201   Thumb Code     0  entry.o(.ARM.Collect$$$$00000000)
    _main_stk                                0x00000201   Thumb Code     0  entry2.o(.ARM.Collect$$$$00000001)
    _main_scatterload                        0x00000205   Thumb Code     0  entry5.o(.ARM.Collect$$$$00000004)
    __main_after_scatterload                 0x00000209   Thumb Code     0  entry5.o(.ARM.Collect$$$$00000004)
    _main_clock                              0x00000209   Thumb Code     0  entry7b.o(.ARM.Collect$$$$00000008)
    _main_cpp_init                           0x00000209   Thumb Code     0  entry8b.o(.ARM.Collect$$$$0000000A)
    _main_init                               0x00000209   Thumb Code     0  entry9a.o(.ARM.Collect$$$$0000000B)
    __rt_final_cpp                           0x00000211   Thumb Code     0  entry10a.o(.ARM.Collect$$$$0000000D)
    __rt_final_exit                          0x00000211   Thumb Code     0  entry11a.o(.ARM.Collect$$$$0000000F)
    __asm___12_nrf_atomic_c_85ca2469__nrf_atomic_internal_mov 0x00000215   Thumb Code    24  nrf_atomic.o(.emb_text)
    __asm___12_nrf_atomic_c_85ca2469__nrf_atomic_internal_orr 0x0000022d   Thumb Code    26  nrf_atomic.o(.emb_text)
    __asm___12_nrf_atomic_c_85ca2469__nrf_atomic_internal_and 0x00000247   Thumb Code    26  nrf_atomic.o(.emb_text)
    __asm___12_nrf_atomic_c_85ca2469__nrf_atomic_internal_eor 0x00000261   Thumb Code    26  nrf_atomic.o(.emb_text)
    __asm___12_nrf_atomic_c_85ca2469__nrf_atomic_internal_add 0x0000027b   Thumb Code    26  nrf_atomic.o(.emb_text)
    __asm___12_nrf_atomic_c_85ca2469__nrf_atomic_internal_sub 0x00000295   Thumb Code    26  nrf_atomic.o(.emb_text)
    __asm___12_nrf_atomic_c_85ca2469__nrf_atomic_internal_cmp_exch 0x000002af   Thumb Code    42  nrf_atomic.o(.emb_text)
    __asm___12_nrf_atomic_c_85ca2469__nrf_atomic_internal_sub_hs 0x000002d9   Thumb Code    30  nrf_atomic.o(.emb_text)
    Reset_Handler                            0x000002f9   Thumb Code     8  arm_startup_nrf52840.o(.text)
    NMI_Handler                              0x00000301   Thumb Code     2  arm_startup_nrf52840.o(.text)
    HardFault_Handler                        0x00000303   Thumb Code     2  arm_startup_nrf52840.o(.text)
    MemoryManagement_Handler                 0x00000305   Thumb Code     2  arm_startup_nrf52840.o(.text)
    BusFault_Handler                         0x00000307   Thumb Code     2  arm_startup_nrf52840.o(.text)
    UsageFault_Handler                       0x00000309   Thumb Code     2  arm_startup_nrf52840.o(.text)
    SVC_Handler                              0x0000030b   Thumb Code     2  arm_startup_nrf52840.o(.text)
    DebugMon_Handler                         0x0000030d   Thumb Code     2  arm_startup_nrf52840.o(.text)
    PendSV_Handler                           0x0000030f   Thumb Code     2  arm_startup_nrf52840.o(.text)
    SysTick_Handler                          0x00000311   Thumb Code     2  arm_startup_nrf52840.o(.text)
    CCM_AAR_IRQHandler                       0x00000313   Thumb Code     0  arm_startup_nrf52840.o(.text)
    COMP_LPCOMP_IRQHandler                   0x00000313   Thumb Code     0  arm_startup_nrf52840.o(.text)
    CRYPTOCELL_IRQHandler                    0x00000313   Thumb Code     0  arm_startup_nrf52840.o(.text)
    ECB_IRQHandler                           0x00000313   Thumb Code     0  arm_startup_nrf52840.o(.text)
    FPU_IRQHandler                           0x00000313   Thumb Code     0  arm_startup_nrf52840.o(.text)
    I2S_IRQHandler                           0x00000313   Thumb Code     0  arm_startup_nrf52840.o(.text)
    MWU_IRQHandler                           0x00000313   Thumb Code     0  arm_startup_nrf52840.o(.text)
    NFCT_IRQHandler                          0x00000313   Thumb Code     0  arm_startup_nrf52840.o(.text)
    PDM_IRQHandler                           0x00000313   Thumb Code     0  arm_startup_nrf52840.o(.text)
    POWER_CLOCK_IRQHandler                   0x00000313   Thumb Code     0  arm_startup_nrf52840.o(.text)
    PWM0_IRQHandler                          0x00000313   Thumb Code     0  arm_startup_nrf52840.o(.text)
    PWM1_IRQHandler                          0x00000313   Thumb Code     0  arm_startup_nrf52840.o(.text)
    PWM2_IRQHandler                          0x00000313   Thumb Code     0  arm_startup_nrf52840.o(.text)
    PWM3_IRQHandler                          0x00000313   Thumb Code     0  arm_startup_nrf52840.o(.text)
    QDEC_IRQHandler                          0x00000313   Thumb Code     0  arm_startup_nrf52840.o(.text)
    QSPI_IRQHandler                          0x00000313   Thumb Code     0  arm_startup_nrf52840.o(.text)
    RADIO_IRQHandler                         0x00000313   Thumb Code     0  arm_startup_nrf52840.o(.text)
    RNG_IRQHandler                           0x00000313   Thumb Code     0  arm_startup_nrf52840.o(.text)
    RTC0_IRQHandler                          0x00000313   Thumb Code     0  arm_startup_nrf52840.o(.text)
    RTC2_IRQHandler                          0x00000313   Thumb Code     0  arm_startup_nrf52840.o(.text)
    SAADC_IRQHandler                         0x00000313   Thumb Code     0  arm_startup_nrf52840.o(.text)
    SPIM0_SPIS0_TWIM0_TWIS0_SPI0_TWI0_IRQHandler 0x00000313   Thumb Code     0  arm_startup_nrf52840.o(.text)
    SPIM2_SPIS2_SPI2_IRQHandler              0x00000313   Thumb Code     0  arm_startup_nrf52840.o(.text)
    SPIM3_IRQHandler                         0x00000313   Thumb Code     0  arm_startup_nrf52840.o(.text)
    SWI0_EGU0_IRQHandler                     0x00000313   Thumb Code     0  arm_startup_nrf52840.o(.text)
    SWI1_EGU1_IRQHandler                     0x00000313   Thumb Code     0  arm_startup_nrf52840.o(.text)
    SWI2_EGU2_IRQHandler                     0x00000313   Thumb Code     0  arm_startup_nrf52840.o(.text)
    SWI3_EGU3_IRQHandler                     0x00000313   Thumb Code     0  arm_startup_nrf52840.o(.text)
    SWI4_EGU4_IRQHandler                     0x00000313   Thumb Code     0  arm_startup_nrf52840.o(.text)
    SWI5_EGU5_IRQHandler                     0x00000313   Thumb Code     0  arm_startup_nrf52840.o(.text)
    TEMP_IRQHandler                          0x00000313   Thumb Code     0  arm_startup_nrf52840.o(.text)
    TIMER0_IRQHandler                        0x00000313   Thumb Code     0  arm_startup_nrf52840.o(.text)
    TIMER1_IRQHandler                        0x00000313   Thumb Code     0  arm_startup_nrf52840.o(.text)
    TIMER2_IRQHandler                        0x00000313   Thumb Code     0  arm_startup_nrf52840.o(.text)
    TIMER3_IRQHandler                        0x00000313   Thumb Code     0  arm_startup_nrf52840.o(.text)
    TIMER4_IRQHandler                        0x00000313   Thumb Code     0  arm_startup_nrf52840.o(.text)
    UARTE1_IRQHandler                        0x00000313   Thumb Code     0  arm_startup_nrf52840.o(.text)
    USBD_IRQHandler                          0x00000313   Thumb Code     0  arm_startup_nrf52840.o(.text)
    WDT_IRQHandler                           0x00000313   Thumb Code     0  arm_startup_nrf52840.o(.text)
    __rt_ctype_table                         0x0000031d   Thumb Code     4  ctype_o.o(.text)
    __aeabi_memcpy                           0x00000325   Thumb Code    36  memcpya.o(.text)
    __aeabi_memcpy4                          0x00000325   Thumb Code     0  memcpya.o(.text)
    __aeabi_memcpy8                          0x00000325   Thumb Code     0  memcpya.o(.text)
    __aeabi_memset                           0x00000349   Thumb Code    14  memseta.o(.text)
    __aeabi_memset4                          0x00000349   Thumb Code     0  memseta.o(.text)
    __aeabi_memset8                          0x00000349   Thumb Code     0  memseta.o(.text)
    __aeabi_memclr                           0x00000357   Thumb Code     4  memseta.o(.text)
    __aeabi_memclr4                          0x00000357   Thumb Code     0  memseta.o(.text)
    __aeabi_memclr8                          0x00000357   Thumb Code     0  memseta.o(.text)
    _memset$wrapper                          0x0000035b   Thumb Code    18  memseta.o(.text)
    strlen                                   0x0000036d   Thumb Code    14  strlen.o(.text)
    __scatterload                            0x0000037d   Thumb Code    28  init.o(.text)
    __scatterload_rt2                        0x0000037d   Thumb Code     0  init.o(.text)
    GPIOTE_IRQHandler                        0x000003a1   Thumb Code   156  nrfx_gpiote.o(i.GPIOTE_IRQHandler)
    RTC1_IRQHandler                          0x00000445   Thumb Code    12  drv_rtc.o(i.RTC1_IRQHandler)
    SPIM1_SPIS1_TWIM1_TWIS1_SPI1_TWI1_IRQHandler 0x00000455   Thumb Code    10  nrfx_spis.o(i.SPIM1_SPIS1_TWIM1_TWIS1_SPI1_TWI1_IRQHandler)
    SystemInit                               0x00000465   Thumb Code   516  system_nrf52840.o(i.SystemInit)
    UARTE0_UART0_IRQHandler                  0x000006ad   Thumb Code     6  nrfx_prs.o(i.UARTE0_UART0_IRQHandler)
    __scatterload_copy                       0x000006b9   Thumb Code    14  handlers.o(i.__scatterload_copy)
    __scatterload_null                       0x000006c7   Thumb Code     2  handlers.o(i.__scatterload_null)
    __scatterload_zeroinit                   0x000006c9   Thumb Code    14  handlers.o(i.__scatterload_zeroinit)
    app_error_fault_handler                  0x000006d9   Thumb Code    86  app_error_weak.o(i.app_error_fault_handler)
    app_error_handler_bare                   0x0000075d   Thumb Code    22  app_error.o(i.app_error_handler_bare)
    app_util_critical_region_enter           0x00000773   Thumb Code     4  app_util_platform.o(i.app_util_critical_region_enter)
    app_util_critical_region_exit            0x00000777   Thumb Code     4  app_util_platform.o(i.app_util_critical_region_exit)
    app_util_disable_irq                     0x0000077d   Thumb Code    12  app_util_platform.o(i.app_util_disable_irq)
    app_util_enable_irq                      0x0000078d   Thumb Code    14  app_util_platform.o(i.app_util_enable_irq)
    bsp_board_init                           0x0000088d   Thumb Code    80  boards.o(i.bsp_board_init)
    bsp_board_led_invert                     0x000008e1   Thumb Code    40  boards.o(i.bsp_board_led_invert)
    bsp_board_led_off                        0x0000090d   Thumb Code    10  boards.o(i.bsp_board_led_off)
    bsp_board_leds_off                       0x0000091d   Thumb Code    18  boards.o(i.bsp_board_leds_off)
    buffer_is_empty                          0x000009ed   Thumb Code    18  nrf_log_frontend.o(i.buffer_is_empty)
    main                                     0x00000c31   Thumb Code   158  main.o(i.main)
    nrf_atomic_flag_clear_fetch              0x00000da5   Thumb Code     6  nrf_atomic.o(i.nrf_atomic_flag_clear_fetch)
    nrf_atomic_flag_set                      0x00000dab   Thumb Code     6  nrf_atomic.o(i.nrf_atomic_flag_set)
    nrf_atomic_u32_add                       0x00000db1   Thumb Code    12  nrf_atomic.o(i.nrf_atomic_u32_add)
    nrf_atomic_u32_fetch_and                 0x00000dbd   Thumb Code    10  nrf_atomic.o(i.nrf_atomic_u32_fetch_and)
    nrf_atomic_u32_fetch_store               0x00000dc7   Thumb Code    10  nrf_atomic.o(i.nrf_atomic_u32_fetch_store)
    nrf_atomic_u32_or                        0x00000dd1   Thumb Code    12  nrf_atomic.o(i.nrf_atomic_u32_or)
    nrf_atomic_u32_sub                       0x00000ddd   Thumb Code    12  nrf_atomic.o(i.nrf_atomic_u32_sub)
    nrf_balloc_alloc                         0x00000de9   Thumb Code    62  nrf_balloc.o(i.nrf_balloc_alloc)
    nrf_balloc_free                          0x00000e27   Thumb Code    42  nrf_balloc.o(i.nrf_balloc_free)
    nrf_balloc_init                          0x00000e51   Thumb Code    48  nrf_balloc.o(i.nrf_balloc_init)
    nrf_drv_spis_init                        0x00000e91   Thumb Code    18  nrf_drv_spis.o(i.nrf_drv_spis_init)
    nrf_drv_uart_init                        0x00000ead   Thumb Code    90  nrf_drv_uart.o(i.nrf_drv_uart_init)
    nrf_fprintf                              0x00000f15   Thumb Code    26  nrf_fprintf.o(i.nrf_fprintf)
    nrf_fprintf_buffer_flush                 0x00000f2f   Thumb Code    24  nrf_fprintf.o(i.nrf_fprintf_buffer_flush)
    nrf_fprintf_fmt                          0x00000f47   Thumb Code   474  nrf_fprintf_format.o(i.nrf_fprintf_fmt)
    nrf_log_backend_add                      0x000013a1   Thumb Code    86  nrf_log_frontend.o(i.nrf_log_backend_add)
    nrf_log_backend_serial_put               0x000013fd   Thumb Code   200  nrf_log_backend_serial.o(i.nrf_log_backend_serial_put)
    nrf_log_backend_uart_init                0x000014c7   Thumb Code     6  nrf_log_backend_uart.o(i.nrf_log_backend_uart_init)
    nrf_log_color_id_get                     0x00001511   Thumb Code    42  nrf_log_frontend.o(i.nrf_log_color_id_get)
    nrf_log_default_backends_init            0x00001541   Thumb Code    24  nrf_log_default_backends.o(i.nrf_log_default_backends_init)
    nrf_log_frontend_dequeue                 0x0000155d   Thumb Code   522  nrf_log_frontend.o(i.nrf_log_frontend_dequeue)
    nrf_log_frontend_std_0                   0x00001791   Thumb Code     8  nrf_log_frontend.o(i.nrf_log_frontend_std_0)
    nrf_log_frontend_std_1                   0x00001799   Thumb Code    14  nrf_log_frontend.o(i.nrf_log_frontend_std_1)
    nrf_log_hexdump_entry_process            0x000017a9   Thumb Code   150  nrf_log_str_formatter.o(i.nrf_log_hexdump_entry_process)
    nrf_log_init                             0x00001859   Thumb Code    28  nrf_log_frontend.o(i.nrf_log_init)
    nrf_log_module_cnt_get                   0x00001881   Thumb Code    10  nrf_log_frontend.o(i.nrf_log_module_cnt_get)
    nrf_log_module_name_get                  0x00001895   Thumb Code    24  nrf_log_frontend.o(i.nrf_log_module_name_get)
    nrf_log_panic                            0x000018b1   Thumb Code    36  nrf_log_frontend.o(i.nrf_log_panic)
    nrf_log_std_entry_process                0x000018d9   Thumb Code   182  nrf_log_str_formatter.o(i.nrf_log_std_entry_process)
    nrf_memobj_alloc                         0x0000198f   Thumb Code    96  nrf_memobj.o(i.nrf_memobj_alloc)
    nrf_memobj_free                          0x000019ef   Thumb Code    50  nrf_memobj.o(i.nrf_memobj_free)
    nrf_memobj_get                           0x00001a21   Thumb Code     8  nrf_memobj.o(i.nrf_memobj_get)
    nrf_memobj_pool_init                     0x00001a29   Thumb Code     4  nrf_memobj.o(i.nrf_memobj_pool_init)
    nrf_memobj_put                           0x00001a2d   Thumb Code    30  nrf_memobj.o(i.nrf_memobj_put)
    nrf_memobj_read                          0x00001a4b   Thumb Code    16  nrf_memobj.o(i.nrf_memobj_read)
    nrf_memobj_write                         0x00001a5b   Thumb Code    16  nrf_memobj.o(i.nrf_memobj_write)
    nrf_ringbuf_init                         0x00001a6b   Thumb Code    28  nrf_ringbuf.o(i.nrf_ringbuf_init)
    nrfx_prs_acquire                         0x00001af5   Thumb Code    48  nrfx_prs.o(i.nrfx_prs_acquire)
    nrfx_prs_release                         0x00001b25   Thumb Code    18  nrfx_prs.o(i.nrfx_prs_release)
    nrfx_spis_buffers_set                    0x00001b39   Thumb Code   124  nrfx_spis.o(i.nrfx_spis_buffers_set)
    nrfx_spis_init                           0x00001bb9   Thumb Code   386  nrfx_spis.o(i.nrfx_spis_init)
    nrfx_uart_0_irq_handler                  0x00001d45   Thumb Code     8  nrfx_uart.o(i.nrfx_uart_0_irq_handler)
    nrfx_uart_init                           0x00001d55   Thumb Code   200  nrfx_uart.o(i.nrfx_uart_init)
    nrfx_uart_tx                             0x00001e29   Thumb Code   162  nrfx_uart.o(i.nrfx_uart_tx)
    nrfx_uart_tx_in_progress                 0x00001ed1   Thumb Code    26  nrfx_uart.o(i.nrfx_uart_tx_in_progress)
    nrfx_uart_uninit                         0x00001ef1   Thumb Code   182  nrfx_uart.o(i.nrfx_uart_uninit)
    nrfx_uarte_0_irq_handler                 0x00001fb1   Thumb Code     8  nrfx_uarte.o(i.nrfx_uarte_0_irq_handler)
    nrfx_uarte_init                          0x00001fc1   Thumb Code   100  nrfx_uarte.o(i.nrfx_uarte_init)
    nrfx_uarte_tx                            0x0000202d   Thumb Code   166  nrfx_uarte.o(i.nrfx_uarte_tx)
    nrfx_uarte_tx_in_progress                0x000020d9   Thumb Code    22  nrfx_uarte.o(i.nrfx_uarte_tx_in_progress)
    nrfx_uarte_uninit                        0x000020f5   Thumb Code   254  nrfx_uarte.o(i.nrfx_uarte_uninit)
    spis_event_handler                       0x00002469   Thumb Code    36  main.o(i.spis_event_handler)
    nrf_log_backend_uart_api                 0x00002a64   Data          12  nrf_log_backend_uart.o(.constdata)
    __ctype_table                            0x00002a9c   Data         129  ctype_o.o(.constdata)
    Region$$Table$$Base                      0x00002bec   Number         0  anon$$obj.o(Region$$Table)
    Region$$Table$$Limit                     0x00002c0c   Number         0  anon$$obj.o(Region$$Table)
    log_const_data$$Base                     0x00002c1c   Number         0  nrfx_gpiote.o(log_const_data)
    m_nrf_log_GPIOTE_logs_data_const         0x00002c1c   Data           8  nrfx_gpiote.o(log_const_data)
    m_nrf_log_PRS_logs_data_const            0x00002c24   Data           8  nrfx_prs.o(log_const_data)
    m_nrf_log_SPIS_logs_data_const           0x00002c2c   Data           8  nrfx_spis.o(log_const_data)
    m_nrf_log_UART_logs_data_const           0x00002c34   Data           8  nrfx_uart.o(log_const_data)
    m_nrf_log_UARTE_logs_data_const          0x00002c3c   Data           8  nrfx_uarte.o(log_const_data)
    m_nrf_log_app_button_logs_data_const     0x00002c44   Data           8  app_button.o(log_const_data)
    m_nrf_log_app_timer_logs_data_const      0x00002c4c   Data           8  app_timer2.o(log_const_data)
    m_nrf_log_sortlist_logs_data_const       0x00002c54   Data           8  nrf_sortlist.o(log_const_data)
    m_nrf_log_app_logs_data_const            0x00002c5c   Data           8  nrf_log_frontend.o(log_const_data)
    log_const_data$$Limit                    0x00002c64   Number         0  nrf_log_frontend.o(log_const_data)
    log_mempool                              0x00002c64   Data          20  nrf_log_frontend.o(nrf_balloc)
    nrf_drv_uart_use_easy_dma                0x20000010   Data           2  nrf_drv_uart.o(.data)
    m_uart                                   0x20000040   Data          20  nrf_log_backend_uart.o(.data)
    SystemCoreClock                          0x200000b0   Data           4  system_nrf52840.o(.data)
    __initial_sp                             0x20002750   Data           0  arm_startup_nrf52840.o(STACK)



==============================================================================

Memory Map of the image

  Image Entry point : 0x00000201

  Load Region LR_IROM1 (Base: 0x00000000, Size: 0x00002d2c, Max: 0x00100000, ABSOLUTE)

    Execution Region ER_IROM1 (Exec base: 0x00000000, Load base: 0x00000000, Size: 0x00002c78, Max: 0x00100000, ABSOLUTE)

    Exec Addr    Load Addr    Size         Type   Attr      Idx    E Section Name        Object

    0x00000000   0x00000000   0x00000200   Data   RO         3535    RESET               arm_startup_nrf52840.o
    0x00000200   0x00000200   0x00000000   Code   RO         3591  * .ARM.Collect$$$$00000000  mc_w.l(entry.o)
    0x00000200   0x00000200   0x00000004   Code   RO         3904    .ARM.Collect$$$$00000001  mc_w.l(entry2.o)
    0x00000204   0x00000204   0x00000004   Code   RO         3907    .ARM.Collect$$$$00000004  mc_w.l(entry5.o)
    0x00000208   0x00000208   0x00000000   Code   RO         3909    .ARM.Collect$$$$00000008  mc_w.l(entry7b.o)
    0x00000208   0x00000208   0x00000000   Code   RO         3911    .ARM.Collect$$$$0000000A  mc_w.l(entry8b.o)
    0x00000208   0x00000208   0x00000008   Code   RO         3912    .ARM.Collect$$$$0000000B  mc_w.l(entry9a.o)
    0x00000210   0x00000210   0x00000000   Code   RO         3914    .ARM.Collect$$$$0000000D  mc_w.l(entry10a.o)
    0x00000210   0x00000210   0x00000000   Code   RO         3916    .ARM.Collect$$$$0000000F  mc_w.l(entry11a.o)
    0x00000210   0x00000210   0x00000004   Code   RO         3905    .ARM.Collect$$$$00002712  mc_w.l(entry2.o)
    0x00000214   0x00000214   0x000000e2   Code   RO         2284    .emb_text           nrf_atomic.o
    0x000002f6   0x000002f6   0x00000002   PAD
    0x000002f8   0x000002f8   0x00000024   Code   RO         3536    .text               arm_startup_nrf52840.o
    0x0000031c   0x0000031c   0x00000008   Code   RO         3603    .text               mc_w.l(ctype_o.o)
    0x00000324   0x00000324   0x00000024   Code   RO         3631    .text               mc_w.l(memcpya.o)
    0x00000348   0x00000348   0x00000024   Code   RO         3633    .text               mc_w.l(memseta.o)
    0x0000036c   0x0000036c   0x0000000e   Code   RO         3635    .text               mc_w.l(strlen.o)
    0x0000037a   0x0000037a   0x00000002   PAD
    0x0000037c   0x0000037c   0x00000024   Code   RO         3935    .text               mc_w.l(init.o)
    0x000003a0   0x000003a0   0x000000a4   Code   RO          686    i.GPIOTE_IRQHandler  nrfx_gpiote.o
    0x00000444   0x00000444   0x00000010   Code   RO         2018    i.RTC1_IRQHandler   drv_rtc.o
    0x00000454   0x00000454   0x00000010   Code   RO         1074    i.SPIM1_SPIS1_TWIM1_TWIS1_SPI1_TWI1_IRQHandler  nrfx_spis.o
    0x00000464   0x00000464   0x00000248   Code   RO         3544    i.SystemInit        system_nrf52840.o
    0x000006ac   0x000006ac   0x0000000c   Code   RO         1020    i.UARTE0_UART0_IRQHandler  nrfx_prs.o
    0x000006b8   0x000006b8   0x0000000e   Code   RO         3943    i.__scatterload_copy  mc_w.l(handlers.o)
    0x000006c6   0x000006c6   0x00000002   Code   RO         3944    i.__scatterload_null  mc_w.l(handlers.o)
    0x000006c8   0x000006c8   0x0000000e   Code   RO         3945    i.__scatterload_zeroinit  mc_w.l(handlers.o)
    0x000006d6   0x000006d6   0x00000002   PAD
    0x000006d8   0x000006d8   0x00000084   Code   RO         1720    i.app_error_fault_handler  app_error_weak.o
    0x0000075c   0x0000075c   0x00000016   Code   RO         1660    i.app_error_handler_bare  app_error.o
    0x00000772   0x00000772   0x00000004   Code   RO         1956    i.app_util_critical_region_enter  app_util_platform.o
    0x00000776   0x00000776   0x00000004   Code   RO         1957    i.app_util_critical_region_exit  app_util_platform.o
    0x0000077a   0x0000077a   0x00000002   PAD
    0x0000077c   0x0000077c   0x00000010   Code   RO         1958    i.app_util_disable_irq  app_util_platform.o
    0x0000078c   0x0000078c   0x00000014   Code   RO         1959    i.app_util_enable_irq  app_util_platform.o
    0x000007a0   0x000007a0   0x00000076   Code   RO         1180    i.apply_config      nrfx_uart.o
    0x00000816   0x00000816   0x00000076   Code   RO         1372    i.apply_config      nrfx_uarte.o
    0x0000088c   0x0000088c   0x00000054   Code   RO          232    i.bsp_board_init    boards.o
    0x000008e0   0x000008e0   0x0000002c   Code   RO          234    i.bsp_board_led_invert  boards.o
    0x0000090c   0x0000090c   0x00000010   Code   RO          235    i.bsp_board_led_off  boards.o
    0x0000091c   0x0000091c   0x00000012   Code   RO          238    i.bsp_board_leds_off  boards.o
    0x0000092e   0x0000092e   0x00000002   PAD
    0x00000930   0x00000930   0x0000008c   Code   RO         2936    i.buf_prealloc      nrf_log_frontend.o
    0x000009bc   0x000009bc   0x0000002e   Code   RO         2499    i.buffer_add        nrf_fprintf_format.o
    0x000009ea   0x000009ea   0x00000002   PAD
    0x000009ec   0x000009ec   0x00000018   Code   RO         2937    i.buffer_is_empty   nrf_log_frontend.o
    0x00000a04   0x00000a04   0x00000010   Code   RO          689    i.channel_port_get  nrfx_gpiote.o
    0x00000a14   0x00000a14   0x00000014   Code   RO         2938    i.dropped_sat16_get  nrf_log_frontend.o
    0x00000a28   0x00000a28   0x000000a6   Code   RO         2500    i.int_print         nrf_fprintf_format.o
    0x00000ace   0x00000ace   0x00000002   PAD
    0x00000ad0   0x00000ad0   0x00000088   Code   RO         1373    i.interrupts_enable  nrfx_uarte.o
    0x00000b58   0x00000b58   0x00000034   Code   RO         2939    i.invalid_packets_omit  nrf_log_frontend.o
    0x00000b8c   0x00000b8c   0x000000a4   Code   RO         2940    i.log_skip          nrf_log_frontend.o
    0x00000c30   0x00000c30   0x000000c4   Code   RO            4    i.main              main.o
    0x00000cf4   0x00000cf4   0x0000007e   Code   RO         2539    i.memobj_op         nrf_memobj.o
    0x00000d72   0x00000d72   0x00000002   PAD
    0x00000d74   0x00000d74   0x00000030   Code   RO         2941    i.module_idx_get    nrf_log_frontend.o
    0x00000da4   0x00000da4   0x00000006   Code   RO         2286    i.nrf_atomic_flag_clear_fetch  nrf_atomic.o
    0x00000daa   0x00000daa   0x00000006   Code   RO         2287    i.nrf_atomic_flag_set  nrf_atomic.o
    0x00000db0   0x00000db0   0x0000000c   Code   RO         2289    i.nrf_atomic_u32_add  nrf_atomic.o
    0x00000dbc   0x00000dbc   0x0000000a   Code   RO         2293    i.nrf_atomic_u32_fetch_and  nrf_atomic.o
    0x00000dc6   0x00000dc6   0x0000000a   Code   RO         2295    i.nrf_atomic_u32_fetch_store  nrf_atomic.o
    0x00000dd0   0x00000dd0   0x0000000c   Code   RO         2299    i.nrf_atomic_u32_or  nrf_atomic.o
    0x00000ddc   0x00000ddc   0x0000000c   Code   RO         2301    i.nrf_atomic_u32_sub  nrf_atomic.o
    0x00000de8   0x00000de8   0x0000003e   Code   RO         2423    i.nrf_balloc_alloc  nrf_balloc.o
    0x00000e26   0x00000e26   0x0000002a   Code   RO         2424    i.nrf_balloc_free   nrf_balloc.o
    0x00000e50   0x00000e50   0x00000030   Code   RO         2425    i.nrf_balloc_init   nrf_balloc.o
    0x00000e80   0x00000e80   0x00000010   Code   RO          690    i.nrf_bitmask_bit_is_set  nrfx_gpiote.o
    0x00000e90   0x00000e90   0x0000001c   Code   RO          464    i.nrf_drv_spis_init  nrf_drv_spis.o
    0x00000eac   0x00000eac   0x00000068   Code   RO          495    i.nrf_drv_uart_init  nrf_drv_uart.o
    0x00000f14   0x00000f14   0x0000001a   Code   RO         2460    i.nrf_fprintf       nrf_fprintf.o
    0x00000f2e   0x00000f2e   0x00000018   Code   RO         2461    i.nrf_fprintf_buffer_flush  nrf_fprintf.o
    0x00000f46   0x00000f46   0x000001da   Code   RO         2501    i.nrf_fprintf_fmt   nrf_fprintf_format.o
    0x00001120   0x00001120   0x00000032   Code   RO          242    i.nrf_gpio_cfg      boards.o
    0x00001152   0x00001152   0x00000002   PAD
    0x00001154   0x00001154   0x00000034   Code   RO         1075    i.nrf_gpio_cfg      nrfx_spis.o
    0x00001188   0x00001188   0x00000032   Code   RO         1181    i.nrf_gpio_cfg      nrfx_uart.o
    0x000011ba   0x000011ba   0x00000032   Code   RO         1374    i.nrf_gpio_cfg      nrfx_uarte.o
    0x000011ec   0x000011ec   0x00000012   Code   RO         1182    i.nrf_gpio_cfg_default  nrfx_uart.o
    0x000011fe   0x000011fe   0x00000012   Code   RO         1375    i.nrf_gpio_cfg_default  nrfx_uarte.o
    0x00001210   0x00001210   0x00000012   Code   RO         1183    i.nrf_gpio_cfg_input  nrfx_uart.o
    0x00001222   0x00001222   0x00000012   Code   RO         1376    i.nrf_gpio_cfg_input  nrfx_uarte.o
    0x00001234   0x00001234   0x00000014   Code   RO         1184    i.nrf_gpio_cfg_output  nrfx_uart.o
    0x00001248   0x00001248   0x00000014   Code   RO         1377    i.nrf_gpio_cfg_output  nrfx_uarte.o
    0x0000125c   0x0000125c   0x00000030   Code   RO          693    i.nrf_gpio_cfg_sense_set  nrfx_gpiote.o
    0x0000128c   0x0000128c   0x00000030   Code   RO          694    i.nrf_gpio_latches_read_and_clear  nrfx_gpiote.o
    0x000012bc   0x000012bc   0x0000001c   Code   RO          243    i.nrf_gpio_pin_port_decode  boards.o
    0x000012d8   0x000012d8   0x0000001c   Code   RO          696    i.nrf_gpio_pin_port_decode  nrfx_gpiote.o
    0x000012f4   0x000012f4   0x0000001c   Code   RO         1185    i.nrf_gpio_pin_port_decode  nrfx_uart.o
    0x00001310   0x00001310   0x0000001c   Code   RO         1378    i.nrf_gpio_pin_port_decode  nrfx_uarte.o
    0x0000132c   0x0000132c   0x00000014   Code   RO         1186    i.nrf_gpio_pin_set  nrfx_uart.o
    0x00001340   0x00001340   0x00000014   Code   RO         1379    i.nrf_gpio_pin_set  nrfx_uarte.o
    0x00001354   0x00001354   0x00000026   Code   RO          244    i.nrf_gpio_pin_write  boards.o
    0x0000137a   0x0000137a   0x00000002   PAD
    0x0000137c   0x0000137c   0x00000014   Code   RO          700    i.nrf_gpiote_event_clear  nrfx_gpiote.o
    0x00001390   0x00001390   0x00000010   Code   RO          701    i.nrf_gpiote_event_is_set  nrfx_gpiote.o
    0x000013a0   0x000013a0   0x0000005c   Code   RO         2942    i.nrf_log_backend_add  nrf_log_frontend.o
    0x000013fc   0x000013fc   0x000000c8   Code   RO         2787    i.nrf_log_backend_serial_put  nrf_log_backend_serial.o
    0x000014c4   0x000014c4   0x00000002   Code   RO         2827    i.nrf_log_backend_uart_flush  nrf_log_backend_uart.o
    0x000014c6   0x000014c6   0x00000006   Code   RO         2828    i.nrf_log_backend_uart_init  nrf_log_backend_uart.o
    0x000014cc   0x000014cc   0x0000002c   Code   RO         2829    i.nrf_log_backend_uart_panic_set  nrf_log_backend_uart.o
    0x000014f8   0x000014f8   0x00000018   Code   RO         2830    i.nrf_log_backend_uart_put  nrf_log_backend_uart.o
    0x00001510   0x00001510   0x00000030   Code   RO         2944    i.nrf_log_color_id_get  nrf_log_frontend.o
    0x00001540   0x00001540   0x0000001c   Code   RO         2900    i.nrf_log_default_backends_init  nrf_log_default_backends.o
    0x0000155c   0x0000155c   0x00000234   Code   RO         2945    i.nrf_log_frontend_dequeue  nrf_log_frontend.o
    0x00001790   0x00001790   0x00000008   Code   RO         2947    i.nrf_log_frontend_std_0  nrf_log_frontend.o
    0x00001798   0x00001798   0x0000000e   Code   RO         2948    i.nrf_log_frontend_std_1  nrf_log_frontend.o
    0x000017a6   0x000017a6   0x00000002   PAD
    0x000017a8   0x000017a8   0x000000b0   Code   RO         3123    i.nrf_log_hexdump_entry_process  nrf_log_str_formatter.o
    0x00001858   0x00001858   0x00000028   Code   RO         2954    i.nrf_log_init      nrf_log_frontend.o
    0x00001880   0x00001880   0x00000014   Code   RO         2955    i.nrf_log_module_cnt_get  nrf_log_frontend.o
    0x00001894   0x00001894   0x0000001c   Code   RO         2958    i.nrf_log_module_name_get  nrf_log_frontend.o
    0x000018b0   0x000018b0   0x00000028   Code   RO         2959    i.nrf_log_panic     nrf_log_frontend.o
    0x000018d8   0x000018d8   0x000000b6   Code   RO         3124    i.nrf_log_std_entry_process  nrf_log_str_formatter.o
    0x0000198e   0x0000198e   0x00000060   Code   RO         2540    i.nrf_memobj_alloc  nrf_memobj.o
    0x000019ee   0x000019ee   0x00000032   Code   RO         2541    i.nrf_memobj_free   nrf_memobj.o
    0x00001a20   0x00001a20   0x00000008   Code   RO         2542    i.nrf_memobj_get    nrf_memobj.o
    0x00001a28   0x00001a28   0x00000004   Code   RO         2543    i.nrf_memobj_pool_init  nrf_memobj.o
    0x00001a2c   0x00001a2c   0x0000001e   Code   RO         2544    i.nrf_memobj_put    nrf_memobj.o
    0x00001a4a   0x00001a4a   0x00000010   Code   RO         2545    i.nrf_memobj_read   nrf_memobj.o
    0x00001a5a   0x00001a5a   0x00000010   Code   RO         2546    i.nrf_memobj_write  nrf_memobj.o
    0x00001a6a   0x00001a6a   0x0000001c   Code   RO         2622    i.nrf_ringbuf_init  nrf_ringbuf.o
    0x00001a86   0x00001a86   0x0000000a   Code   RO         1076    i.nrf_spis_event_check  nrfx_spis.o
    0x00001a90   0x00001a90   0x0000000c   Code   RO         1077    i.nrf_spis_event_clear  nrfx_spis.o
    0x00001a9c   0x00001a9c   0x0000000a   Code   RO         1187    i.nrf_uart_event_check  nrfx_uart.o
    0x00001aa6   0x00001aa6   0x0000000c   Code   RO         1188    i.nrf_uart_event_clear  nrfx_uart.o
    0x00001ab2   0x00001ab2   0x0000000c   Code   RO         1189    i.nrf_uart_int_enable_check  nrfx_uart.o
    0x00001abe   0x00001abe   0x0000000a   Code   RO         1380    i.nrf_uarte_event_check  nrfx_uarte.o
    0x00001ac8   0x00001ac8   0x0000000c   Code   RO         1381    i.nrf_uarte_event_clear  nrfx_uarte.o
    0x00001ad4   0x00001ad4   0x00000010   Code   RO         1078    i.nrfx_is_in_ram    nrfx_spis.o
    0x00001ae4   0x00001ae4   0x00000010   Code   RO         1382    i.nrfx_is_in_ram    nrfx_uarte.o
    0x00001af4   0x00001af4   0x00000030   Code   RO         1021    i.nrfx_prs_acquire  nrfx_prs.o
    0x00001b24   0x00001b24   0x00000012   Code   RO         1022    i.nrfx_prs_release  nrfx_prs.o
    0x00001b36   0x00001b36   0x00000002   PAD
    0x00001b38   0x00001b38   0x00000080   Code   RO         1079    i.nrfx_spis_buffers_set  nrfx_spis.o
    0x00001bb8   0x00001bb8   0x0000018c   Code   RO         1080    i.nrfx_spis_init    nrfx_spis.o
    0x00001d44   0x00001d44   0x00000010   Code   RO         1190    i.nrfx_uart_0_irq_handler  nrfx_uart.o
    0x00001d54   0x00001d54   0x000000d4   Code   RO         1192    i.nrfx_uart_init    nrfx_uart.o
    0x00001e28   0x00001e28   0x000000a8   Code   RO         1198    i.nrfx_uart_tx      nrfx_uart.o
    0x00001ed0   0x00001ed0   0x00000020   Code   RO         1200    i.nrfx_uart_tx_in_progress  nrfx_uart.o
    0x00001ef0   0x00001ef0   0x000000c0   Code   RO         1201    i.nrfx_uart_uninit  nrfx_uart.o
    0x00001fb0   0x00001fb0   0x00000010   Code   RO         1383    i.nrfx_uarte_0_irq_handler  nrfx_uarte.o
    0x00001fc0   0x00001fc0   0x0000006c   Code   RO         1385    i.nrfx_uarte_init   nrfx_uarte.o
    0x0000202c   0x0000202c   0x000000ac   Code   RO         1389    i.nrfx_uarte_tx     nrfx_uarte.o
    0x000020d8   0x000020d8   0x0000001c   Code   RO         1391    i.nrfx_uarte_tx_in_progress  nrfx_uarte.o
    0x000020f4   0x000020f4   0x00000108   Code   RO         1392    i.nrfx_uarte_uninit  nrfx_uarte.o
    0x000021fc   0x000021fc   0x000000d0   Code   RO          734    i.port_event_handle  nrfx_gpiote.o
    0x000022cc   0x000022cc   0x00000010   Code   RO          735    i.port_handler_polarity_get  nrfx_gpiote.o
    0x000022dc   0x000022dc   0x0000003c   Code   RO         3126    i.postfix_process   nrf_log_str_formatter.o
    0x00002318   0x00002318   0x00000098   Code   RO         3127    i.prefix_process    nrf_log_str_formatter.o
    0x000023b0   0x000023b0   0x00000018   Code   RO         1023    i.prs_box_get       nrfx_prs.o
    0x000023c8   0x000023c8   0x00000032   Code   RO         1202    i.rx_byte           nrfx_uart.o
    0x000023fa   0x000023fa   0x00000016   Code   RO         1203    i.rx_done_event     nrfx_uart.o
    0x00002410   0x00002410   0x00000016   Code   RO         1393    i.rx_done_event     nrfx_uarte.o
    0x00002426   0x00002426   0x00000002   PAD
    0x00002428   0x00002428   0x00000040   Code   RO         2831    i.serial_tx         nrf_log_backend_uart.o
    0x00002468   0x00002468   0x00000054   Code   RO            5    i.spis_event_handler  main.o
    0x000024bc   0x000024bc   0x00000010   Code   RO          465    i.spis_event_handler  nrf_drv_spis.o
    0x000024cc   0x000024cc   0x00000074   Code   RO         1082    i.spis_irq_handler  nrfx_spis.o
    0x00002540   0x00002540   0x0000003e   Code   RO         1083    i.spis_state_change  nrfx_spis.o
    0x0000257e   0x0000257e   0x00000002   PAD
    0x00002580   0x00002580   0x00000094   Code   RO         2961    i.std_n             nrf_log_frontend.o
    0x00002614   0x00002614   0x00000020   Code   RO         1205    i.tx_byte           nrfx_uart.o
    0x00002634   0x00002634   0x0000001a   Code   RO         1206    i.tx_done_event     nrfx_uart.o
    0x0000264e   0x0000264e   0x0000001a   Code   RO         1394    i.tx_done_event     nrfx_uarte.o
    0x00002668   0x00002668   0x00000030   Code   RO          496    i.uart_evt_handler  nrf_drv_uart.o
    0x00002698   0x00002698   0x0000000c   Code   RO         2832    i.uart_evt_handler  nrf_log_backend_uart.o
    0x000026a4   0x000026a4   0x00000050   Code   RO         2833    i.uart_init         nrf_log_backend_uart.o
    0x000026f4   0x000026f4   0x0000012a   Code   RO         1207    i.uart_irq_handler  nrfx_uart.o
    0x0000281e   0x0000281e   0x00000002   PAD
    0x00002820   0x00002820   0x00000030   Code   RO          497    i.uarte_evt_handler  nrf_drv_uart.o
    0x00002850   0x00002850   0x00000112   Code   RO         1395    i.uarte_irq_handler  nrfx_uarte.o
    0x00002962   0x00002962   0x00000002   PAD
    0x00002964   0x00002964   0x000000b4   Code   RO         2502    i.unsigned_print    nrf_fprintf_format.o
    0x00002a18   0x00002a18   0x00000020   Data   RO            6    .constdata          main.o
    0x00002a38   0x00002a38   0x00000008   Data   RO          245    .constdata          boards.o
    0x00002a40   0x00002a40   0x00000008   Data   RO          737    .constdata          nrfx_gpiote.o
    0x00002a48   0x00002a48   0x00000004   Data   RO         1086    .constdata          nrfx_spis.o
    0x00002a4c   0x00002a4c   0x00000004   Data   RO         1210    .constdata          nrfx_uart.o
    0x00002a50   0x00002a50   0x00000004   Data   RO         1398    .constdata          nrfx_uarte.o
    0x00002a54   0x00002a54   0x00000010   Data   RO         2503    .constdata          nrf_fprintf_format.o
    0x00002a64   0x00002a64   0x0000000c   Data   RO         2835    .constdata          nrf_log_backend_uart.o
    0x00002a70   0x00002a70   0x00000020   Data   RO         2836    .constdata          nrf_log_backend_uart.o
    0x00002a90   0x00002a90   0x0000000c   Data   RO         2966    .constdata          nrf_log_frontend.o
    0x00002a9c   0x00002a9c   0x00000081   Data   RO         3604    .constdata          mc_w.l(ctype_o.o)
    0x00002b1d   0x00002b1d   0x00000003   PAD
    0x00002b20   0x00002b20   0x00000004   Data   RO         3605    .constdata          mc_w.l(ctype_o.o)
    0x00002b24   0x00002b24   0x00000066   Data   RO         3128    .conststring        nrf_log_str_formatter.o
    0x00002b8a   0x00002b8a   0x00000002   PAD
    0x00002b8c   0x00002b8c   0x00000007   Data   RO          741    .conststrlit        nrfx_gpiote.o
    0x00002b93   0x00002b93   0x00000001   PAD
    0x00002b94   0x00002b94   0x00000004   Data   RO         1025    .conststrlit        nrfx_prs.o
    0x00002b98   0x00002b98   0x00000005   Data   RO         1088    .conststrlit        nrfx_spis.o
    0x00002b9d   0x00002b9d   0x00000003   PAD
    0x00002ba0   0x00002ba0   0x00000005   Data   RO         1213    .conststrlit        nrfx_uart.o
    0x00002ba5   0x00002ba5   0x00000003   PAD
    0x00002ba8   0x00002ba8   0x00000006   Data   RO         1401    .conststrlit        nrfx_uarte.o
    0x00002bae   0x00002bae   0x00000002   PAD
    0x00002bb0   0x00002bb0   0x0000000b   Data   RO         1553    .conststrlit        app_button.o
    0x00002bbb   0x00002bbb   0x00000001   PAD
    0x00002bbc   0x00002bbc   0x0000000a   Data   RO         1835    .conststrlit        app_timer2.o
    0x00002bc6   0x00002bc6   0x00000002   PAD
    0x00002bc8   0x00002bc8   0x00000009   Data   RO         2685    .conststrlit        nrf_sortlist.o
    0x00002bd1   0x00002bd1   0x00000003   PAD
    0x00002bd4   0x00002bd4   0x00000011   Data   RO         2901    .conststrlit        nrf_log_default_backends.o
    0x00002be5   0x00002be5   0x00000003   PAD
    0x00002be8   0x00002be8   0x00000004   Data   RO         2967    .conststrlit        nrf_log_frontend.o
    0x00002bec   0x00002bec   0x00000020   Data   RO         3941    Region$$Table       anon$$obj.o
    0x00002c0c   0x00002c0c   0x00000010   Data   RO         2903    log_backends        nrf_log_default_backends.o
    0x00002c1c   0x00002c1c   0x00000008   Data   RO          742    log_const_data      nrfx_gpiote.o
    0x00002c24   0x00002c24   0x00000008   Data   RO         1027    log_const_data      nrfx_prs.o
    0x00002c2c   0x00002c2c   0x00000008   Data   RO         1089    log_const_data      nrfx_spis.o
    0x00002c34   0x00002c34   0x00000008   Data   RO         1214    log_const_data      nrfx_uart.o
    0x00002c3c   0x00002c3c   0x00000008   Data   RO         1402    log_const_data      nrfx_uarte.o
    0x00002c44   0x00002c44   0x00000008   Data   RO         1555    log_const_data      app_button.o
    0x00002c4c   0x00002c4c   0x00000008   Data   RO         1838    log_const_data      app_timer2.o
    0x00002c54   0x00002c54   0x00000008   Data   RO         2686    log_const_data      nrf_sortlist.o
    0x00002c5c   0x00002c5c   0x00000008   Data   RO         2971    log_const_data      nrf_log_frontend.o
    0x00002c64   0x00002c64   0x00000014   Data   RO         2972    nrf_balloc          nrf_log_frontend.o


    Execution Region RW_IRAM1 (Exec base: 0x20000000, Load base: 0x00002c78, Size: 0x00002750, Max: 0x00040000, ABSOLUTE)

    Exec Addr    Load Addr    Size         Type   Attr      Idx    E Section Name        Object

    0x20000000   0x00002c78   0x00000010   Data   RW            7    .data               main.o
    0x20000010   0x00002c88   0x00000014   Data   RW          498    .data               nrf_drv_uart.o
    0x20000024   0x00002c9c   0x00000008   Data   RW         1026    .data               nrfx_prs.o
    0x2000002c   0x00002ca4   0x00000004   Data   RW         1962    .data               app_util_platform.o
    0x20000030   0x00002ca8   0x0000000c   Data   RW         2042    .data               drv_rtc.o
    0x2000003c   0x00002cb4   0x00000018   Data   RW         2837    .data               nrf_log_backend_uart.o
    0x20000054   0x00002ccc   0x00000008   Data   RW         2902    .data               nrf_log_default_backends.o
    0x2000005c   0x00002cd4   0x00000004   Data   RW         2968    .data               nrf_log_frontend.o
    0x20000060   0x00002cd8   0x00000008   Data   RW         2969    .data               nrf_log_frontend.o
    0x20000068   0x00002ce0   0x00000008   Data   RW         2970    .data               nrf_log_frontend.o
    0x20000070   0x00002ce8   0x00000040   Data   RW         3129    .data               nrf_log_str_formatter.o
    0x200000b0   0x00002d28   0x00000004   Data   RW         3545    .data               system_nrf52840.o
    0x200000b4        -       0x0000000c   Zero   RW          466    .bss                nrf_drv_spis.o
    0x200000c0        -       0x0000006c   Zero   RW          736    .bss                nrfx_gpiote.o
    0x2000012c        -       0x0000001c   Zero   RW         1084    .bss                nrfx_spis.o
    0x20000148        -       0x0000002c   Zero   RW         1208    .bss                nrfx_uart.o
    0x20000174        -       0x00000024   Zero   RW         1396    .bss                nrfx_uarte.o
    0x20000198        -       0x00000040   Zero   RW         2834    .bss                nrf_log_backend_uart.o
    0x200001d8        -       0x000000c0   Zero   RW         2962    .bss                nrf_log_frontend.o
    0x20000298        -       0x00000080   Zero   RW         2963    .bss                nrf_log_frontend.o
    0x20000318        -       0x00000018   Zero   RW         2964    .bss                nrf_log_frontend.o
    0x20000330        -       0x00000420   Zero   RW         2965    .bss                nrf_log_frontend.o
    0x20000750        -       0x00002000   Zero   RW         3533    STACK               arm_startup_nrf52840.o


==============================================================================

Image component sizes


      Code (inc. data)   RO Data    RW Data    ZI Data      Debug   Object Name

         0          0         19          0          0       7055   app_button.o
        22          0          0          0          0       2553   app_error.o
       132         46          0          0          0      30913   app_error_weak.o
         0          0         18          0          0       5954   app_timer2.o
        44         10          0          4          0       3436   app_util_platform.o
        36          8        512          0       8192        948   arm_startup_nrf52840.o
       278         20          8          0          0      10204   boards.o
         0          0          0          0          0       3312   bsp.o
        16          4          0         12          0       4997   drv_rtc.o
       280         86         32         16          0      69533   main.o
       294          0          0          0          0       8023   nrf_atomic.o
       152          0          0          0          0       3628   nrf_balloc.o
        44         16          0          0         12       2300   nrf_drv_spis.o
       200         26          0         20          0      17972   nrf_drv_uart.o
        50          0          0          0          0       3577   nrf_fprintf.o
       866          4         16          0          0       6626   nrf_fprintf_format.o
       200          0          0          0          0      11685   nrf_log_backend_serial.o
       232         44         44         24         64      16090   nrf_log_backend_uart.o
        28          4         33          8          0       3385   nrf_log_default_backends.o
      1450        130         44         20       1400      29217   nrf_log_frontend.o
       570        108        102         64          0       5744   nrf_log_str_formatter.o
       346          0          0          0          0       9703   nrf_memobj.o
        28          0          0          0          0       2407   nrf_ringbuf.o
         0          0         17          0          0       1089   nrf_sortlist.o
       580         44         23          0        108      25865   nrfx_gpiote.o
       102         16         12          8          0       4548   nrfx_prs.o
       808         24         17          0         28      55412   nrfx_spis.o
      1354         48         17          0         44      28541   nrfx_uart.o
      1356         48         18          0         36      25247   nrfx_uarte.o
       584         68          0          4          0      12707   system_nrf52840.o

    ----------------------------------------------------------------------
     10080        754        984        180       9884     412671   Object Totals
         0          0         32          0          0          0   (incl. Generated)
        28          0         20          0          0          0   (incl. Padding)

    ----------------------------------------------------------------------

      Code (inc. data)   RO Data    RW Data    ZI Data      Debug   Library Member Name

         8          4        133          0          0         68   ctype_o.o
         0          0          0          0          0          0   entry.o
         0          0          0          0          0          0   entry10a.o
         0          0          0          0          0          0   entry11a.o
         8          4          0          0          0          0   entry2.o
         4          0          0          0          0          0   entry5.o
         0          0          0          0          0          0   entry7b.o
         0          0          0          0          0          0   entry8b.o
         8          4          0          0          0          0   entry9a.o
        30          0          0          0          0          0   handlers.o
        36          8          0          0          0         68   init.o
        36          0          0          0          0         68   memcpya.o
        36          0          0          0          0        108   memseta.o
        14          0          0          0          0         68   strlen.o

    ----------------------------------------------------------------------
       184         20        136          0          0        380   Library Totals
         4          0          3          0          0          0   (incl. Padding)

    ----------------------------------------------------------------------

      Code (inc. data)   RO Data    RW Data    ZI Data      Debug   Library Name

       180         20        133          0          0        380   mc_w.l

    ----------------------------------------------------------------------
       184         20        136          0          0        380   Library Totals

    ----------------------------------------------------------------------

==============================================================================


      Code (inc. data)   RO Data    RW Data    ZI Data      Debug   

     10264        774       1120        180       9884     399903   Grand Totals
     10264        774       1120        180       9884     399903   ELF Image Totals
     10264        774       1120        180          0          0   ROM Totals

==============================================================================

    Total RO  Size (Code + RO Data)                11384 (  11.12kB)
    Total RW  Size (RW Data + ZI Data)             10064 (   9.83kB)
    Total ROM Size (Code + RO Data + RW Data)      11564 (  11.29kB)

==============================================================================

