Component: ARM Compiler 5.06 update 6 (build 750) Tool: armlink [4d35ed]

==============================================================================

Section Cross References

    sx1276.o(i.GetFskBandwidthRegValue) refers to sx1276.o(.constdata) for .constdata
    sx1276.o(i.RxChainCalibration) refers to sx1276.o(i.SX1276Read) for SX1276Read
    sx1276.o(i.RxChainCalibration) refers to sx1276.o(i.SX1276Write) for SX1276Write
    sx1276.o(i.RxChainCalibration) refers to sx1276.o(i.SX1276SetChannel) for SX1276SetChannel
    sx1276.o(i.SX1276BoardInit) refers to sx1276.o(.data) for .data
    sx1276.o(i.SX1276GetStatus) refers to sx1276.o(.bss) for .bss
    sx1276.o(i.SX1276GetTimeOnAir) refers to dfltui.o(.text) for __aeabi_ui2d
    sx1276.o(i.SX1276GetTimeOnAir) refers to sx1276.o(i.SX1276Read) for SX1276Read
    sx1276.o(i.SX1276GetTimeOnAir) refers to dadd.o(.text) for __aeabi_dadd
    sx1276.o(i.SX1276GetTimeOnAir) refers to dscalb.o(.text) for __ARM_scalbn
    sx1276.o(i.SX1276GetTimeOnAir) refers to ddiv.o(.text) for __aeabi_ddiv
    sx1276.o(i.SX1276GetTimeOnAir) refers to dmul.o(.text) for __aeabi_dmul
    sx1276.o(i.SX1276GetTimeOnAir) refers to round.o(i.round) for round
    sx1276.o(i.SX1276GetTimeOnAir) refers to dflti.o(.text) for __aeabi_i2d
    sx1276.o(i.SX1276GetTimeOnAir) refers to ceil.o(i.ceil) for ceil
    sx1276.o(i.SX1276GetTimeOnAir) refers to cdrcmple.o(.text) for __aeabi_cdrcmple
    sx1276.o(i.SX1276GetTimeOnAir) refers to floor.o(i.floor) for floor
    sx1276.o(i.SX1276GetTimeOnAir) refers to dfixui.o(.text) for __aeabi_d2uiz
    sx1276.o(i.SX1276GetTimeOnAir) refers to sx1276.o(.bss) for .bss
    sx1276.o(i.SX1276GetWakeupTime) refers to sx1276.o(.data) for .data
    sx1276.o(i.SX1276Init) refers to timeserver.o(i.TimerInit) for TimerInit
    sx1276.o(i.SX1276Init) refers to sx1276.o(i.SX1276Reset) for SX1276Reset
    sx1276.o(i.SX1276Init) refers to sx1276.o(i.RxChainCalibration) for RxChainCalibration
    sx1276.o(i.SX1276Init) refers to sx1276.o(i.SX1276SetOpMode) for SX1276SetOpMode
    sx1276.o(i.SX1276Init) refers to sx1276.o(i.SX1276SetModem) for SX1276SetModem
    sx1276.o(i.SX1276Init) refers to sx1276.o(i.SX1276Write) for SX1276Write
    sx1276.o(i.SX1276Init) refers to sx1276.o(.data) for .data
    sx1276.o(i.SX1276Init) refers to sx1276.o(i.SX1276OnTimeoutIrq) for SX1276OnTimeoutIrq
    sx1276.o(i.SX1276Init) refers to sx1276.o(.bss) for .bss
    sx1276.o(i.SX1276Init) refers to sx1276.o(.constdata) for .constdata
    sx1276.o(i.SX1276IsChannelFree) refers to sx1276.o(i.SX1276SetModem) for SX1276SetModem
    sx1276.o(i.SX1276IsChannelFree) refers to sx1276.o(i.SX1276SetChannel) for SX1276SetChannel
    sx1276.o(i.SX1276IsChannelFree) refers to sx1276.o(i.SX1276SetOpMode) for SX1276SetOpMode
    sx1276.o(i.SX1276IsChannelFree) refers to mlm32l0xx_hal_msp.o(i.HAL_Delay) for HAL_Delay
    sx1276.o(i.SX1276IsChannelFree) refers to timeserver.o(i.TimerGetCurrentTime) for TimerGetCurrentTime
    sx1276.o(i.SX1276IsChannelFree) refers to sx1276.o(i.SX1276ReadRssi) for SX1276ReadRssi
    sx1276.o(i.SX1276IsChannelFree) refers to timeserver.o(i.TimerGetElapsedTime) for TimerGetElapsedTime
    sx1276.o(i.SX1276IsChannelFree) refers to sx1276.o(i.SX1276SetSleep) for SX1276SetSleep
    sx1276.o(i.SX1276IsChannelFree) refers to sx1276.o(.bss) for .bss
    sx1276.o(i.SX1276OnDio0Irq) refers to timeserver.o(i.TimerStop) for TimerStop
    sx1276.o(i.SX1276OnDio0Irq) refers to sx1276.o(i.SX1276Write) for SX1276Write
    sx1276.o(i.SX1276OnDio0Irq) refers to sx1276.o(i.SX1276Read) for SX1276Read
    sx1276.o(i.SX1276OnDio0Irq) refers to timeserver.o(i.TimerStart) for TimerStart
    sx1276.o(i.SX1276OnDio0Irq) refers to sx1276.o(i.SX1276ReadFifo) for SX1276ReadFifo
    sx1276.o(i.SX1276OnDio0Irq) refers to sx1276.o(.bss) for .bss
    sx1276.o(i.SX1276OnDio0Irq) refers to sx1276.o(.data) for .data
    sx1276.o(i.SX1276OnDio1Irq) refers to sx1276.o(i.SX1276WriteFifo) for SX1276WriteFifo
    sx1276.o(i.SX1276OnDio1Irq) refers to timeserver.o(i.TimerStop) for TimerStop
    sx1276.o(i.SX1276OnDio1Irq) refers to sx1276.o(i.SX1276Write) for SX1276Write
    sx1276.o(i.SX1276OnDio1Irq) refers to sx1276.o(i.SX1276Read) for SX1276Read
    sx1276.o(i.SX1276OnDio1Irq) refers to sx1276.o(i.SX1276ReadFifo) for SX1276ReadFifo
    sx1276.o(i.SX1276OnDio1Irq) refers to sx1276.o(.bss) for .bss
    sx1276.o(i.SX1276OnDio1Irq) refers to sx1276.o(.data) for .data
    sx1276.o(i.SX1276OnDio2Irq) refers to sx1276.o(i.SX1276Write) for SX1276Write
    sx1276.o(i.SX1276OnDio2Irq) refers to sx1276.o(i.SX1276Read) for SX1276Read
    sx1276.o(i.SX1276OnDio2Irq) refers to timeserver.o(i.TimerStop) for TimerStop
    sx1276.o(i.SX1276OnDio2Irq) refers to sx1276.o(.bss) for .bss
    sx1276.o(i.SX1276OnDio2Irq) refers to sx1276.o(.data) for .data
    sx1276.o(i.SX1276OnDio3Irq) refers to sx1276.o(i.SX1276Read) for SX1276Read
    sx1276.o(i.SX1276OnDio3Irq) refers to sx1276.o(i.SX1276Write) for SX1276Write
[...]
    certif_DownLinkIncrement                 0x0800cdc9   Thumb Code    10  lora-test.o(i.certif_DownLinkIncrement)
    certif_linkCheck                         0x0800cdd9   Thumb Code    16  lora-test.o(i.certif_linkCheck)
    certif_running                           0x0800cded   Thumb Code     6  lora-test.o(i.certif_running)
    certif_rx                                0x0800cdf9   Thumb Code   388  lora-test.o(i.certif_rx)
    circular_queue_add                       0x0800d039   Thumb Code   208  queue.o(i.circular_queue_add)
    circular_queue_get                       0x0800d109   Thumb Code    58  queue.o(i.circular_queue_get)
    circular_queue_init                      0x0800d143   Thumb Code    16  queue.o(i.circular_queue_init)
    circular_queue_remove                    0x0800d153   Thumb Code    80  queue.o(i.circular_queue_remove)
    circular_queue_sense                     0x0800d1a3   Thumb Code    16  queue.o(i.circular_queue_sense)
    com_error                                0x0800d1b5   Thumb Code    20  command.o(i.com_error)
    floor                                    0x0800d295   Thumb Code   180  floor.o(i.floor)
    lora_config_appkey_get                   0x0800d379   Thumb Code     4  lora.o(i.lora_config_appkey_get)
    lora_config_appkey_set                   0x0800d381   Thumb Code    58  lora.o(i.lora_config_appkey_set)
    lora_config_deveui_get                   0x0800d3c5   Thumb Code     4  lora.o(i.lora_config_deveui_get)
    lora_config_duty_cycle_get               0x0800d3cd   Thumb Code     6  lora.o(i.lora_config_duty_cycle_get)
    lora_config_duty_cycle_set               0x0800d3d9   Thumb Code    18  lora.o(i.lora_config_duty_cycle_set)
    lora_config_isack_get                    0x0800d3f1   Thumb Code    18  lora.o(i.lora_config_isack_get)
    lora_config_joineui_get                  0x0800d409   Thumb Code     4  lora.o(i.lora_config_joineui_get)
    lora_config_joineui_set                  0x0800d411   Thumb Code    14  lora.o(i.lora_config_joineui_set)
    lora_config_otaa_get                     0x0800d425   Thumb Code     6  lora.o(i.lora_config_otaa_get)
    lora_config_otaa_set                     0x0800d431   Thumb Code   482  lora.o(i.lora_config_otaa_set)
    lora_config_reqack_get                   0x0800d6c9   Thumb Code     6  lora.o(i.lora_config_reqack_get)
    lora_config_reqack_set                   0x0800d6d5   Thumb Code     6  lora.o(i.lora_config_reqack_set)
    lora_config_rssi_get                     0x0800d6e1   Thumb Code     8  lora.o(i.lora_config_rssi_get)
    lora_config_snr_get                      0x0800d6ed   Thumb Code     8  lora.o(i.lora_config_snr_get)
    lora_config_tx_datarate_get              0x0800d6f9   Thumb Code     8  lora.o(i.lora_config_tx_datarate_get)
    lora_config_tx_datarate_set              0x0800d705   Thumb Code     6  lora.o(i.lora_config_tx_datarate_set)
    lora_wan_certif                          0x0800d711   Thumb Code    38  lora.o(i.lora_wan_certif)
    main                                     0x0800d741   Thumb Code    84  main.o(i.main)
    memcpy1                                  0x0800d7b9   Thumb Code    22  utilities.o(i.memcpy1)
    memcpyr                                  0x0800d7cf   Thumb Code    26  utilities.o(i.memcpyr)
    memset1                                  0x0800d7e9   Thumb Code    18  utilities.o(i.memset1)
    rand1                                    0x0800dbe1   Thumb Code    26  utilities.o(i.rand1)
    randr                                    0x0800dc0d   Thumb Code    22  utilities.o(i.randr)
    round                                    0x0800dc25   Thumb Code   142  round.o(i.round)
    set_at_receive                           0x0800dcc1   Thumb Code   128  at.o(i.set_at_receive)
    srand1                                   0x0800de01   Thumb Code     6  utilities.o(i.srand1)
    tiny_sscanf                              0x0800de81   Thumb Code    20  tiny_sscanf.o(i.tiny_sscanf)
    vcom_DMA_TX_IRQHandler                   0x0800e109   Thumb Code    12  vcom.o(i.vcom_DMA_TX_IRQHandler)
    vcom_IRQHandler                          0x0800e119   Thumb Code    10  vcom.o(i.vcom_IRQHandler)
    vcom_Init                                0x0800e129   Thumb Code    46  vcom.o(i.vcom_Init)
    vcom_IoInit                              0x0800e165   Thumb Code    90  vcom.o(i.vcom_IoInit)
    vcom_ReceiveInit                         0x0800e1c5   Thumb Code    34  vcom.o(i.vcom_ReceiveInit)
    vcom_Trace                               0x0800e1f1   Thumb Code    14  vcom.o(i.vcom_Trace)
    RadioRegsInit                            0x0800e288   Data          48  sx1276.o(.constdata)
    FskBandwidths                            0x0800e2b8   Data         176  sx1276.o(.constdata)
    Radio                                    0x0800e368   Data         116  mlm32l07x01.o(.constdata)
    BUTTON_IRQn                              0x0800e3dc   Data           1  b-l072z-lrwan1.o(.constdata)
    BUTTON_PIN                               0x0800e3de   Data           2  b-l072z-lrwan1.o(.constdata)
    LED_PIN                                  0x0800e3e0   Data           8  b-l072z-lrwan1.o(.constdata)
    AHBPrescTable                            0x0800e3e8   Data          16  system_stm32l0xx.o(.constdata)
    PLLMulTable                              0x0800e3f8   Data           9  system_stm32l0xx.o(.constdata)
    APBPrescTable                            0x0800e401   Data           8  system_stm32l0xx.o(.constdata)
    Region$$Table$$Base                      0x0800f96c   Number         0  anon$$obj.o(Region$$Table)
    Region$$Table$$Limit                     0x0800f98c   Number         0  anon$$obj.o(Region$$Table)
    DioIrq                                   0x20000008   Data          24  sx1276.o(.data)
    BUTTON_PORT                              0x20000038   Data           4  b-l072z-lrwan1.o(.data)
    LED_PORT                                 0x2000003c   Data          16  b-l072z-lrwan1.o(.data)
    SystemCoreClock                          0x2000004c   Data           4  system_stm32l0xx.o(.data)
    uwTick                                   0x20000050   Data           4  stm32l0xx_hal.o(.data)
    LoraMacProcessRequest                    0x20000114   Data           1  main.o(.data)
    charRx                                   0x20000140   Data           1  vcom.o(.data)
    LoRaMacRadioEvents                       0x20000190   Data           4  loramac.o(.data)
    TxDoneParams                             0x20000194   Data           4  loramac.o(.data)
    TracePeripheralReady                     0x200001c4   Data           1  trace.o(.data)
    SX1276                                   0x200002cc   Data         104  sx1276.o(.bss)
    TxTimeoutTimer                           0x20000334   Data          24  sx1276.o(.bss)
    RxTimeoutTimer                           0x2000034c   Data          24  sx1276.o(.bss)
    RxTimeoutSyncWord                        0x20000364   Data          24  sx1276.o(.bss)
    Contexts                                 0x20000f78   Data          56  loramac.o(.bss)
    RxDoneParams                             0x20000fb0   Data          16  loramac.o(.bss)
    __initial_sp                             0x20001be8   Data           0  startup_stm32l072xx.o(STACK)



==============================================================================

Memory Map of the image

  Image Entry point : 0x080000c1

  Load Region LR_IROM1 (Base: 0x08000000, Size: 0x0000fb58, Max: 0x00030000, ABSOLUTE, COMPRESSED[0x0000fa30])

    Execution Region ER_IROM1 (Exec base: 0x08000000, Load base: 0x08000000, Size: 0x0000f98c, Max: 0x00030000, ABSOLUTE)

    Exec Addr    Load Addr    Size         Type   Attr      Idx    E Section Name        Object

    0x08000000   0x08000000   0x000000c0   Data   RO         3300    RESET               startup_stm32l072xx.o
    0x080000c0   0x080000c0   0x00000000   Code   RO         8714  * .ARM.Collect$$$$00000000  mc_p.l(entry.o)
    0x080000c0   0x080000c0   0x00000004   Code   RO         8803    .ARM.Collect$$$$00000001  mc_p.l(entry2.o)
    0x080000c4   0x080000c4   0x00000004   Code   RO         8806    .ARM.Collect$$$$00000004  mc_p.l(entry5.o)
    0x080000c8   0x080000c8   0x00000000   Code   RO         8808    .ARM.Collect$$$$00000008  mc_p.l(entry7b.o)
    0x080000c8   0x080000c8   0x00000000   Code   RO         8810    .ARM.Collect$$$$0000000A  mc_p.l(entry8b.o)
    0x080000c8   0x080000c8   0x00000008   Code   RO         8811    .ARM.Collect$$$$0000000B  mc_p.l(entry9a.o)
    0x080000d0   0x080000d0   0x00000000   Code   RO         8813    .ARM.Collect$$$$0000000D  mc_p.l(entry10a.o)
    0x080000d0   0x080000d0   0x00000000   Code   RO         8815    .ARM.Collect$$$$0000000F  mc_p.l(entry11a.o)
    0x080000d0   0x080000d0   0x00000004   Code   RO         8804    .ARM.Collect$$$$00002712  mc_p.l(entry2.o)
    0x080000d4   0x080000d4   0x0000001c   Code   RO         3301    .text               startup_stm32l072xx.o
    0x080000f0   0x080000f0   0x0000002c   Code   RO         8717    .text               mc_p.l(uidiv.o)
    0x0800011c   0x0800011c   0x00000028   Code   RO         8719    .text               mc_p.l(idiv.o)
    0x08000144   0x08000144   0x00000060   Code   RO         8721    .text               mc_p.l(uldiv.o)
    0x080001a4   0x080001a4   0x0000007a   Code   RO         8723    .text               mc_p.l(llmul.o)
    0x0800021e   0x0800021e   0x00000024   Code   RO         8725    .text               mc_p.l(memcpya.o)
    0x08000242   0x08000242   0x00000024   Code   RO         8727    .text               mc_p.l(memseta.o)
    0x08000266   0x08000266   0x0000000e   Code   RO         8729    .text               mc_p.l(strlen.o)
    0x08000274   0x08000274   0x0000001e   Code   RO         8731    .text               mc_p.l(strncmp.o)
    0x08000292   0x08000292   0x00000014   Code   RO         8765    .text               mc_p.l(uread4.o)
    0x080002a6   0x080002a6   0x000000b2   Code   RO         8767    .text               mf_p.l(fadd.o)
    0x08000358   0x08000358   0x00000164   Code   RO         8773    .text               mf_p.l(dadd.o)
    0x080004bc   0x080004bc   0x000000d0   Code   RO         8775    .text               mf_p.l(dmul.o)
    0x0800058c   0x0800058c   0x000000f0   Code   RO         8777    .text               mf_p.l(ddiv.o)
    0x0800067c   0x0800067c   0x0000002c   Code   RO         8779    .text               mf_p.l(dscalb.o)
    0x080006a8   0x080006a8   0x0000000e   Code   RO         8783    .text               mf_p.l(ffltui.o)
    0x080006b6   0x080006b6   0x00000002   PAD
    0x080006b8   0x080006b8   0x00000028   Code   RO         8785    .text               mf_p.l(dflti.o)
    0x080006e0   0x080006e0   0x0000001c   Code   RO         8787    .text               mf_p.l(dfltui.o)
    0x080006fc   0x080006fc   0x00000048   Code   RO         8791    .text               mf_p.l(dfixi.o)
    0x08000744   0x08000744   0x0000003c   Code   RO         8793    .text               mf_p.l(dfixui.o)
    0x08000780   0x08000780   0x00000028   Code   RO         8795    .text               mf_p.l(f2d.o)
    0x080007a8   0x080007a8   0x00000028   Code   RO         8797    .text               mf_p.l(cdrcmple.o)
    0x080007d0   0x080007d0   0x00000020   Code   RO         8820    .text               mc_p.l(llshl.o)
    0x080007f0   0x080007f0   0x00000022   Code   RO         8822    .text               mc_p.l(llushr.o)
    0x08000812   0x08000812   0x00000026   Code   RO         8824    .text               mc_p.l(llsshr.o)
    0x08000838   0x08000838   0x00000000   Code   RO         8826    .text               mc_p.l(iusefp.o)
    0x08000838   0x08000838   0x00000082   Code   RO         8827    .text               mf_p.l(fepilogue.o)
    0x080008ba   0x080008ba   0x000000be   Code   RO         8829    .text               mf_p.l(depilogue.o)
    0x08000978   0x08000978   0x0000007c   Code   RO         8833    .text               mf_p.l(drnd.o)
    0x080009f4   0x080009f4   0x00000040   Code   RO         8835    .text               mf_p.l(dfixul.o)
    0x08000a34   0x08000a34   0x00000028   Code   RO         8837    .text               mf_p.l(cdcmple.o)
    0x08000a5c   0x08000a5c   0x00000024   Code   RO         8839    .text               mc_p.l(init.o)
    0x08000a80   0x08000a80   0x00000056   Code   RO         8851    .text               mc_p.l(__dczerorl2.o)
    0x08000ad6   0x08000ad6   0x00000052   Code   RO         1099    i.ADC_ConversionStop  stm32l0xx_hal_adc.o
    0x08000b28   0x08000b28   0x00000024   Code   RO         1103    i.ADC_DelayMicroSecond  stm32l0xx_hal_adc.o
    0x08000b4c   0x08000b4c   0x00000060   Code   RO         1104    i.ADC_Disable       stm32l0xx_hal_adc.o
    0x08000bac   0x08000bac   0x00000064   Code   RO         1105    i.ADC_Enable        stm32l0xx_hal_adc.o
    0x08000c10   0x08000c10   0x0000013c   Code   RO         6485    i.AES_CMAC_Final    cmac.o
    0x08000d4c   0x08000d4c   0x00000020   Code   RO         6486    i.AES_CMAC_Init     cmac.o
    0x08000d6c   0x08000d6c   0x00000010   Code   RO         6487    i.AES_CMAC_SetKey   cmac.o
    0x08000d7c   0x08000d7c   0x000000be   Code   RO         6488    i.AES_CMAC_Update   cmac.o
    0x08000e3a   0x08000e3a   0x00000002   PAD
    0x08000e3c   0x08000e3c   0x00000044   Code   RO         4879    i.AckTimeoutRetriesProcess  loramac.o
    0x08000e80   0x08000e80   0x00000064   Code   RO          525    i.BSP_LED_Init      b-l072z-lrwan1.o
    0x08000ee4   0x08000ee4   0x00000034   Code   RO         3801    i.CMD_GetChar       command.o
    0x08000f18   0x08000f18   0x00000020   Code   RO         3802    i.CMD_Init          command.o
    0x08000f38   0x08000f38   0x000000d0   Code   RO         3803    i.CMD_Process       command.o
    0x08001008   0x08001008   0x000000b0   Code   RO         5497    i.CalcNextV10X      loramacadr.o
    0x080010b8   0x080010b8   0x00000078   Code   RO         4880    i.CalculateBackOff  loramac.o
    0x08001130   0x08001130   0x00000018   Code   RO         4881    i.CallNvmCtxCallback  loramac.o
    0x08001148   0x08001148   0x00000074   Code   RO         6526    i.ComputeCmac       soft-se.o
    0x080011bc   0x080011bc   0x0000009e   Code   RO         6798    i.CountNbOfEnabledChannels  regionas923.o
    0x0800125a   0x0800125a   0x00000002   PAD
    0x0800125c   0x0800125c   0x00000060   Code   RO         3867    i.DBG_Init          debug.o
    0x080012bc   0x080012bc   0x00000008   Code   RO         4652    i.DMA1_Channel4_5_6_7_IRQHandler  mlm32l0xx_it.o
    0x080012c4   0x080012c4   0x0000002c   Code   RO         1280    i.DMA_SetConfig     stm32l0xx_hal_dma.o
    0x080012f0   0x080012f0   0x00000094   Code   RO         5276    i.DeriveSessionKey10x  loramaccrypto.o
    0x08001384   0x08001384   0x00000044   Code   RO         4882    i.DetermineFrameType  loramac.o
    0x080013c8   0x080013c8   0x00000002   Code   RO         5277    i.DummyCB           loramaccrypto.o
    0x080013ca   0x080013ca   0x00000002   Code   RO         6527    i.DummyCB           soft-se.o
    0x080013cc   0x080013cc   0x00000010   Code   RO         4653    i.EXTI0_1_IRQHandler  mlm32l0xx_it.o
    0x080013dc   0x080013dc   0x00000010   Code   RO         4654    i.EXTI2_3_IRQHandler  mlm32l0xx_it.o
    0x080013ec   0x080013ec   0x0000005c   Code   RO         4655    i.EXTI4_15_IRQHandler  mlm32l0xx_it.o
    0x08001448   0x08001448   0x00000018   Code   RO         3868    i.Error_Handler     debug.o
    0x08001460   0x08001460   0x0000000a   Code   RO         4883    i.EventClassBNvmCtxChanged  loramac.o
    0x0800146a   0x0800146a   0x0000000a   Code   RO         4884    i.EventCommandsNvmCtxChanged  loramac.o
    0x08001474   0x08001474   0x0000000a   Code   RO         4885    i.EventConfirmQueueNvmCtxChanged  loramac.o
    0x0800147e   0x0800147e   0x0000000a   Code   RO         4886    i.EventCryptoNvmCtxChanged  loramac.o
    0x08001488   0x08001488   0x0000000a   Code   RO         4887    i.EventSecureElementNvmCtxChanged  loramac.o
    0x08001492   0x08001492   0x00000002   PAD
    0x08001494   0x08001494   0x00000024   Code   RO         6799    i.GetBandwidth      regionas923.o
    0x080014b8   0x080014b8   0x00000064   Code   RO         4888    i.GetCtxs           loramac.o
    0x0800151c   0x0800151c   0x0000001c   Code   RO         5833    i.GetElement        loramacconfirmqueue.o
    0x08001538   0x08001538   0x00000066   Code   RO         4889    i.GetFCntDown       loramac.o
    0x0800159e   0x0800159e   0x00000002   PAD
    0x080015a0   0x080015a0   0x0000002c   Code   RO            3    i.GetFskBandwidthRegValue  sx1276.o
    0x080015cc   0x080015cc   0x00000028   Code   RO         5278    i.GetKeyAddrItem    loramaccrypto.o
    0x080015f4   0x080015f4   0x0000003c   Code   RO         6528    i.GetKeyByID        soft-se.o
    0x08001630   0x08001630   0x0000005c   Code   RO         5279    i.GetLastFcntDown   loramaccrypto.o
    0x0800168c   0x0800168c   0x00000034   Code   RO         4890    i.GetMaxAppPayloadWithoutFOptsLength  loramac.o
    0x080016c0   0x080016c0   0x00000010   Code   RO         6800    i.GetNextLowerTxDr  regionas923.o
    0x080016d0   0x080016d0   0x000000aa   Code   RO         2000    i.HAL_ADCEx_Calibration_Start  stm32l0xx_hal_adc_ex.o
    0x0800177a   0x0800177a   0x00000002   PAD
    0x0800177c   0x0800177c   0x00000094   Code   RO         1107    i.HAL_ADC_ConfigChannel  stm32l0xx_hal_adc.o
    0x08001810   0x08001810   0x000000b4   Code   RO         1110    i.HAL_ADC_DeInit    stm32l0xx_hal_adc.o
    0x080018c4   0x080018c4   0x00000006   Code   RO         1114    i.HAL_ADC_GetValue  stm32l0xx_hal_adc.o
    0x080018ca   0x080018ca   0x00000002   PAD
    0x080018cc   0x080018cc   0x000001c8   Code   RO         1116    i.HAL_ADC_Init      stm32l0xx_hal_adc.o
    0x08001a94   0x08001a94   0x00000002   Code   RO         1118    i.HAL_ADC_MspDeInit  stm32l0xx_hal_adc.o
    0x08001a96   0x08001a96   0x00000002   Code   RO         1119    i.HAL_ADC_MspInit   stm32l0xx_hal_adc.o
    0x08001a98   0x08001a98   0x000000c0   Code   RO         1120    i.HAL_ADC_PollForConversion  stm32l0xx_hal_adc.o
    0x08001b58   0x08001b58   0x0000005c   Code   RO         1122    i.HAL_ADC_Start     stm32l0xx_hal_adc.o
    0x08001bb4   0x08001bb4   0x00000010   Code   RO          623    i.HAL_DBGMCU_DisableDBGSleepMode  stm32l0xx_hal.o
    0x08001bc4   0x08001bc4   0x00000010   Code   RO          624    i.HAL_DBGMCU_DisableDBGStandbyMode  stm32l0xx_hal.o
    0x08001bd4   0x08001bd4   0x00000010   Code   RO          625    i.HAL_DBGMCU_DisableDBGStopMode  stm32l0xx_hal.o
    0x08001be4   0x08001be4   0x0000004c   Code   RO         1282    i.HAL_DMA_Abort_IT  stm32l0xx_hal_dma.o
    0x08001c30   0x08001c30   0x000000a8   Code   RO         1286    i.HAL_DMA_IRQHandler  stm32l0xx_hal_dma.o
    0x08001cd8   0x08001cd8   0x00000090   Code   RO         1287    i.HAL_DMA_Init      stm32l0xx_hal_dma.o
    0x08001d68   0x08001d68   0x00000068   Code   RO         1291    i.HAL_DMA_Start_IT  stm32l0xx_hal_dma.o
    0x08001dd0   0x08001dd0   0x0000000a   Code   RO         4817    i.HAL_Delay         mlm32l0xx_hal_msp.o
    0x08001dda   0x08001dda   0x00000008   Code   RO         4818    i.HAL_GPIO_EXTI_Callback  mlm32l0xx_hal_msp.o
    0x08001de2   0x08001de2   0x00000002   PAD
    0x08001de4   0x08001de4   0x00000018   Code   RO         1586    i.HAL_GPIO_EXTI_IRQHandler  stm32l0xx_hal_gpio.o
    0x08001dfc   0x08001dfc   0x00000184   Code   RO         1587    i.HAL_GPIO_Init     stm32l0xx_hal_gpio.o
    0x08001f80   0x08001f80   0x0000000c   Code   RO         1591    i.HAL_GPIO_WritePin  stm32l0xx_hal_gpio.o
    0x08001f8c   0x08001f8c   0x0000000c   Code   RO          634    i.HAL_GetTick       stm32l0xx_hal.o
    0x08001f98   0x08001f98   0x00000010   Code   RO          638    i.HAL_IncTick       stm32l0xx_hal.o
    0x08001fa8   0x08001fa8   0x00000028   Code   RO          639    i.HAL_Init          stm32l0xx_hal.o
    0x08001fd0   0x08001fd0   0x00000004   Code   RO         4819    i.HAL_InitTick      mlm32l0xx_hal_msp.o
    0x08001fd4   0x08001fd4   0x00000030   Code   RO         4820    i.HAL_MspInit       mlm32l0xx_hal_msp.o
    0x08002004   0x08002004   0x00000018   Code   RO          814    i.HAL_NVIC_EnableIRQ  stm32l0xx_hal_cortex.o
    0x0800201c   0x0800201c   0x00000008   Code   RO          818    i.HAL_NVIC_SetPriority  stm32l0xx_hal_cortex.o
    0x08002024   0x08002024   0x00000010   Code   RO         2057    i.HAL_PWREx_EnableFastWakeUp  stm32l0xx_hal_pwr_ex.o
    0x08002034   0x08002034   0x00000010   Code   RO         2059    i.HAL_PWREx_EnableUltraLowPower  stm32l0xx_hal_pwr_ex.o
    0x08002044   0x08002044   0x00000010   Code   RO         1374    i.HAL_PWR_DisablePVD  stm32l0xx_hal_pwr.o
    0x08002054   0x08002054   0x00000030   Code   RO         1383    i.HAL_PWR_EnterSLEEPMode  stm32l0xx_hal_pwr.o
    0x08002084   0x08002084   0x00000034   Code   RO         1385    i.HAL_PWR_EnterSTOPMode  stm32l0xx_hal_pwr.o
    0x080020b8   0x080020b8   0x0000018c   Code   RO         2871    i.HAL_RCCEx_PeriphCLKConfig  stm32l0xx_hal_rcc_ex.o
    0x08002244   0x08002244   0x0000016c   Code   RO         2762    i.HAL_RCC_ClockConfig  stm32l0xx_hal_rcc.o
    0x080023b0   0x080023b0   0x00000020   Code   RO         2768    i.HAL_RCC_GetPCLK1Freq  stm32l0xx_hal_rcc.o
    0x080023d0   0x080023d0   0x00000020   Code   RO         2769    i.HAL_RCC_GetPCLK2Freq  stm32l0xx_hal_rcc.o
    0x080023f0   0x080023f0   0x00000078   Code   RO         2770    i.HAL_RCC_GetSysClockFreq  stm32l0xx_hal_rcc.o
    0x08002468   0x08002468   0x00000496   Code   RO         2773    i.HAL_RCC_OscConfig  stm32l0xx_hal_rcc.o
    0x080028fe   0x080028fe   0x0000000c   Code   RO         2111    i.HAL_RTCEx_BKUPRead  stm32l0xx_hal_rtc_ex.o
    0x0800290a   0x0800290a   0x0000000c   Code   RO         2112    i.HAL_RTCEx_BKUPWrite  stm32l0xx_hal_rtc_ex.o
    0x08002916   0x08002916   0x0000003c   Code   RO         2119    i.HAL_RTCEx_EnableBypassShadow  stm32l0xx_hal_rtc_ex.o
    0x08002952   0x08002952   0x00000008   Code   RO         4821    i.HAL_RTC_AlarmAEventCallback  mlm32l0xx_hal_msp.o
    0x0800295a   0x0800295a   0x000000b8   Code   RO          969    i.HAL_RTC_DeactivateAlarm  stm32l0xx_hal_rtc.o
    0x08002a12   0x08002a12   0x00000044   Code   RO          971    i.HAL_RTC_GetDate   stm32l0xx_hal_rtc.o
    0x08002a56   0x08002a56   0x00000002   PAD
    0x08002a58   0x08002a58   0x0000005c   Code   RO          973    i.HAL_RTC_GetTime   stm32l0xx_hal_rtc.o
    0x08002ab4   0x08002ab4   0x000000bc   Code   RO          974    i.HAL_RTC_Init      stm32l0xx_hal_rtc.o
    0x08002b70   0x08002b70   0x0000006c   Code   RO         4823    i.HAL_RTC_MspInit   mlm32l0xx_hal_msp.o
    0x08002bdc   0x08002bdc   0x00000190   Code   RO          979    i.HAL_RTC_SetAlarm_IT  stm32l0xx_hal_rtc.o
    0x08002d6c   0x08002d6c   0x000000c4   Code   RO          980    i.HAL_RTC_SetDate   stm32l0xx_hal_rtc.o
    0x08002e30   0x08002e30   0x000000e8   Code   RO          981    i.HAL_RTC_SetTime   stm32l0xx_hal_rtc.o
    0x08002f18   0x08002f18   0x00000034   Code   RO          982    i.HAL_RTC_WaitForSynchro  stm32l0xx_hal_rtc.o
    0x08002f4c   0x08002f4c   0x00000080   Code   RO         2345    i.HAL_SPI_Init      stm32l0xx_hal_spi.o
    0x08002fcc   0x08002fcc   0x00000002   Code   RO         2347    i.HAL_SPI_MspInit   stm32l0xx_hal_spi.o
    0x08002fce   0x08002fce   0x000001f0   Code   RO         2354    i.HAL_SPI_TransmitReceive  stm32l0xx_hal_spi.o
    0x080031be   0x080031be   0x00000022   Code   RO         2986    i.HAL_UARTEx_EnableStopMode  stm32l0xx_hal_uart_ex.o
    0x080031e0   0x080031e0   0x00000098   Code   RO         2987    i.HAL_UARTEx_StopModeWakeUpSourceConfig  stm32l0xx_hal_uart_ex.o
    0x08003278   0x08003278   0x00000002   Code   RO         2988    i.HAL_UARTEx_WakeupCallback  stm32l0xx_hal_uart_ex.o
    0x0800327a   0x0800327a   0x00000002   Code   RO         1668    i.HAL_UART_ErrorCallback  stm32l0xx_hal_uart.o
    0x0800327c   0x0800327c   0x0000013c   Code   RO         1671    i.HAL_UART_IRQHandler  stm32l0xx_hal_uart.o
    0x080033b8   0x080033b8   0x0000006a   Code   RO         1672    i.HAL_UART_Init     stm32l0xx_hal_uart.o
    0x08003422   0x08003422   0x00000002   PAD
    0x08003424   0x08003424   0x000000a8   Code   RO         4462    i.HAL_UART_MspInit  vcom.o
    0x080034cc   0x080034cc   0x000000c4   Code   RO         1677    i.HAL_UART_Receive_IT  stm32l0xx_hal_uart.o
    0x08003590   0x08003590   0x00000028   Code   RO         4463    i.HAL_UART_RxCpltCallback  vcom.o
    0x080035b8   0x080035b8   0x000000ac   Code   RO         1681    i.HAL_UART_Transmit_DMA  stm32l0xx_hal_uart.o
    0x08003664   0x08003664   0x00000010   Code   RO         4464    i.HAL_UART_TxCpltCallback  vcom.o
    0x08003674   0x08003674   0x00000002   Code   RO         1684    i.HAL_UART_TxHalfCpltCallback  stm32l0xx_hal_uart.o
    0x08003676   0x08003676   0x00000002   PAD
    0x08003678   0x08003678   0x00000018   Code   RO         4551    i.HW_AdcDeInit      mlm32l0xx_hw.o
    0x08003690   0x08003690   0x00000060   Code   RO         4552    i.HW_AdcInit        mlm32l0xx_hw.o
    0x080036f0   0x080036f0   0x000000a0   Code   RO         4553    i.HW_AdcReadChannel  mlm32l0xx_hw.o
    0x08003790   0x08003790   0x00000038   Code   RO         3893    i.HW_GPIO_GetBitPos  hw_gpio.o
    0x080037c8   0x080037c8   0x00000054   Code   RO         3894    i.HW_GPIO_Init      hw_gpio.o
    0x0800381c   0x0800381c   0x0000001c   Code   RO         3895    i.HW_GPIO_IrqHandler  hw_gpio.o
    0x08003838   0x08003838   0x0000003c   Code   RO         3897    i.HW_GPIO_SetIrq    hw_gpio.o
    0x08003874   0x08003874   0x0000000a   Code   RO         3898    i.HW_GPIO_Write     hw_gpio.o
    0x0800387e   0x0800387e   0x00000002   PAD
    0x08003880   0x08003880   0x00000028   Code   RO         4555    i.HW_GetBatteryLevel  mlm32l0xx_hw.o
    0x080038a8   0x080038a8   0x00000014   Code   RO         4556    i.HW_GetRandomSeed  mlm32l0xx_hw.o
    0x080038bc   0x080038bc   0x00000058   Code   RO         4557    i.HW_GetTemperatureLevel  mlm32l0xx_hw.o
    0x08003914   0x08003914   0x00000044   Code   RO         4558    i.HW_GetUniqueId    mlm32l0xx_hw.o
    0x08003958   0x08003958   0x000000b0   Code   RO         4559    i.HW_GpioInit       mlm32l0xx_hw.o
    0x08003a08   0x08003a08   0x00000048   Code   RO         4560    i.HW_Init           mlm32l0xx_hw.o
    0x08003a50   0x08003a50   0x00000020   Code   RO         3944    i.HW_RTC_BKUPRead   hw_rtc.o
    0x08003a70   0x08003a70   0x00000020   Code   RO         3945    i.HW_RTC_BKUPWrite  hw_rtc.o
    0x08003a90   0x08003a90   0x00000026   Code   RO         3946    i.HW_RTC_DelayMs    hw_rtc.o
    0x08003ab6   0x08003ab6   0x00000024   Code   RO         3947    i.HW_RTC_GetCalendarTime  hw_rtc.o
    0x08003ada   0x08003ada   0x00000002   PAD
    0x08003adc   0x08003adc   0x000000b4   Code   RO         3948    i.HW_RTC_GetCalendarValue  hw_rtc.o
    0x08003b90   0x08003b90   0x00000004   Code   RO         3949    i.HW_RTC_GetMinimumTimeout  hw_rtc.o
    0x08003b94   0x08003b94   0x0000000c   Code   RO         3950    i.HW_RTC_GetTimerContext  hw_rtc.o
    0x08003ba0   0x08003ba0   0x0000001c   Code   RO         3951    i.HW_RTC_GetTimerElapsedTime  hw_rtc.o
    0x08003bbc   0x08003bbc   0x00000010   Code   RO         3952    i.HW_RTC_GetTimerValue  hw_rtc.o
    0x08003bcc   0x08003bcc   0x0000002c   Code   RO         3953    i.HW_RTC_Init       hw_rtc.o
    0x08003bf8   0x08003bf8   0x00000040   Code   RO         3954    i.HW_RTC_IrqHandler  hw_rtc.o
    0x08003c38   0x08003c38   0x0000003c   Code   RO         3955    i.HW_RTC_SetAlarm   hw_rtc.o
    0x08003c74   0x08003c74   0x00000060   Code   RO         3956    i.HW_RTC_SetConfig  hw_rtc.o
    0x08003cd4   0x08003cd4   0x00000018   Code   RO         3957    i.HW_RTC_SetTimerContext  hw_rtc.o
    0x08003cec   0x08003cec   0x00000118   Code   RO         3958    i.HW_RTC_StartWakeUpAlarm  hw_rtc.o
    0x08003e04   0x08003e04   0x0000002c   Code   RO         3959    i.HW_RTC_StopAlarm  hw_rtc.o
    0x08003e30   0x08003e30   0x00000014   Code   RO         3960    i.HW_RTC_Tick2ms    hw_rtc.o
    0x08003e44   0x08003e44   0x00000010   Code   RO         3962    i.HW_RTC_ms2Tick    hw_rtc.o
    0x08003e54   0x08003e54   0x00000020   Code   RO         4104    i.HW_SPI_InOut      hw_spi.o
    0x08003e74   0x08003e74   0x00000084   Code   RO         4105    i.HW_SPI_Init       hw_spi.o
    0x08003ef8   0x08003ef8   0x00000060   Code   RO         4107    i.HW_SPI_IoInit     hw_spi.o
    0x08003f58   0x08003f58   0x000000c8   Code   RO         4891    i.HandleRadioRxErrorTimeout  loramac.o
    0x08004020   0x08004020   0x00000018   Code   RO         5834    i.IncreaseBufferPointer  loramacconfirmqueue.o
    0x08004038   0x08004038   0x00000014   Code   RO         5740    i.IsSticky          loramaccommands.o
    0x0800404c   0x0800404c   0x00000030   Code   RO         4346    i.LORA_ConfirmClass  main.o
    0x0800407c   0x0800407c   0x00000034   Code   RO         4347    i.LORA_GetBatteryLevel  main.o
    0x080040b0   0x080040b0   0x00000018   Code   RO         4348    i.LORA_HasJoined    main.o
    0x080040c8   0x080040c8   0x000000fc   Code   RO         4150    i.LORA_Init         lora.o
    0x080041c4   0x080041c4   0x00000034   Code   RO         4151    i.LORA_Join         lora.o
    0x080041f8   0x080041f8   0x0000001c   Code   RO         4152    i.LORA_JoinStatus   lora.o
    0x08004214   0x08004214   0x00000010   Code   RO         4349    i.LORA_McpsDataConfirm  main.o
    0x08004224   0x08004224   0x0000007c   Code   RO         4153    i.LORA_RequestClass  lora.o
    0x080042a0   0x080042a0   0x00000044   Code   RO         4350    i.LORA_TxNeeded     main.o
    0x080042e4   0x080042e4   0x0000007c   Code   RO         4154    i.LORA_send         lora.o
    0x08004360   0x08004360   0x00000034   Code   RO         6157    i.LPM_EnterLowPower  low_power_manager.o
    0x08004394   0x08004394   0x00000002   Code   RO         6158    i.LPM_EnterOffMode  low_power_manager.o
    0x08004396   0x08004396   0x0000000c   Code   RO         4561    i.LPM_EnterSleepMode  mlm32l0xx_hw.o
    0x080043a2   0x080043a2   0x00000002   PAD
    0x080043a4   0x080043a4   0x00000078   Code   RO         4562    i.LPM_EnterStopMode  mlm32l0xx_hw.o
    0x0800441c   0x0800441c   0x00000002   Code   RO         6161    i.LPM_ExitOffMode   low_power_manager.o
    0x0800441e   0x0800441e   0x00000002   Code   RO         6162    i.LPM_ExitSleepMode  low_power_manager.o
    0x08004420   0x08004420   0x00000058   Code   RO         4563    i.LPM_ExitStopMode  mlm32l0xx_hw.o
    0x08004478   0x08004478   0x00000028   Code   RO         6164    i.LPM_GetMode       low_power_manager.o
    0x080044a0   0x080044a0   0x00000028   Code   RO         6165    i.LPM_SetOffMode    low_power_manager.o
    0x080044c8   0x080044c8   0x00000028   Code   RO         6166    i.LPM_SetStopMode   low_power_manager.o
    0x080044f0   0x080044f0   0x00000008   Code   RO         6801    i.LimitTxPower      regionas923.o
    0x080044f8   0x080044f8   0x00000012   Code   RO         5498    i.LoRaMacAdrCalcNext  loramacadr.o
    0x0800450a   0x0800450a   0x00000004   Code   RO         5525    i.LoRaMacClassBBeaconFreqReq  loramacclassb.o
    0x0800450e   0x0800450e   0x00000002   Code   RO         5526    i.LoRaMacClassBBeaconTimerEvent  loramacclassb.o
    0x08004510   0x08004510   0x00000002   Code   RO         5527    i.LoRaMacClassBBeaconTimingAns  loramacclassb.o
    0x08004512   0x08004512   0x00000002   Code   RO         5528    i.LoRaMacClassBDeviceTimeAns  loramacclassb.o
    0x08004514   0x08004514   0x00000008   Code   RO         5529    i.LoRaMacClassBGetNvmCtx  loramacclassb.o
    0x0800451c   0x0800451c   0x00000002   Code   RO         5530    i.LoRaMacClassBHaltBeaconing  loramacclassb.o
    0x0800451e   0x0800451e   0x00000002   Code   RO         5531    i.LoRaMacClassBInit  loramacclassb.o
    0x08004520   0x08004520   0x00000004   Code   RO         5532    i.LoRaMacClassBIsAcquisitionInProgress  loramacclassb.o
    0x08004524   0x08004524   0x00000004   Code   RO         5534    i.LoRaMacClassBIsBeaconExpected  loramacclassb.o
    0x08004528   0x08004528   0x00000004   Code   RO         5535    i.LoRaMacClassBIsBeaconModeActive  loramacclassb.o
    0x0800452c   0x0800452c   0x00000004   Code   RO         5536    i.LoRaMacClassBIsMulticastExpected  loramacclassb.o
    0x08004530   0x08004530   0x00000004   Code   RO         5537    i.LoRaMacClassBIsPingExpected  loramacclassb.o
    0x08004534   0x08004534   0x00000004   Code   RO         5538    i.LoRaMacClassBIsUplinkCollision  loramacclassb.o
    0x08004538   0x08004538   0x00000004   Code   RO         5539    i.LoRaMacClassBMibGetRequestConfirm  loramacclassb.o
    0x0800453c   0x0800453c   0x00000002   Code   RO         5540    i.LoRaMacClassBMulticastSlotTimerEvent  loramacclassb.o
    0x0800453e   0x0800453e   0x00000004   Code   RO         5541    i.LoRaMacClassBPingSlotChannelReq  loramacclassb.o
    0x08004542   0x08004542   0x00000002   Code   RO         5542    i.LoRaMacClassBPingSlotInfoAns  loramacclassb.o
    0x08004544   0x08004544   0x00000002   Code   RO         5543    i.LoRaMacClassBPingSlotTimerEvent  loramacclassb.o
    0x08004546   0x08004546   0x00000002   Code   RO         5544    i.LoRaMacClassBProcess  loramacclassb.o
    0x08004548   0x08004548   0x00000004   Code   RO         5545    i.LoRaMacClassBRestoreNvmCtx  loramacclassb.o
    0x0800454c   0x0800454c   0x00000002   Code   RO         5546    i.LoRaMacClassBResumeBeaconing  loramacclassb.o
    0x0800454e   0x0800454e   0x00000004   Code   RO         5547    i.LoRaMacClassBRxBeacon  loramacclassb.o
    0x08004552   0x08004552   0x00000002   Code   RO         5548    i.LoRaMacClassBSetBeaconState  loramacclassb.o
    0x08004554   0x08004554   0x00000002   Code   RO         5550    i.LoRaMacClassBSetMulticastSlotState  loramacclassb.o
    0x08004556   0x08004556   0x00000002   Code   RO         5551    i.LoRaMacClassBSetPingSlotInfo  loramacclassb.o
    0x08004558   0x08004558   0x00000002   Code   RO         5552    i.LoRaMacClassBSetPingSlotState  loramacclassb.o
    0x0800455a   0x0800455a   0x00000002   Code   RO         5554    i.LoRaMacClassBStopRxSlots  loramacclassb.o
    0x0800455c   0x0800455c   0x00000004   Code   RO         5555    i.LoRaMacClassBSwitchClass  loramacclassb.o
    0x08004560   0x08004560   0x00000090   Code   RO         5741    i.LoRaMacCommandsAddCmd  loramaccommands.o
    0x080045f0   0x080045f0   0x0000000c   Code   RO         5743    i.LoRaMacCommandsGetNvmCtx  loramaccommands.o
    0x080045fc   0x080045fc   0x00000018   Code   RO         5744    i.LoRaMacCommandsGetSizeSerializedCmds  loramaccommands.o
    0x08004614   0x08004614   0x00000028   Code   RO         5745    i.LoRaMacCommandsInit  loramaccommands.o
    0x0800463c   0x0800463c   0x0000007c   Code   RO         5746    i.LoRaMacCommandsRemoveCmd  loramaccommands.o
    0x080046b8   0x080046b8   0x00000028   Code   RO         5747    i.LoRaMacCommandsRemoveNoneStickyCmds  loramaccommands.o
    0x080046e0   0x080046e0   0x0000002c   Code   RO         5748    i.LoRaMacCommandsRemoveStickyAnsCmds  loramaccommands.o
    0x0800470c   0x0800470c   0x0000001c   Code   RO         5749    i.LoRaMacCommandsRestoreNvmCtx  loramaccommands.o
    0x08004728   0x08004728   0x0000004c   Code   RO         5750    i.LoRaMacCommandsSerializeCmds  loramaccommands.o
    0x08004774   0x08004774   0x0000002c   Code   RO         5751    i.LoRaMacCommandsStickyCmdsPending  loramaccommands.o
    0x080047a0   0x080047a0   0x00000038   Code   RO         5835    i.LoRaMacConfirmQueueAdd  loramacconfirmqueue.o
    0x080047d8   0x080047d8   0x0000000c   Code   RO         5836    i.LoRaMacConfirmQueueGetCnt  loramacconfirmqueue.o
    0x080047e4   0x080047e4   0x0000000c   Code   RO         5837    i.LoRaMacConfirmQueueGetNvmCtx  loramacconfirmqueue.o
    0x080047f0   0x080047f0   0x00000024   Code   RO         5838    i.LoRaMacConfirmQueueGetStatus  loramacconfirmqueue.o
    0x08004814   0x08004814   0x00000054   Code   RO         5840    i.LoRaMacConfirmQueueHandleCb  loramacconfirmqueue.o
    0x08004868   0x08004868   0x0000002c   Code   RO         5841    i.LoRaMacConfirmQueueInit  loramacconfirmqueue.o
    0x08004894   0x08004894   0x00000018   Code   RO         5842    i.LoRaMacConfirmQueueIsCmdActive  loramacconfirmqueue.o
    0x080048ac   0x080048ac   0x00000018   Code   RO         5843    i.LoRaMacConfirmQueueIsFull  loramacconfirmqueue.o
    0x080048c4   0x080048c4   0x00000020   Code   RO         5844    i.LoRaMacConfirmQueueRemoveFirst  loramacconfirmqueue.o
    0x080048e4   0x080048e4   0x00000018   Code   RO         5846    i.LoRaMacConfirmQueueRestoreNvmCtx  loramacconfirmqueue.o
    0x080048fc   0x080048fc   0x0000002c   Code   RO         5847    i.LoRaMacConfirmQueueSetStatus  loramacconfirmqueue.o
    0x08004928   0x08004928   0x00000030   Code   RO         5848    i.LoRaMacConfirmQueueSetStatusCmn  loramacconfirmqueue.o
    0x08004958   0x08004958   0x00000048   Code   RO         5280    i.LoRaMacCryptoDeriveMcKEKey  loramaccrypto.o
    0x080049a0   0x080049a0   0x00000068   Code   RO         5281    i.LoRaMacCryptoDeriveMcRootKey  loramaccrypto.o
    0x08004a08   0x08004a08   0x00000074   Code   RO         5283    i.LoRaMacCryptoGetFCntDown  loramaccrypto.o
    0x08004a7c   0x08004a7c   0x0000001c   Code   RO         5284    i.LoRaMacCryptoGetFCntUp  loramaccrypto.o
    0x08004a98   0x08004a98   0x0000000c   Code   RO         5285    i.LoRaMacCryptoGetNvmCtx  loramaccrypto.o
    0x08004aa4   0x08004aa4   0x00000170   Code   RO         5286    i.LoRaMacCryptoHandleJoinAccept  loramaccrypto.o
    0x08004c14   0x08004c14   0x0000003c   Code   RO         5287    i.LoRaMacCryptoInit  loramaccrypto.o
    0x08004c50   0x08004c50   0x00000060   Code   RO         5288    i.LoRaMacCryptoPrepareJoinRequest  loramaccrypto.o
    0x08004cb0   0x08004cb0   0x0000001c   Code   RO         5291    i.LoRaMacCryptoRestoreNvmCtx  loramaccrypto.o
    0x08004ccc   0x08004ccc   0x000000c0   Code   RO         5292    i.LoRaMacCryptoSecureMessage  loramaccrypto.o
    0x08004d8c   0x08004d8c   0x00000030   Code   RO         5293    i.LoRaMacCryptoSetKey  loramaccrypto.o
    0x08004dbc   0x08004dbc   0x00000010   Code   RO         5294    i.LoRaMacCryptoSetLrWanVersion  loramaccrypto.o
    0x08004dcc   0x08004dcc   0x00000028   Code   RO         5295    i.LoRaMacCryptoSetMulticastReference  loramaccrypto.o
    0x08004df4   0x08004df4   0x000000c0   Code   RO         5296    i.LoRaMacCryptoUnsecureMessage  loramaccrypto.o
    0x08004eb4   0x08004eb4   0x00000064   Code   RO         4894    i.LoRaMacHandleIndicationEvents  loramac.o
    0x08004f18   0x08004f18   0x00000088   Code   RO         4895    i.LoRaMacHandleIrqEvents  loramac.o
    0x08004fa0   0x08004fa0   0x000000e4   Code   RO         4896    i.LoRaMacHandleMcpsRequest  loramac.o
    0x08005084   0x08005084   0x00000050   Code   RO         4897    i.LoRaMacHandleMlmeRequest  loramac.o
    0x080050d4   0x080050d4   0x00000070   Code   RO         4898    i.LoRaMacHandleRequestEvents  loramac.o
    0x08005144   0x08005144   0x000003c8   Code   RO         4899    i.LoRaMacInitialization  loramac.o
    0x0800550c   0x0800550c   0x00000020   Code   RO         4900    i.LoRaMacIsBusy     loramac.o
    0x0800552c   0x0800552c   0x00000148   Code   RO         4905    i.LoRaMacMcpsRequest  loramac.o
    0x08005674   0x08005674   0x00000004   Code   RO         5556    i.LoRaMacMibClassBSetRequestConfirm  loramacclassb.o
    0x08005678   0x08005678   0x00000114   Code   RO         4906    i.LoRaMacMibGetRequestConfirm  loramac.o
    0x0800578c   0x0800578c   0x000003e0   Code   RO         4907    i.LoRaMacMibSetRequestConfirm  loramac.o
    0x08005b6c   0x08005b6c   0x00000168   Code   RO         4908    i.LoRaMacMlmeRequest  loramac.o
    0x08005cd4   0x08005cd4   0x000000aa   Code   RO         5943    i.LoRaMacParserData  loramacparser.o
    0x08005d7e   0x08005d7e   0x0000009c   Code   RO         5944    i.LoRaMacParserJoinAccept  loramacparser.o
    0x08005e1a   0x08005e1a   0x00000002   PAD
    0x08005e1c   0x08005e1c   0x0000009c   Code   RO         4909    i.LoRaMacProcess    loramac.o
    0x08005eb8   0x08005eb8   0x000000b0   Code   RO         4910    i.LoRaMacQueryTxPossible  loramac.o
    0x08005f68   0x08005f68   0x000000cc   Code   RO         5969    i.LoRaMacSerializerData  loramacserializer.o
    0x08006034   0x08006034   0x0000006c   Code   RO         5970    i.LoRaMacSerializerJoinRequest  loramacserializer.o
    0x080060a0   0x080060a0   0x0000000c   Code   RO         4911    i.LoRaMacStart      loramac.o
    0x080060ac   0x080060ac   0x00000028   Code   RO         4913    i.LoRaMacTestSetDutyCycleOn  loramac.o
    0x080060d4   0x080060d4   0x0000000c   Code   RO         4351    i.LoraMacProcessNotify  main.o
    0x080060e0   0x080060e0   0x0000000e   Code   RO         4352    i.LoraRxData        main.o
    0x080060ee   0x080060ee   0x00000030   Code   RO         4824    i.MSP_GetIRQn       mlm32l0xx_hal_msp.o
    0x0800611e   0x0800611e   0x00000002   PAD
    0x08006120   0x08006120   0x0000002c   Code   RO         4155    i.McpsConfirm       lora.o
    0x0800614c   0x0800614c   0x00000064   Code   RO         4156    i.McpsIndication    lora.o
    0x080061b0   0x080061b0   0x00000040   Code   RO         4157    i.MlmeConfirm       lora.o
    0x080061f0   0x080061f0   0x00000014   Code   RO         4158    i.MlmeIndication    lora.o
    0x08006204   0x08006204   0x00000010   Code   RO         5752    i.NvmCtxCallback    loramaccommands.o
    0x08006214   0x08006214   0x00000044   Code   RO         4914    i.OnAckTimeoutTimerEvent  loramac.o
    0x08006258   0x08006258   0x00000024   Code   RO         4159    i.OnCertifTimer     lora.o
    0x0800627c   0x0800627c   0x00000008   Code   RO         5443    i.OnCertifTxNextPacketTimerEvent  lora-test.o
    0x08006284   0x08006284   0x00000044   Code   RO         4915    i.OnRadioRxDone     loramac.o
    0x080062c8   0x080062c8   0x00000024   Code   RO         4916    i.OnRadioRxError    loramac.o
    0x080062ec   0x080062ec   0x00000024   Code   RO         4917    i.OnRadioRxTimeout  loramac.o
    0x08006310   0x08006310   0x00000040   Code   RO         4918    i.OnRadioTxDone     loramac.o
    0x08006350   0x08006350   0x00000024   Code   RO         4919    i.OnRadioTxTimeout  loramac.o
    0x08006374   0x08006374   0x00000054   Code   RO         4711    i.OnRxDone          test_rf.o
    0x080063c8   0x080063c8   0x00000028   Code   RO         4712    i.OnRxError         test_rf.o
    0x080063f0   0x080063f0   0x0000002c   Code   RO         4713    i.OnRxTimeout       test_rf.o
    0x0800641c   0x0800641c   0x00000040   Code   RO         4920    i.OnRxWindow1TimerEvent  loramac.o
    0x0800645c   0x0800645c   0x00000048   Code   RO         4921    i.OnRxWindow2TimerEvent  loramac.o
    0x080064a4   0x080064a4   0x00000054   Code   RO         4922    i.OnTxDelayedTimerEvent  loramac.o
    0x080064f8   0x080064f8   0x00000028   Code   RO         4714    i.OnTxDone          test_rf.o
    0x08006520   0x08006520   0x0000002c   Code   RO         4715    i.OnTxTimeout       test_rf.o
    0x0800654c   0x0800654c   0x00000038   Code   RO         4923    i.OpenContinuousRxCWindow  loramac.o
    0x08006584   0x08006584   0x00000096   Code   RO         5297    i.PayloadEncrypt    loramaccrypto.o
    0x0800661a   0x0800661a   0x00000002   PAD
    0x0800661c   0x0800661c   0x00000060   Code   RO         5298    i.PrepareB0         loramaccrypto.o
    0x0800667c   0x0800667c   0x0000015c   Code   RO         4924    i.PrepareFrame      loramac.o
    0x080067d8   0x080067d8   0x00000034   Code   RO         4925    i.PrepareRxDoneAbort  loramac.o
    0x0800680c   0x0800680c   0x000004fc   Code   RO         4926    i.ProcessMacCommands  loramac.o
    0x08006d08   0x08006d08   0x000004ec   Code   RO         4927    i.ProcessRadioRxDone  loramac.o
    0x080071f4   0x080071f4   0x000000cc   Code   RO         4928    i.ProcessRadioTxDone  loramac.o
    0x080072c0   0x080072c0   0x00000008   Code   RO         4656    i.RNG_LPUART1_IRQHandler  mlm32l0xx_it.o
    0x080072c8   0x080072c8   0x00000010   Code   RO          983    i.RTC_Bcd2ToByte    stm32l0xx_hal_rtc.o
    0x080072d8   0x080072d8   0x00000018   Code   RO          984    i.RTC_ByteToBcd2    stm32l0xx_hal_rtc.o
    0x080072f0   0x080072f0   0x00000038   Code   RO          985    i.RTC_EnterInitMode  stm32l0xx_hal_rtc.o
    0x08007328   0x08007328   0x00000008   Code   RO         4657    i.RTC_IRQHandler    mlm32l0xx_it.o
    0x08007330   0x08007330   0x00000004   Code   RO         6802    i.RegionAS923AlternateDr  regionas923.o
    0x08007334   0x08007334   0x0000007c   Code   RO         6803    i.RegionAS923ApplyCFList  regionas923.o
    0x080073b0   0x080073b0   0x00000030   Code   RO         6804    i.RegionAS923ApplyDrOffset  regionas923.o
    0x080073e0   0x080073e0   0x00000034   Code   RO         6805    i.RegionAS923CalcBackOff  regionas923.o
    0x08007414   0x08007414   0x0000002c   Code   RO         6806    i.RegionAS923ChanMaskSet  regionas923.o
    0x08007440   0x08007440   0x000000a4   Code   RO         6807    i.RegionAS923ChannelAdd  regionas923.o
    0x080074e4   0x080074e4   0x0000002c   Code   RO         6808    i.RegionAS923ChannelsRemove  regionas923.o
    0x08007510   0x08007510   0x00000064   Code   RO         6809    i.RegionAS923ComputeRxWindowParameters  regionas923.o
    0x08007574   0x08007574   0x00000038   Code   RO         6810    i.RegionAS923DlChannelReq  regionas923.o
    0x080075ac   0x080075ac   0x0000000c   Code   RO         6811    i.RegionAS923GetNvmCtx  regionas923.o
    0x080075b8   0x080075b8   0x00000138   Code   RO         6812    i.RegionAS923GetPhyParam  regionas923.o
    0x080076f0   0x080076f0   0x00000088   Code   RO         6813    i.RegionAS923InitDefaults  regionas923.o
    0x08007778   0x08007778   0x0000012c   Code   RO         6814    i.RegionAS923LinkAdrReq  regionas923.o
    0x080078a4   0x080078a4   0x00000048   Code   RO         6815    i.RegionAS923NewChannelReq  regionas923.o
    0x080078ec   0x080078ec   0x000000f8   Code   RO         6816    i.RegionAS923NextChannel  regionas923.o
    0x080079e4   0x080079e4   0x000000e0   Code   RO         6818    i.RegionAS923RxConfig  regionas923.o
    0x08007ac4   0x08007ac4   0x0000003e   Code   RO         6819    i.RegionAS923RxParamSetupReq  regionas923.o
    0x08007b02   0x08007b02   0x00000002   PAD
    0x08007b04   0x08007b04   0x00000024   Code   RO         6820    i.RegionAS923SetBandTxDone  regionas923.o
    0x08007b28   0x08007b28   0x00000050   Code   RO         6821    i.RegionAS923SetContinuousWave  regionas923.o
    0x08007b78   0x08007b78   0x000000dc   Code   RO         6822    i.RegionAS923TxConfig  regionas923.o
    0x08007c54   0x08007c54   0x00000004   Code   RO         6823    i.RegionAS923TxParamSetupReq  regionas923.o
    0x08007c58   0x08007c58   0x0000005e   Code   RO         6824    i.RegionAS923Verify  regionas923.o
    0x08007cb6   0x08007cb6   0x00000016   Code   RO         6637    i.RegionAlternateDr  region.o
    0x08007ccc   0x08007ccc   0x0000000e   Code   RO         6638    i.RegionApplyCFList  region.o
    0x08007cda   0x08007cda   0x0000001a   Code   RO         6639    i.RegionApplyDrOffset  region.o
    0x08007cf4   0x08007cf4   0x0000000e   Code   RO         6640    i.RegionCalcBackOff  region.o
    0x08007d02   0x08007d02   0x00000012   Code   RO         6641    i.RegionChanMaskSet  region.o
    0x08007d14   0x08007d14   0x0000005c   Code   RO         7519    i.RegionCommonCalcBackOff  regioncommon.o
    0x08007d70   0x08007d70   0x00000026   Code   RO         7520    i.RegionCommonChanDisable  regioncommon.o
    0x08007d96   0x08007d96   0x0000001e   Code   RO         7521    i.RegionCommonChanMaskCopy  regioncommon.o
    0x08007db4   0x08007db4   0x00000060   Code   RO         7522    i.RegionCommonChanVerifyDr  regioncommon.o
    0x08007e14   0x08007e14   0x00000090   Code   RO         7523    i.RegionCommonComputeRxWindowParameters  regioncommon.o
    0x08007ea4   0x08007ea4   0x00000018   Code   RO         7524    i.RegionCommonComputeSymbolTimeFsk  regioncommon.o
    0x08007ebc   0x08007ebc   0x0000002c   Code   RO         7525    i.RegionCommonComputeSymbolTimeLoRa  regioncommon.o
    0x08007ee8   0x08007ee8   0x00000028   Code   RO         7526    i.RegionCommonComputeTxPower  regioncommon.o
    0x08007f10   0x08007f10   0x00000044   Code   RO         7527    i.RegionCommonCountChannels  regioncommon.o
    0x08007f54   0x08007f54   0x00000028   Code   RO         7528    i.RegionCommonGetJoinDc  regioncommon.o
    0x08007f7c   0x08007f7c   0x0000008e   Code   RO         7529    i.RegionCommonLinkAdrReqVerifyParams  regioncommon.o
    0x0800800a   0x0800800a   0x00000036   Code   RO         7530    i.RegionCommonParseLinkAdrReq  regioncommon.o
    0x08008040   0x08008040   0x0000000a   Code   RO         7532    i.RegionCommonSetBandTxDone  regioncommon.o
    0x0800804a   0x0800804a   0x00000090   Code   RO         7533    i.RegionCommonUpdateBandTimeOff  regioncommon.o
    0x080080da   0x080080da   0x00000010   Code   RO         7534    i.RegionCommonValueInRange  regioncommon.o
    0x080080ea   0x080080ea   0x0000001a   Code   RO         6644    i.RegionComputeRxWindowParameters  region.o
    0x08008104   0x08008104   0x00000012   Code   RO         6645    i.RegionDlChannelReq  region.o
    0x08008116   0x08008116   0x00000012   Code   RO         6646    i.RegionGetNvmCtx   region.o
    0x08008128   0x08008128   0x00000014   Code   RO         6647    i.RegionGetPhyParam  region.o
    0x0800813c   0x0800813c   0x0000000e   Code   RO         6648    i.RegionInitDefaults  region.o
    0x0800814a   0x0800814a   0x0000000c   Code   RO         6649    i.RegionIsActive    region.o
    0x08008156   0x08008156   0x00000022   Code   RO         6650    i.RegionLinkAdrReq  region.o
    0x08008178   0x08008178   0x00000012   Code   RO         6651    i.RegionNewChannelReq  region.o
    0x0800818a   0x0800818a   0x0000001e   Code   RO         6652    i.RegionNextChannel  region.o
    0x080081a8   0x080081a8   0x00000016   Code   RO         6654    i.RegionRxConfig    region.o
    0x080081be   0x080081be   0x00000012   Code   RO         6655    i.RegionRxParamSetupReq  region.o
    0x080081d0   0x080081d0   0x0000000e   Code   RO         6656    i.RegionSetBandTxDone  region.o
    0x080081de   0x080081de   0x0000000e   Code   RO         6657    i.RegionSetContinuousWave  region.o
    0x080081ec   0x080081ec   0x0000001a   Code   RO         6658    i.RegionTxConfig    region.o
    0x08008206   0x08008206   0x00000012   Code   RO         6659    i.RegionTxParamSetupReq  region.o
    0x08008218   0x08008218   0x00000016   Code   RO         6660    i.RegionVerify      region.o
    0x0800822e   0x0800822e   0x00000002   PAD
    0x08008230   0x08008230   0x00000028   Code   RO         5299    i.ResetFCnts        loramaccrypto.o
    0x08008258   0x08008258   0x000000e8   Code   RO         4929    i.ResetMacParameters  loramac.o
    0x08008340   0x08008340   0x0000008c   Code   RO         4930    i.RestoreCtxs       loramac.o
    0x080083cc   0x080083cc   0x00000094   Code   RO            4    i.RxChainCalibration  sx1276.o
    0x08008460   0x08008460   0x0000003c   Code   RO         4931    i.RxWindowSetup     loramac.o
    0x0800849c   0x0800849c   0x00000042   Code   RO         2383    i.SPI_EndRxTxTransaction  stm32l0xx_hal_spi.o
    0x080084de   0x080084de   0x0000008c   Code   RO         2388    i.SPI_WaitFlagStateUntilTimeout  stm32l0xx_hal_spi.o
    0x0800856a   0x0800856a   0x00000002   PAD
    0x0800856c   0x0800856c   0x0000000c   Code   RO            5    i.SX1276BoardInit   sx1276.o
    0x08008578   0x08008578   0x00000004   Code   RO          436    i.SX1276CheckRfFrequency  mlm32l07x01.o
    0x0800857c   0x0800857c   0x0000000c   Code   RO          437    i.SX1276GetPaSelect  mlm32l07x01.o
    0x08008588   0x08008588   0x0000000c   Code   RO            6    i.SX1276GetStatus   sx1276.o
    0x08008594   0x08008594   0x000001e4   Code   RO            7    i.SX1276GetTimeOnAir  sx1276.o
    0x08008778   0x08008778   0x00000004   Code   RO          438    i.SX1276GetWakeTime  mlm32l07x01.o
    0x0800877c   0x0800877c   0x00000014   Code   RO            8    i.SX1276GetWakeupTime  sx1276.o
    0x08008790   0x08008790   0x0000008c   Code   RO            9    i.SX1276Init        sx1276.o
    0x0800881c   0x0800881c   0x00000050   Code   RO          439    i.SX1276IoDeInit    mlm32l07x01.o
    0x0800886c   0x0800886c   0x00000074   Code   RO          440    i.SX1276IoInit      mlm32l07x01.o
    0x080088e0   0x080088e0   0x00000044   Code   RO          441    i.SX1276IoIrqInit   mlm32l07x01.o
    0x08008924   0x08008924   0x00000060   Code   RO           10    i.SX1276IsChannelFree  sx1276.o
    0x08008984   0x08008984   0x00000240   Code   RO           11    i.SX1276OnDio0Irq   sx1276.o
    0x08008bc4   0x08008bc4   0x000000d4   Code   RO           12    i.SX1276OnDio1Irq   sx1276.o
    0x08008c98   0x08008c98   0x000000b4   Code   RO           13    i.SX1276OnDio2Irq   sx1276.o
    0x08008d4c   0x08008d4c   0x00000054   Code   RO           14    i.SX1276OnDio3Irq   sx1276.o
    0x08008da0   0x08008da0   0x0000001c   Code   RO           15    i.SX1276OnDio4Irq   sx1276.o
    0x08008dbc   0x08008dbc   0x000000c8   Code   RO           17    i.SX1276OnTimeoutIrq  sx1276.o
    0x08008e84   0x08008e84   0x0000003e   Code   RO           18    i.SX1276Random      sx1276.o
    0x08008ec2   0x08008ec2   0x00000010   Code   RO           19    i.SX1276Read        sx1276.o
    0x08008ed2   0x08008ed2   0x00000042   Code   RO           20    i.SX1276ReadBuffer  sx1276.o
    0x08008f14   0x08008f14   0x0000000e   Code   RO           21    i.SX1276ReadFifo    sx1276.o
    0x08008f22   0x08008f22   0x00000002   PAD
    0x08008f24   0x08008f24   0x00000044   Code   RO           22    i.SX1276ReadRssi    sx1276.o
    0x08008f68   0x08008f68   0x00000050   Code   RO           23    i.SX1276Reset       sx1276.o
    0x08008fb8   0x08008fb8   0x000000f0   Code   RO           24    i.SX1276Send        sx1276.o
    0x080090a8   0x080090a8   0x00000044   Code   RO          442    i.SX1276SetAntSw    mlm32l07x01.o
    0x080090ec   0x080090ec   0x00000074   Code   RO          443    i.SX1276SetAntSwLowPower  mlm32l07x01.o
    0x08009160   0x08009160   0x00000050   Code   RO           25    i.SX1276SetChannel  sx1276.o
    0x080091b0   0x080091b0   0x00000030   Code   RO           26    i.SX1276SetMaxPayloadLength  sx1276.o
    0x080091e0   0x080091e0   0x00000074   Code   RO           27    i.SX1276SetModem    sx1276.o
    0x08009254   0x08009254   0x0000005c   Code   RO           28    i.SX1276SetOpMode   sx1276.o
    0x080092b0   0x080092b0   0x00000024   Code   RO           29    i.SX1276SetPublicNetwork  sx1276.o
    0x080092d4   0x080092d4   0x000000a6   Code   RO          444    i.SX1276SetRfTxPower  mlm32l07x01.o
    0x0800937a   0x0800937a   0x00000002   PAD
    0x0800937c   0x0800937c   0x00000200   Code   RO           30    i.SX1276SetRx       sx1276.o
    0x0800957c   0x0800957c   0x00000288   Code   RO           31    i.SX1276SetRxConfig  sx1276.o
    0x08009804   0x08009804   0x0000003c   Code   RO           32    i.SX1276SetSleep    sx1276.o
    0x08009840   0x08009840   0x0000002c   Code   RO           33    i.SX1276SetStby     sx1276.o
    0x0800986c   0x0800986c   0x000000b0   Code   RO           34    i.SX1276SetTx       sx1276.o
    0x0800991c   0x0800991c   0x000001fc   Code   RO           35    i.SX1276SetTxConfig  sx1276.o
    0x08009b18   0x08009b18   0x0000007c   Code   RO           36    i.SX1276SetTxContinuousWave  sx1276.o
    0x08009b94   0x08009b94   0x00000028   Code   RO          445    i.SX1276SetXO       mlm32l07x01.o
    0x08009bbc   0x08009bbc   0x00000038   Code   RO           37    i.SX1276StartCad    sx1276.o
    0x08009bf4   0x08009bf4   0x0000000c   Code   RO           38    i.SX1276Write       sx1276.o
    0x08009c00   0x08009c00   0x00000042   Code   RO           39    i.SX1276WriteBuffer  sx1276.o
    0x08009c42   0x08009c42   0x0000000e   Code   RO           40    i.SX1276WriteFifo   sx1276.o
    0x08009c50   0x08009c50   0x00000170   Code   RO         4932    i.ScheduleTx        loramac.o
    0x08009dc0   0x08009dc0   0x0000006c   Code   RO         6529    i.SecureElementAesEncrypt  soft-se.o
    0x08009e2c   0x08009e2c   0x00000014   Code   RO         6530    i.SecureElementComputeAesCmac  soft-se.o
    0x08009e40   0x08009e40   0x0000004c   Code   RO         6531    i.SecureElementDeriveAndStoreKey  soft-se.o
    0x08009e8c   0x08009e8c   0x00000008   Code   RO         6532    i.SecureElementGetDevEui  soft-se.o
    0x08009e94   0x08009e94   0x00000008   Code   RO         6533    i.SecureElementGetJoinEui  soft-se.o
    0x08009e9c   0x08009e9c   0x00000010   Code   RO         6534    i.SecureElementGetNvmCtx  soft-se.o
    0x08009eac   0x08009eac   0x00000148   Code   RO         6535    i.SecureElementInit  soft-se.o
    0x08009ff4   0x08009ff4   0x0000001c   Code   RO         6536    i.SecureElementRandomNumber  soft-se.o
    0x0800a010   0x0800a010   0x00000020   Code   RO         6537    i.SecureElementRestoreNvmCtx  soft-se.o
    0x0800a030   0x0800a030   0x00000028   Code   RO         6538    i.SecureElementSetDevEui  soft-se.o
    0x0800a058   0x0800a058   0x00000028   Code   RO         6539    i.SecureElementSetJoinEui  soft-se.o
    0x0800a080   0x0800a080   0x0000009c   Code   RO         6540    i.SecureElementSetKey  soft-se.o
    0x0800a11c   0x0800a11c   0x0000002c   Code   RO         6541    i.SecureElementVerifyAesCmac  soft-se.o
    0x0800a148   0x0800a148   0x00000074   Code   RO         4933    i.SecureFrame       loramac.o
    0x0800a1bc   0x0800a1bc   0x0000012c   Code   RO         4934    i.Send              loramac.o
    0x0800a2e8   0x0800a2e8   0x000000e0   Code   RO         4935    i.SendFrameOnChannel  loramac.o
    0x0800a3c8   0x0800a3c8   0x00000058   Code   RO         4936    i.SendReJoinReq     loramac.o
    0x0800a420   0x0800a420   0x00000010   Code   RO         4937    i.SetMlmeScheduleUplinkIndication  loramac.o
    0x0800a430   0x0800a430   0x0000004c   Code   RO         4938    i.SetTxContinuousWave  loramac.o
    0x0800a47c   0x0800a47c   0x00000028   Code   RO         4939    i.SetTxContinuousWave1  loramac.o
    0x0800a4a4   0x0800a4a4   0x00000048   Code   RO         4940    i.StopRetransmission  loramac.o
    0x0800a4ec   0x0800a4ec   0x00000104   Code   RO         4941    i.SwitchClass       loramac.o
    0x0800a5f0   0x0800a5f0   0x00000008   Code   RO         4658    i.SysTick_Handler   mlm32l0xx_it.o
    0x0800a5f8   0x0800a5f8   0x00000040   Code   RO         6285    i.SysTimeAdd        systime.o
    0x0800a638   0x0800a638   0x00000036   Code   RO         6287    i.SysTimeGet        systime.o
    0x0800a66e   0x0800a66e   0x0000003e   Code   RO         6291    i.SysTimeSet        systime.o
    0x0800a6ac   0x0800a6ac   0x00000040   Code   RO         6292    i.SysTimeSub        systime.o
    0x0800a6ec   0x0800a6ec   0x0000008c   Code   RO         4564    i.SystemClock_Config  mlm32l0xx_hw.o
    0x0800a778   0x0800a778   0x00000054   Code   RO          588    i.SystemInit        system_stm32l0xx.o
    0x0800a7cc   0x0800a7cc   0x0000014c   Code   RO         4716    i.TST_RX_LoraStart  test_rf.o
    0x0800a918   0x0800a918   0x000000d8   Code   RO         4717    i.TST_RxTone        test_rf.o
    0x0800a9f0   0x0800a9f0   0x000000fc   Code   RO         4718    i.TST_SET_lora_config  test_rf.o
    0x0800aaec   0x0800aaec   0x00000120   Code   RO         4719    i.TST_TX_LoraStart  test_rf.o
    0x0800ac0c   0x0800ac0c   0x0000011c   Code   RO         4720    i.TST_TxTone        test_rf.o
    0x0800ad28   0x0800ad28   0x00000110   Code   RO         4721    i.TST_get_lora_config  test_rf.o
    0x0800ae38   0x0800ae38   0x000000ac   Code   RO         4722    i.TST_stop          test_rf.o
    0x0800aee4   0x0800aee4   0x0000000c   Code   RO         6007    i.TimerGetCurrentTime  timeserver.o
    0x0800aef0   0x0800aef0   0x0000001e   Code   RO         6008    i.TimerGetElapsedTime  timeserver.o
    0x0800af0e   0x0800af0e   0x00000012   Code   RO         6009    i.TimerInit         timeserver.o
    0x0800af20   0x0800af20   0x0000001c   Code   RO         6010    i.TimerInsertNewHeadTimer  timeserver.o
    0x0800af3c   0x0800af3c   0x00000080   Code   RO         6011    i.TimerIrqHandler   timeserver.o
    0x0800afbc   0x0800afbc   0x0000002c   Code   RO         6015    i.TimerSetTimeout   timeserver.o
    0x0800afe8   0x0800afe8   0x00000022   Code   RO         6016    i.TimerSetValue     timeserver.o
    0x0800b00a   0x0800b00a   0x00000002   PAD
    0x0800b00c   0x0800b00c   0x00000074   Code   RO         6017    i.TimerStart        timeserver.o
    0x0800b080   0x0800b080   0x00000064   Code   RO         6018    i.TimerStop         timeserver.o
    0x0800b0e4   0x0800b0e4   0x00000020   Code   RO         6387    i.TraceInit         trace.o
    0x0800b104   0x0800b104   0x00000074   Code   RO         6388    i.TraceSend         trace.o
    0x0800b178   0x0800b178   0x00000050   Code   RO         6389    i.Trace_TxCpltCallback  trace.o
    0x0800b1c8   0x0800b1c8   0x000000ca   Code   RO         1685    i.UART_AdvFeatureConfig  stm32l0xx_hal_uart.o
    0x0800b292   0x0800b292   0x00000002   PAD
    0x0800b294   0x0800b294   0x00000060   Code   RO         1686    i.UART_CheckIdleState  stm32l0xx_hal_uart.o
    0x0800b2f4   0x0800b2f4   0x00000014   Code   RO         1687    i.UART_DMAAbortOnError  stm32l0xx_hal_uart.o
    0x0800b308   0x0800b308   0x00000048   Code   RO         1688    i.UART_DMAError     stm32l0xx_hal_uart.o
    0x0800b350   0x0800b350   0x00000030   Code   RO         1693    i.UART_DMATransmitCplt  stm32l0xx_hal_uart.o
    0x0800b380   0x0800b380   0x0000000a   Code   RO         1695    i.UART_DMATxHalfCplt  stm32l0xx_hal_uart.o
    0x0800b38a   0x0800b38a   0x00000020   Code   RO         1697    i.UART_EndRxTransfer  stm32l0xx_hal_uart.o
    0x0800b3aa   0x0800b3aa   0x00000010   Code   RO         1698    i.UART_EndTxTransfer  stm32l0xx_hal_uart.o
    0x0800b3ba   0x0800b3ba   0x00000058   Code   RO         1699    i.UART_RxISR_16BIT  stm32l0xx_hal_uart.o
    0x0800b412   0x0800b412   0x00000058   Code   RO         1700    i.UART_RxISR_8BIT   stm32l0xx_hal_uart.o
    0x0800b46a   0x0800b46a   0x00000002   PAD
    0x0800b46c   0x0800b46c   0x0000023c   Code   RO         1701    i.UART_SetConfig    stm32l0xx_hal_uart.o
    0x0800b6a8   0x0800b6a8   0x00000062   Code   RO         1704    i.UART_WaitOnFlagUntilTimeout  stm32l0xx_hal_uart.o
    0x0800b70a   0x0800b70a   0x00000002   PAD
    0x0800b70c   0x0800b70c   0x0000003c   Code   RO         5300    i.UpdateFCntDown    loramaccrypto.o
    0x0800b748   0x0800b748   0x00000018   Code   RO         4942    i.UpdateRxSlotIdleState  loramac.o
    0x0800b760   0x0800b760   0x00000066   Code   RO         5301    i.VerifyCmacB0      loramaccrypto.o
    0x0800b7c6   0x0800b7c6   0x00000002   PAD
    0x0800b7c8   0x0800b7c8   0x00000030   Code   RO         6825    i.VerifyRfFreq      regionas923.o
    0x0800b7f8   0x0800b7f8   0x0000002c   Code   RO         8743    i.__0vsnprintf      mc_p.l(printfa.o)
    0x0800b824   0x0800b824   0x0000002e   Code   RO         8831    i.__ARM_clz         mf_p.l(depilogue.o)
    0x0800b852   0x0800b852   0x0000001a   Code   RO          238    i.__ARM_common_switch8  sx1276.o
    0x0800b86c   0x0800b86c   0x00000044   Code   RO          824    i.__NVIC_SetPriority  stm32l0xx_hal_cortex.o
    0x0800b8b0   0x0800b8b0   0x0000000e   Code   RO         8845    i.__scatterload_copy  mc_p.l(handlers.o)
    0x0800b8be   0x0800b8be   0x00000002   Code   RO         8846    i.__scatterload_null  mc_p.l(handlers.o)
    0x0800b8c0   0x0800b8c0   0x0000000e   Code   RO         8847    i.__scatterload_zeroinit  mc_p.l(handlers.o)
    0x0800b8ce   0x0800b8ce   0x00000002   PAD
    0x0800b8d0   0x0800b8d0   0x00000174   Code   RO         8745    i._fp_digits        mc_p.l(printfa.o)
    0x0800ba44   0x0800ba44   0x000006ec   Code   RO         8746    i._printf_core      mc_p.l(printfa.o)
    0x0800c130   0x0800c130   0x00000020   Code   RO         8747    i._printf_post_padding  mc_p.l(printfa.o)
    0x0800c150   0x0800c150   0x0000002c   Code   RO         8748    i._printf_pre_padding  mc_p.l(printfa.o)
    0x0800c17c   0x0800c17c   0x00000016   Code   RO         8749    i._snputc           mc_p.l(printfa.o)
    0x0800c192   0x0800c192   0x00000030   Code   RO         6231    i.add_elementSize_and_inc_writeIdx  queue.o
    0x0800c1c2   0x0800c1c2   0x00000054   Code   RO         6430    i.aes_encrypt       aes.o
    0x0800c216   0x0800c216   0x00000002   PAD
    0x0800c218   0x0800c218   0x000000fc   Code   RO         6431    i.aes_set_key       aes.o
    0x0800c314   0x0800c314   0x00000026   Code   RO         3307    i.at_ADR_get        at.o
    0x0800c33a   0x0800c33a   0x0000002e   Code   RO         3308    i.at_ADR_set        at.o
    0x0800c368   0x0800c368   0x0000000e   Code   RO         3309    i.at_AppKey_get     at.o
    0x0800c376   0x0800c376   0x0000001c   Code   RO         3310    i.at_AppKey_set     at.o
    0x0800c392   0x0800c392   0x0000002a   Code   RO         3312    i.at_AppSKey_set    at.o
    0x0800c3bc   0x0800c3bc   0x0000000a   Code   RO         3313    i.at_Certif         at.o
    0x0800c3c6   0x0800c3c6   0x0000000e   Code   RO         3314    i.at_DataRate_get   at.o
    0x0800c3d4   0x0800c3d4   0x0000002c   Code   RO         3315    i.at_DataRate_set   at.o
    0x0800c400   0x0800c400   0x00000024   Code   RO         3316    i.at_DevAddr_get    at.o
    0x0800c424   0x0800c424   0x00000026   Code   RO         3317    i.at_DevAddr_set    at.o
    0x0800c44a   0x0800c44a   0x0000000e   Code   RO         3318    i.at_DevEUI_get     at.o
    0x0800c458   0x0800c458   0x00000034   Code   RO         3319    i.at_DeviceClass_get  at.o
    0x0800c48c   0x0800c48c   0x00000026   Code   RO         3320    i.at_DeviceClass_set  at.o
    0x0800c4b2   0x0800c4b2   0x00000002   PAD
    0x0800c4b4   0x0800c4b4   0x00000020   Code   RO         3321    i.at_DutyCycle_get  at.o
    0x0800c4d4   0x0800c4d4   0x0000001e   Code   RO         3322    i.at_DutyCycle_set  at.o
    0x0800c4f2   0x0800c4f2   0x0000000e   Code   RO         3323    i.at_Join           at.o
    0x0800c500   0x0800c500   0x00000024   Code   RO         3324    i.at_JoinAcceptDelay1_get  at.o
    0x0800c524   0x0800c524   0x0000002c   Code   RO         3325    i.at_JoinAcceptDelay1_set  at.o
    0x0800c550   0x0800c550   0x00000024   Code   RO         3326    i.at_JoinAcceptDelay2_get  at.o
    0x0800c574   0x0800c574   0x0000002c   Code   RO         3327    i.at_JoinAcceptDelay2_set  at.o
    0x0800c5a0   0x0800c5a0   0x0000000e   Code   RO         3328    i.at_JoinEUI_get    at.o
    0x0800c5ae   0x0800c5ae   0x00000002   PAD
    0x0800c5b0   0x0800c5b0   0x00000064   Code   RO         3329    i.at_JoinEUI_set    at.o
    0x0800c614   0x0800c614   0x00000024   Code   RO         3330    i.at_NetworkID_get  at.o
    0x0800c638   0x0800c638   0x00000026   Code   RO         3331    i.at_NetworkID_set  at.o
    0x0800c65e   0x0800c65e   0x00000014   Code   RO         3332    i.at_NetworkJoinMode_get  at.o
    0x0800c672   0x0800c672   0x0000001e   Code   RO         3333    i.at_NetworkJoinMode_set  at.o
    0x0800c690   0x0800c690   0x00000014   Code   RO         3334    i.at_NetworkJoinStatus  at.o
    0x0800c6a4   0x0800c6a4   0x0000002a   Code   RO         3336    i.at_NwkSKey_set    at.o
    0x0800c6ce   0x0800c6ce   0x00000026   Code   RO         3337    i.at_PublicNetwork_get  at.o
    0x0800c6f4   0x0800c6f4   0x0000002e   Code   RO         3338    i.at_PublicNetwork_set  at.o
    0x0800c722   0x0800c722   0x00000002   PAD
    0x0800c724   0x0800c724   0x00000048   Code   RO         3339    i.at_Receive        at.o
    0x0800c76c   0x0800c76c   0x0000004c   Code   RO         3340    i.at_ReceiveBinary  at.o
    0x0800c7b8   0x0800c7b8   0x00000024   Code   RO         3341    i.at_Rx1Delay_get   at.o
    0x0800c7dc   0x0800c7dc   0x0000002c   Code   RO         3342    i.at_Rx1Delay_set   at.o
    0x0800c808   0x0800c808   0x00000026   Code   RO         3343    i.at_Rx2DataRate_get  at.o
    0x0800c82e   0x0800c82e   0x00000002   PAD
    0x0800c830   0x0800c830   0x00000044   Code   RO         3344    i.at_Rx2DataRate_set  at.o
    0x0800c874   0x0800c874   0x00000024   Code   RO         3345    i.at_Rx2Delay_get   at.o
    0x0800c898   0x0800c898   0x0000002c   Code   RO         3346    i.at_Rx2Delay_set   at.o
    0x0800c8c4   0x0800c8c4   0x00000024   Code   RO         3347    i.at_Rx2Frequency_get  at.o
    0x0800c8e8   0x0800c8e8   0x00000040   Code   RO         3348    i.at_Rx2Frequency_set  at.o
    0x0800c928   0x0800c928   0x000000b8   Code   RO         3349    i.at_Send           at.o
    0x0800c9e0   0x0800c9e0   0x000000cc   Code   RO         3350    i.at_SendBinary     at.o
    0x0800caac   0x0800caac   0x00000028   Code   RO         3351    i.at_TransmitPower_get  at.o
    0x0800cad4   0x0800cad4   0x00000030   Code   RO         3352    i.at_TransmitPower_set  at.o
    0x0800cb04   0x0800cb04   0x00000014   Code   RO         3353    i.at_ack_get        at.o
    0x0800cb18   0x0800cb18   0x0000001e   Code   RO         3354    i.at_ack_set        at.o
    0x0800cb36   0x0800cb36   0x0000000e   Code   RO         3355    i.at_bat_get        at.o
    0x0800cb44   0x0800cb44   0x00000014   Code   RO         3356    i.at_isack_get      at.o
    0x0800cb58   0x0800cb58   0x0000001c   Code   RO         3357    i.at_reset          at.o
    0x0800cb74   0x0800cb74   0x00000004   Code   RO         3358    i.at_return_error   at.o
    0x0800cb78   0x0800cb78   0x0000000e   Code   RO         3360    i.at_rssi_get       at.o
    0x0800cb86   0x0800cb86   0x0000000e   Code   RO         3361    i.at_snr_get        at.o
    0x0800cb94   0x0800cb94   0x00000012   Code   RO         3362    i.at_test_get_lora_config  at.o
    0x0800cba6   0x0800cba6   0x00000012   Code   RO         3363    i.at_test_rxTone    at.o
    0x0800cbb8   0x0800cbb8   0x00000058   Code   RO         3364    i.at_test_rxlora    at.o
    0x0800cc10   0x0800cc10   0x00000012   Code   RO         3365    i.at_test_set_lora_config  at.o
    0x0800cc22   0x0800cc22   0x00000008   Code   RO         3366    i.at_test_stop      at.o
    0x0800cc2a   0x0800cc2a   0x00000012   Code   RO         3367    i.at_test_txTone    at.o
    0x0800cc3c   0x0800cc3c   0x00000058   Code   RO         3368    i.at_test_txlora    at.o
    0x0800cc94   0x0800cc94   0x0000006c   Code   RO         3369    i.at_version_get    at.o
    0x0800cd00   0x0800cd00   0x000000c8   Code   RO         8705    i.ceil              m_ps.l(ceil.o)
    0x0800cdc8   0x0800cdc8   0x00000010   Code   RO         5444    i.certif_DownLinkIncrement  lora-test.o
    0x0800cdd8   0x0800cdd8   0x00000014   Code   RO         5445    i.certif_linkCheck  lora-test.o
    0x0800cdec   0x0800cdec   0x0000000c   Code   RO         5446    i.certif_running    lora-test.o
    0x0800cdf8   0x0800cdf8   0x00000194   Code   RO         5447    i.certif_rx         lora-test.o
    0x0800cf8c   0x0800cf8c   0x000000ac   Code   RO         5448    i.certif_tx         lora-test.o
    0x0800d038   0x0800d038   0x000000d0   Code   RO         6232    i.circular_queue_add  queue.o
    0x0800d108   0x0800d108   0x0000003a   Code   RO         6233    i.circular_queue_get  queue.o
    0x0800d142   0x0800d142   0x00000010   Code   RO         6234    i.circular_queue_init  queue.o
    0x0800d152   0x0800d152   0x00000050   Code   RO         6235    i.circular_queue_remove  queue.o
    0x0800d1a2   0x0800d1a2   0x00000010   Code   RO         6236    i.circular_queue_sense  queue.o
    0x0800d1b2   0x0800d1b2   0x00000002   PAD
    0x0800d1b4   0x0800d1b4   0x00000018   Code   RO         3804    i.com_error         command.o
    0x0800d1cc   0x0800d1cc   0x00000084   Code   RO         6432    i.copy_and_key      aes.o
    0x0800d250   0x0800d250   0x00000042   Code   RO         6433    i.copy_block        aes.o
    0x0800d292   0x0800d292   0x00000002   PAD
    0x0800d294   0x0800d294   0x000000c8   Code   RO         8709    i.floor             m_ps.l(floor.o)
    0x0800d35c   0x0800d35c   0x0000001c   Code   RO         4723    i.is_in_list        test_rf.o
    0x0800d378   0x0800d378   0x00000008   Code   RO         4160    i.lora_config_appkey_get  lora.o
    0x0800d380   0x0800d380   0x00000044   Code   RO         4161    i.lora_config_appkey_set  lora.o
    0x0800d3c4   0x0800d3c4   0x00000008   Code   RO         4162    i.lora_config_deveui_get  lora.o
    0x0800d3cc   0x0800d3cc   0x0000000c   Code   RO         4163    i.lora_config_duty_cycle_get  lora.o
    0x0800d3d8   0x0800d3d8   0x00000018   Code   RO         4164    i.lora_config_duty_cycle_set  lora.o
    0x0800d3f0   0x0800d3f0   0x00000018   Code   RO         4165    i.lora_config_isack_get  lora.o
    0x0800d408   0x0800d408   0x00000008   Code   RO         4166    i.lora_config_joineui_get  lora.o
    0x0800d410   0x0800d410   0x00000014   Code   RO         4167    i.lora_config_joineui_set  lora.o
    0x0800d424   0x0800d424   0x0000000c   Code   RO         4168    i.lora_config_otaa_get  lora.o
    0x0800d430   0x0800d430   0x00000298   Code   RO         4169    i.lora_config_otaa_set  lora.o
    0x0800d6c8   0x0800d6c8   0x0000000c   Code   RO         4170    i.lora_config_reqack_get  lora.o
    0x0800d6d4   0x0800d6d4   0x0000000c   Code   RO         4171    i.lora_config_reqack_set  lora.o
    0x0800d6e0   0x0800d6e0   0x0000000c   Code   RO         4172    i.lora_config_rssi_get  lora.o
    0x0800d6ec   0x0800d6ec   0x0000000c   Code   RO         4173    i.lora_config_snr_get  lora.o
    0x0800d6f8   0x0800d6f8   0x0000000c   Code   RO         4174    i.lora_config_tx_datarate_get  lora.o
    0x0800d704   0x0800d704   0x0000000c   Code   RO         4175    i.lora_config_tx_datarate_set  lora.o
    0x0800d710   0x0800d710   0x00000030   Code   RO         4177    i.lora_wan_certif   lora.o
    0x0800d740   0x0800d740   0x00000078   Code   RO         4353    i.main              main.o
    0x0800d7b8   0x0800d7b8   0x00000016   Code   RO         6100    i.memcpy1           utilities.o
    0x0800d7ce   0x0800d7ce   0x0000001a   Code   RO         6101    i.memcpyr           utilities.o
    0x0800d7e8   0x0800d7e8   0x00000012   Code   RO         6102    i.memset1           utilities.o
    0x0800d7fa   0x0800d7fa   0x00000002   PAD
    0x0800d7fc   0x0800d7fc   0x00000218   Code   RO         6434    i.mix_sub_columns   aes.o
    0x0800da14   0x0800da14   0x000000bc   Code   RO         3805    i.parse_cmd         command.o
    0x0800dad0   0x0800dad0   0x00000048   Code   RO         3370    i.print_16_02x      at.o
    0x0800db18   0x0800db18   0x00000054   Code   RO         3371    i.print_8_02x       at.o
    0x0800db6c   0x0800db6c   0x00000014   Code   RO         3372    i.print_d           at.o
    0x0800db80   0x0800db80   0x00000014   Code   RO         3373    i.print_u           at.o
    0x0800db94   0x0800db94   0x00000034   Code   RO         3374    i.print_uint32_as_02x  at.o
    0x0800dbc8   0x0800dbc8   0x00000016   Code   RO         6237    i.queue_copy        queue.o
    0x0800dbde   0x0800dbde   0x00000002   PAD
    0x0800dbe0   0x0800dbe0   0x0000002c   Code   RO         6103    i.rand1             utilities.o
    0x0800dc0c   0x0800dc0c   0x00000016   Code   RO         6104    i.randr             utilities.o
    0x0800dc22   0x0800dc22   0x00000002   PAD
    0x0800dc24   0x0800dc24   0x0000009c   Code   RO         8712    i.round             m_ps.l(round.o)
    0x0800dcc0   0x0800dcc0   0x000000d8   Code   RO         3375    i.set_at_receive    at.o
    0x0800dd98   0x0800dd98   0x00000068   Code   RO         6435    i.shift_sub_rows    aes.o
    0x0800de00   0x0800de00   0x0000000c   Code   RO         6105    i.srand1            utilities.o
    0x0800de0c   0x0800de0c   0x0000004c   Code   RO         3376    i.sscanf_16_hhx     at.o
    0x0800de58   0x0800de58   0x00000028   Code   RO         3377    i.sscanf_uint32_as_hhx  at.o
    0x0800de80   0x0800de80   0x00000014   Code   RO         4403    i.tiny_sscanf       tiny_sscanf.o
    0x0800de94   0x0800de94   0x00000254   Code   RO         4404    i.tiny_vfscanf      tiny_sscanf.o
    0x0800e0e8   0x0800e0e8   0x00000020   Code   RO         3378    i.translate_status  at.o
    0x0800e108   0x0800e108   0x00000010   Code   RO         4465    i.vcom_DMA_TX_IRQHandler  vcom.o
    0x0800e118   0x0800e118   0x00000010   Code   RO         4467    i.vcom_IRQHandler   vcom.o
    0x0800e128   0x0800e128   0x0000003c   Code   RO         4468    i.vcom_Init         vcom.o
    0x0800e164   0x0800e164   0x00000060   Code   RO         4470    i.vcom_IoInit       vcom.o
    0x0800e1c4   0x0800e1c4   0x0000002c   Code   RO         4471    i.vcom_ReceiveInit  vcom.o
    0x0800e1f0   0x0800e1f0   0x00000014   Code   RO         4472    i.vcom_Trace        vcom.o
    0x0800e204   0x0800e204   0x00000082   Code   RO         6436    i.xor_block         aes.o
    0x0800e286   0x0800e286   0x00000002   PAD
    0x0800e288   0x0800e288   0x000000e0   Data   RO           42    .constdata          sx1276.o
    0x0800e368   0x0800e368   0x00000074   Data   RO          446    .constdata          mlm32l07x01.o
    0x0800e3dc   0x0800e3dc   0x0000000c   Data   RO          531    .constdata          b-l072z-lrwan1.o
    0x0800e3e8   0x0800e3e8   0x00000019   Data   RO          589    .constdata          system_stm32l0xx.o
    0x0800e401   0x0800e401   0x00000008   Data   RO          590    .constdata          system_stm32l0xx.o
    0x0800e409   0x0800e409   0x00000003   PAD
    0x0800e40c   0x0800e40c   0x000003e4   Data   RO         3807    .constdata          command.o
    0x0800e7f0   0x0800e7f0   0x00000018   Data   RO         3966    .constdata          hw_rtc.o
    0x0800e808   0x0800e808   0x00000034   Data   RO         4725    .constdata          test_rf.o
    0x0800e83c   0x0800e83c   0x00000010   Data   RO         4944    .constdata          loramac.o
    0x0800e84c   0x0800e84c   0x00000300   Data   RO         6437    .constdata          aes.o
    0x0800eb4c   0x0800eb4c   0x00000088   Data   RO         6827    .constdata          regionas923.o
    0x0800ebd4   0x0800ebd4   0x000000a4   Data   RO         3381    .conststring        at.o
    0x0800ec78   0x0800ec78   0x00000b4e   Data   RO         3808    .conststring        command.o
    0x0800f7c6   0x0800f7c6   0x00000002   PAD
    0x0800f7c8   0x0800f7c8   0x0000015a   Data   RO         4179    .conststring        lora.o
    0x0800f922   0x0800f922   0x00000002   PAD
    0x0800f924   0x0800f924   0x00000045   Data   RO         4354    .conststring        main.o
    0x0800f969   0x0800f969   0x00000003   PAD
    0x0800f96c   0x0800f96c   0x00000020   Data   RO         8843    Region$$Table       anon$$obj.o


    Execution Region RW_IRAM1 (Exec base: 0x20000000, Load base: 0x0800f98c, Size: 0x00001be8, Max: 0x00005000, ABSOLUTE, COMPRESSED[0x000000a4])

    Exec Addr    Load Addr    Size         Type   Attr      Idx    E Section Name        Object

    0x20000000   COMPRESSED   0x00000020   Data   RW           43    .data               sx1276.o
    0x20000020   COMPRESSED   0x00000018   Data   RW          447    .data               mlm32l07x01.o
    0x20000038   COMPRESSED   0x00000014   Data   RW          532    .data               b-l072z-lrwan1.o
    0x2000004c   COMPRESSED   0x00000004   Data   RW          591    .data               system_stm32l0xx.o
    0x20000050   COMPRESSED   0x00000004   Data   RW          649    .data               stm32l0xx_hal.o
    0x20000054   COMPRESSED   0x00000010   Data   RW         3382    .data               at.o
    0x20000064   COMPRESSED   0x0000001c   Data   RW         3809    .data               command.o
    0x20000080   COMPRESSED   0x00000004   Data   RW         3967    .data               hw_rtc.o
    0x20000084   COMPRESSED   0x00000090   Data   RW         4180    .data               lora.o
    0x20000114   COMPRESSED   0x0000002c   Data   RW         4355    .data               main.o
    0x20000140   COMPRESSED   0x0000000c   Data   RW         4474    .data               vcom.o
    0x2000014c   COMPRESSED   0x00000002   Data   RW         4566    .data               mlm32l0xx_hw.o
    0x2000014e   COMPRESSED   0x00000002   PAD
    0x20000150   COMPRESSED   0x00000040   Data   RW         4726    .data               test_rf.o
    0x20000190   COMPRESSED   0x00000008   Data   RW         4945    .data               loramac.o
    0x20000198   COMPRESSED   0x00000014   Data   RW         5303    .data               loramaccrypto.o
    0x200001ac   COMPRESSED   0x00000002   Data   RW         5450    .data               lora-test.o
    0x200001ae   COMPRESSED   0x00000002   PAD
    0x200001b0   COMPRESSED   0x00000004   Data   RW         5754    .data               loramaccommands.o
    0x200001b4   COMPRESSED   0x00000004   Data   RW         6020    .data               timeserver.o
    0x200001b8   COMPRESSED   0x00000004   Data   RW         6106    .data               utilities.o
    0x200001bc   COMPRESSED   0x00000008   Data   RW         6167    .data               low_power_manager.o
    0x200001c4   COMPRESSED   0x00000001   Data   RW         6391    .data               trace.o
    0x200001c5   COMPRESSED   0x00000003   PAD
    0x200001c8   COMPRESSED   0x00000004   Data   RW         6543    .data               soft-se.o
    0x200001cc        -       0x000001b0   Zero   RW           41    .bss                sx1276.o
    0x2000037c        -       0x000000f2   Zero   RW         3379    .bss                at.o
    0x2000046e        -       0x000000ff   Zero   RW         3380    .bss                at.o
    0x2000056d        -       0x0000010e   Zero   RW         3806    .bss                command.o
    0x2000067b   COMPRESSED   0x00000001   PAD
    0x2000067c        -       0x00000040   Zero   RW         3899    .bss                hw_gpio.o
    0x200006bc        -       0x00000068   Zero   RW         3965    .bss                hw_rtc.o
    0x20000724        -       0x00000058   Zero   RW         4108    .bss                hw_spi.o
    0x2000077c        -       0x00000058   Zero   RW         4178    .bss                lora.o
    0x200007d4        -       0x000000c8   Zero   RW         4473    .bss                vcom.o
    0x2000089c        -       0x0000005c   Zero   RW         4565    .bss                mlm32l0xx_hw.o
    0x200008f8        -       0x0000001c   Zero   RW         4724    .bss                test_rf.o
    0x20000914        -       0x000006ac   Zero   RW         4943    .bss                loramac.o
    0x20000fc0        -       0x00000040   Zero   RW         5302    .bss                loramaccrypto.o
    0x20001000        -       0x00000114   Zero   RW         5449    .bss                lora-test.o
    0x20001114        -       0x000000fc   Zero   RW         5753    .bss                loramaccommands.o
    0x20001210        -       0x0000002c   Zero   RW         5849    .bss                loramacconfirmqueue.o
    0x2000123c        -       0x00000110   Zero   RW         6390    .bss                trace.o
    0x2000134c        -       0x000003c4   Zero   RW         6542    .bss                soft-se.o
    0x20001710        -       0x000000d4   Zero   RW         6826    .bss                regionas923.o
    0x200017e4   COMPRESSED   0x00000004   PAD
    0x200017e8        -       0x00000400   Zero   RW         3298    STACK               startup_stm32l072xx.o


==============================================================================

Image component sizes


      Code (inc. data)   RO Data    RW Data    ZI Data      Debug   Object Name

      1304         12        768          0          0      15152   aes.o
      3144        658        164         16        497      73776   at.o
       100         12         12         20          0       2249   b-l072z-lrwan1.o
       554          0          0          0          0       5113   cmac.o
       504         36       3890         28        270       6361   command.o
       120         20          0          0          0       1475   debug.o
       238         28          0          0         64       4045   hw_gpio.o
      1026        118         24          4        104      33937   hw_rtc.o
       260         28          0          0         88       2705   hw_spi.o
       632         54          0          2        276       7639   lora-test.o
      1812        356        346        144         88      34418   lora.o
     10520        660         16          8       1708      81802   loramac.o
       194          0          0          0          0       3301   loramacadr.o
        90          0          0          0          0      21747   loramacclassb.o
       612         58          0          4        252      11903   loramaccommands.o
       492         60          0          0         44      11997   loramacconfirmqueue.o
      2102        118          0         20         64      24242   loramaccrypto.o
       326          0          0          0          0       2286   loramacparser.o
       312          0          0          0          0       2335   loramacserializer.o
       178         22          0          8          0       5434   low_power_manager.o
       354        158         69         44          0       4415   main.o
       674         52        116         24          0      13457   mlm32l07x01.o
       234         14          0          0          0       4472   mlm32l0xx_hal_msp.o
      1104        158          0          2         92       9559   mlm32l0xx_hw.o
       156          0          0          0          0       3669   mlm32l0xx_it.o
       448          0          0          0          0       6827   queue.o
       418          0          0          0          0      25055   region.o
      2702        236        136          0        212      29758   regionas923.o
       982         22          0          0          0      15134   regioncommon.o
      1082        100          0          4        964      14657   soft-se.o
        28          8        192          0       1024        656   startup_stm32l072xx.o
       116         28          0          4          0       4744   stm32l0xx_hal.o
      1392         52          0          0          0      10281   stm32l0xx_hal_adc.o
       170          0          0          0          0       1626   stm32l0xx_hal_adc_ex.o
       100         14          0          0          0      11688   stm32l0xx_hal_cortex.o
       536         12          0          0          0       4834   stm32l0xx_hal_dma.o
         0          0          0          0          0       2552   stm32l0xx_hal_flash.o
       424         38          0          0          0       3307   stm32l0xx_hal_gpio.o
       116         20          0          0          0       2010   stm32l0xx_hal_pwr.o
        32          8          0          0          0       1209   stm32l0xx_hal_pwr_ex.o
      1722         94          0          0          0       6188   stm32l0xx_hal_rcc.o
       396         14          0          0          0       1668   stm32l0xx_hal_rcc_ex.o
      1508         28          0          0          0      10376   stm32l0xx_hal_rtc.o
        84          0          0          0          0       3202   stm32l0xx_hal_rtc_ex.o
       832          0          0          0          0       5775   stm32l0xx_hal_spi.o
      2136        118          0          0          0      15444   stm32l0xx_hal_uart.o
       188          4          0          0          0       2976   stm32l0xx_hal_uart_ex.o
      5400        328        224         32        432     448967   sx1276.o
        84         18         33          4          0       1795   system_stm32l0xx.o
       244          0          0          0          0       7296   systime.o
      2096        724         52         64         28      11137   test_rf.o
       510         18          0          4          0       8451   timeserver.o
       616         22          0          0          0       4566   tiny_sscanf.o
       228         28          0          1        272       3763   trace.o
       144         24          0          4          0       4835   utilities.o
       476         68          0         12        200       6161   vcom.o

    ----------------------------------------------------------------------
     52326       4648       6084        460       6684    1064427   Object Totals
         0          0         32          0          0          0   (incl. Generated)
        74          0         10          7          5          0   (incl. Padding)

    ----------------------------------------------------------------------

      Code (inc. data)   RO Data    RW Data    ZI Data      Debug   Library Member Name

       200         20          0          0          0         76   ceil.o
       200         20          0          0          0         76   floor.o
       156         14          0          0          0         84   round.o
        86          0          0          0          0          0   __dczerorl2.o
         0          0          0          0          0          0   entry.o
         0          0          0          0          0          0   entry10a.o
         0          0          0          0          0          0   entry11a.o
         8          4          0          0          0          0   entry2.o
         4          0          0          0          0          0   entry5.o
         0          0          0          0          0          0   entry7b.o
         0          0          0          0          0          0   entry8b.o
         8          4          0          0          0          0   entry9a.o
        30          0          0          0          0          0   handlers.o
        40          0          0          0          0         72   idiv.o
        36          8          0          0          0         68   init.o
         0          0          0          0          0          0   iusefp.o
       122          0          0          0          0         84   llmul.o
        32          0          0          0          0         68   llshl.o
        38          0          0          0          0         68   llsshr.o
        34          0          0          0          0         68   llushr.o
        36          0          0          0          0         60   memcpya.o
        36          0          0          0          0        100   memseta.o
      2286         94          0          0          0        460   printfa.o
        14          0          0          0          0         60   strlen.o
        30          0          0          0          0         72   strncmp.o
        44          0          0          0          0         72   uidiv.o
        96          0          0          0          0         84   uldiv.o
        20          0          0          0          0         60   uread4.o
        40          2          0          0          0         68   cdcmple.o
        40          2          0          0          0         68   cdrcmple.o
       356          4          0          0          0        140   dadd.o
       240          6          0          0          0         84   ddiv.o
       236          0          0          0          0        216   depilogue.o
        72         10          0          0          0         72   dfixi.o
        60         10          0          0          0         68   dfixui.o
        64         10          0          0          0         68   dfixul.o
        40          6          0          0          0         68   dflti.o
        28          4          0          0          0         68   dfltui.o
       208          6          0          0          0         88   dmul.o
       124         10          0          0          0         76   drnd.o
        44          0          0          0          0         72   dscalb.o
        40          0          0          0          0         60   f2d.o
       178          0          0          0          0        108   fadd.o
       130          0          0          0          0        144   fepilogue.o
        14          0          0          0          0         68   ffltui.o

    ----------------------------------------------------------------------
      5474        234          0          0          0       3168   Library Totals
         4          0          0          0          0          0   (incl. Padding)

    ----------------------------------------------------------------------

      Code (inc. data)   RO Data    RW Data    ZI Data      Debug   Library Name

       556         54          0          0          0        236   m_ps.l
      3000        110          0          0          0       1396   mc_p.l
      1914         70          0          0          0       1536   mf_p.l

    ----------------------------------------------------------------------
      5474        234          0          0          0       3168   Library Totals

    ----------------------------------------------------------------------

==============================================================================


      Code (inc. data)   RO Data    RW Data    ZI Data      Debug   

     57800       4882       6084        460       6684    1040215   Grand Totals
     57800       4882       6084        164       6684    1040215   ELF Image Totals (compressed)
     57800       4882       6084        164          0          0   ROM Totals

==============================================================================

    Total RO  Size (Code + RO Data)                63884 (  62.39kB)
    Total RW  Size (RW Data + ZI Data)              7144 (   6.98kB)
    Total ROM Size (Code + RO Data + RW Data)      64048 (  62.55kB)

==============================================================================

