<html>
<body>
<pre>
<h1>µVision Build Log</h1>
<h2>Tool Versions:</h2>
IDE-Version: µVision V5.28.0.0
Copyright (C) 2019 ARM Ltd and ARM Germany GmbH. All rights reserved.
License Information: Thongthai Saksopit KMITL Flex license: MDK Professional 5.28 (Flex) (mdk_pro) Borrow: 19 Oct 2020
 
Tool Versions:
Toolchain:       MDK Professional 5.28 (Flex)  Version: 5.28.0.0
Toolchain Path:  C:\Keil_v5\ARM\ARMCC\Bin
C Compiler:      Armcc.exe V5.06 update 6 (build 750)
Assembler:       Armasm.exe V5.06 update 6 (build 750)
Linker/Locator:  ArmLink.exe V5.06 update 6 (build 750)
Library Manager: ArmAr.exe V5.06 update 6 (build 750)
Hex Converter:   FromElf.exe V5.06 update 6 (build 750)
CPU DLL:         SARMCM3.DLL V5.28.0.0
Dialog DLL:      DARMCM1.DLL V1.19.2.0
Target DLL:      STLink\ST-LINKIII-KEIL_SWO.dll V3.0.6.0
Dialog DLL:      TARMCM1.DLL V1.14.1.0
 
<h2>Project:</h2>
D:\LoRa\en.i-cube_lrwan (1)\STM32CubeExpansion_LRWAN_V1.3.1\Projects\B-L072Z-LRWAN1\Applications\LoRa\AT_Slave\MDK-ARM\Lora.uvprojx
Project File Date:  10/09/2020

<h2>Output:</h2>
*** Using Compiler 'V5.06 update 6 (build 750)', folder: 'C:\Keil_v5\ARM\ARMCC\Bin'
Rebuild target 'mlm32l07x01'
compiling b-l072z-lrwan1.c...
compiling system_stm32l0xx.c...
compiling mlm32l07x01.c...
compiling sx1276.c...
compiling stm32l0xx_ll_dma.c...
compiling stm32l0xx_hal.c...
compiling stm32l0xx_hal_cortex.c...
compiling stm32l0xx_hal_rtc.c...
compiling stm32l0xx_hal_dma.c...
compiling stm32l0xx_hal_adc.c...
compiling stm32l0xx_hal_pwr.c...
compiling stm32l0xx_hal_flash.c...
compiling stm32l0xx_hal_gpio.c...
compiling stm32l0xx_hal_uart.c...
compiling stm32l0xx_hal_pwr_ex.c...
compiling stm32l0xx_hal_adc_ex.c...
compiling stm32l0xx_hal_rtc_ex.c...
compiling stm32l0xx_hal_flash_ex.c...
compiling stm32l0xx_hal_spi.c...
compiling stm32l0xx_hal_rcc.c...
compiling stm32l0xx_hal_uart_ex.c...
assembling startup_stm32l072xx.s...
compiling stm32l0xx_hal_rcc_ex.c...
compiling stm32l0xx_hal_usart.c...
compiling command.c...
compiling debug.c...
compiling at.c...
compiling hw_gpio.c...
compiling hw_rtc.c...
compiling hw_spi.c...
compiling tiny_sscanf.c...
compiling tiny_vsnprintf.c...
compiling lora.c...
compiling main.c...
compiling vcom.c...
compiling mlm32l0xx_it.c...
compiling mlm32l0xx_hw.c...
compiling test_rf.c...
compiling mlm32l0xx_hal_msp.c...
compiling LoRaMacCrypto.c...
compiling LoRaMac.c...
compiling lora-test.c...
compiling LoRaMacAdr.c...
compiling LoRaMacClassB.c...
compiling LoRaMacParser.c...
compiling LoRaMacCommands.c...
compiling LoRaMacConfirmQueue.c...
compiling utilities.c...
compiling LoRaMacSerializer.c...
compiling timeServer.c...
compiling queue.c...
compiling low_power_manager.c...
compiling trace.c...
compiling systime.c...
compiling aes.c...
compiling cmac.c...
compiling soft-se.c...
compiling Region.c...
compiling RegionAU915.c...
compiling RegionAS923.c...
compiling RegionCN470.c...
compiling RegionCommon.c...
compiling RegionCN779.c...
compiling RegionEU433.c...
compiling RegionIN865.c...
compiling RegionKR920.c...
compiling RegionEU868.c...
compiling RegionRU864.c...
compiling RegionUS915.c...
linking...
Program Size: Code=57800 RO-data=6084 RW-data=460 ZI-data=6684  
FromELF: creating hex file...
After Build - User command #1: C:\Keil_v5\\ARM\ARMCC\bin\fromelf.exe --bin --output=Lora.bin .\mlm32l07x01\Lora.axf
".\mlm32l07x01\Lora.axf" - 0 Error(s), 0 Warning(s).

<h2>Software Packages used:</h2>

Package Vendor: Keil
                http://www.keil.com/pack/Keil.STM32L0xx_DFP.2.0.1.pack
                Keil.STM32L0xx_DFP.2.0.1
                STMicroelectronics STM32L0 Series Device Support, Drivers and Examples

<h2>Collection of Component include folders:</h2>
  .\RTE\_mlm32l07x01
  C:\Users\mone\AppData\Local\Arm\Packs\Keil\STM32L0xx_DFP\2.0.1\Drivers\CMSIS\Device\ST\STM32L0xx\Include

<h2>Collection of Component Files used:</h2>
Build Time Elapsed:  00:03:11
</pre>
</body>
</html>
