<html>
<body>
<pre>
<h1>µVision Build Log</h1>
<h2>Tool Versions:</h2>
IDE-Version: µVision V5.28.0.0
Copyright (C) 2019 ARM Ltd and ARM Germany GmbH. All rights reserved.
License Information: rq Fantasticboy, Hewlett-Packard, LIC=X1E45-GBWHX-RF4IZ-JQCP8-73GTM-HFM9Q
 
Tool Versions:
Toolchain:       MDK-ARM Professional  Version: 5.28.0.0
Toolchain Path:  D:\Keli\ARM\ARMCC\Bin
C Compiler:      Armcc.exe V5.06 update 6 (build 750)
Assembler:       Armasm.exe V5.06 update 6 (build 750)
Linker/Locator:  ArmLink.exe V5.06 update 6 (build 750)
Library Manager: ArmAr.exe V5.06 update 6 (build 750)
Hex Converter:   FromElf.exe V5.06 update 6 (build 750)
CPU DLL:         
Dialog DLL:      
Target DLL:      Segger\JL2CM3.dll V2.99.36.0
Dialog DLL:      TCM.DLL V1.36.2.0
 
<h2>Project:</h2>
D:\Work\Project\Github\Low-Power-IPS-Hardware\BLE-Projects\nRF5_SDK_current\examples\peripheral\spi\pca10056\blank\arm5_no_packs\spi_pca10056.uvprojx
Project File Date:  01/14/2021

<h2>Output:</h2>
*** Using Compiler 'V5.06 update 6 (build 750)', folder: 'D:\Keli\ARM\ARMCC\Bin'
Build target 'nrf52840_xxaa'
compiling boards.c...
compiling nrfx_atomic.c...
compiling nrf_drv_spi.c...
compiling nrf_drv_uart.c...
compiling bsp.c...
compiling nrfx_gpiote.c...
compiling main.c...
compiling nrfx_spi.c...
compiling app_error.c...
compiling nrfx_spim.c...
compiling nrfx_prs.c...
compiling nrfx_uart.c...
compiling nrfx_uarte.c...
compiling app_button.c...
compiling app_error_handler_keil.c...
compiling nrf_assert.c...
compiling app_scheduler.c...
compiling app_util_platform.c...
compiling app_error_weak.c...
compiling app_timer2.c...
compiling drv_rtc.c...
compiling nrf_fprintf.c...
compiling nrf_atfifo.c...
compiling nrf_atomic.c...
compiling nrf_fprintf_format.c...
compiling nrf_balloc.c...
compiling nrf_memobj.c...
compiling nrf_ringbuf.c...
compiling nrf_log_backend_rtt.c...
compiling nrf_strerror.c...
compiling nrf_sortlist.c...
compiling nrf_log_backend_serial.c...
compiling nrf_log_backend_uart.c...
compiling nrf_log_default_backends.c...
assembling arm_startup_nrf52840.s...
compiling nrf_log_frontend.c...
compiling nrf_log_str_formatter.c...
compiling SEGGER_RTT_printf.c...
compiling SEGGER_RTT_Syscalls_KEIL.c...
compiling SEGGER_RTT.c...
compiling system_nrf52840.c...
linking...
Program Size: Code=10384 RO-data=1148 RW-data=180 ZI-data=9916  
FromELF: creating hex file...
".\_build\nrf52840_xxaa.axf" - 0 Error(s), 0 Warning(s).

<h2>Software Packages used:</h2>

Package Vendor: ARM
                http://www.keil.com/pack/ARM.CMSIS.5.6.0.pack
                ARM.CMSIS.5.6.0
                CMSIS (Cortex Microcontroller Software Interface Standard)
   * Component: CORE Version: 5.3.0

Package Vendor: NordicSemiconductor
                http://developer.nordicsemi.com/nRF5_SDK/pieces/nRF_DeviceFamilyPack/NordicSemiconductor.nRF_DeviceFamilyPack.8.32.1.pack
                NordicSemiconductor.nRF_DeviceFamilyPack.8.32.1
                Nordic Semiconductor nRF ARM devices Device Family Pack with BSD license.
   * Component: Startup Version: 8.32.1

<h2>Collection of Component include folders:</h2>
  .\RTE\_nrf52840_xxaa
  C:\Users\Fantasticboy\AppData\Local\Arm\Packs\ARM\CMSIS\5.6.0\CMSIS\Core\Include
  C:\Users\Fantasticboy\AppData\Local\Arm\Packs\NordicSemiconductor\nRF_DeviceFamilyPack\8.32.1\Device\Include

<h2>Collection of Component Files used:</h2>

   * Component: ARM::CMSIS:CORE:5.3.0

   * Component: NordicSemiconductor::Device:Startup:8.32.1
      Source file:   Device\Source\arm\arm_startup_nrf52840.s
      Include file:  Device\Include\system_nrf52840.h
      Include file:  Device\Include\system_nrf.h
      Source file:   Device\Source\system_nrf52840.c
Build Time Elapsed:  00:00:37
</pre>
</body>
</html>
