Component: ARM Compiler 5.06 update 6 (build 750) Tool: armlink [4d35ed]

==============================================================================

Section Cross References

    main.o(i.main) refers to boards.o(i.bsp_board_init) for bsp_board_init
    main.o(i.main) refers to nrf_log_frontend.o(i.nrf_log_init) for nrf_log_init
    main.o(i.main) refers to app_error.o(i.app_error_handler_bare) for app_error_handler_bare
    main.o(i.main) refers to nrf_log_default_backends.o(i.nrf_log_default_backends_init) for nrf_log_default_backends_init
    main.o(i.main) refers to nrf_drv_spi.o(i.nrf_drv_spi_init) for nrf_drv_spi_init
    main.o(i.main) refers to nrf_log_frontend.o(i.nrf_log_frontend_std_0) for nrf_log_frontend_std_0
    main.o(i.main) refers to nrf_log_frontend.o(i.nrf_log_frontend_dequeue) for nrf_log_frontend_dequeue
    main.o(i.main) refers to boards.o(i.bsp_board_led_invert) for bsp_board_led_invert
    main.o(i.main) refers to main.o(.constdata) for .constdata
    main.o(i.main) refers to main.o(i.spi_event_handler) for spi_event_handler
    main.o(i.main) refers to nrf_log_frontend.o(log_const_data) for m_nrf_log_app_logs_data_const
    main.o(i.main) refers to main.o(.data) for .data
    main.o(i.spi_event_handler) refers to nrf_log_frontend.o(i.nrf_log_frontend_std_0) for nrf_log_frontend_std_0
    main.o(i.spi_event_handler) refers to strlen.o(.text) for strlen
    main.o(i.spi_event_handler) refers to nrf_log_frontend.o(i.nrf_log_frontend_hexdump) for nrf_log_frontend_hexdump
    main.o(i.spi_event_handler) refers to main.o(.data) for .data
    main.o(i.spi_event_handler) refers to nrf_log_frontend.o(log_const_data) for m_nrf_log_app_logs_data_const
    boards.o(i.bsp_board_button_idx_to_pin) refers to boards.o(.constdata) for .constdata
    boards.o(i.bsp_board_button_state_get) refers to boards.o(i.nrf_gpio_pin_port_decode) for nrf_gpio_pin_port_decode
    boards.o(i.bsp_board_button_state_get) refers to boards.o(.constdata) for .constdata
    boards.o(i.bsp_board_init) refers to boards.o(i.nrf_gpio_cfg) for nrf_gpio_cfg
    boards.o(i.bsp_board_init) refers to boards.o(i.bsp_board_leds_off) for bsp_board_leds_off
    boards.o(i.bsp_board_init) refers to boards.o(.constdata) for .constdata
    boards.o(i.bsp_board_led_idx_to_pin) refers to boards.o(.constdata) for .constdata
    boards.o(i.bsp_board_led_invert) refers to boards.o(i.nrf_gpio_pin_port_decode) for nrf_gpio_pin_port_decode
    boards.o(i.bsp_board_led_invert) refers to boards.o(.constdata) for .constdata
    boards.o(i.bsp_board_led_off) refers to boards.o(i.nrf_gpio_pin_write) for nrf_gpio_pin_write
    boards.o(i.bsp_board_led_off) refers to boards.o(.constdata) for .constdata
    boards.o(i.bsp_board_led_on) refers to boards.o(i.nrf_gpio_pin_write) for nrf_gpio_pin_write
    boards.o(i.bsp_board_led_on) refers to boards.o(.constdata) for .constdata
    boards.o(i.bsp_board_led_state_get) refers to boards.o(i.nrf_gpio_pin_port_decode) for nrf_gpio_pin_port_decode
    boards.o(i.bsp_board_led_state_get) refers to boards.o(.constdata) for .constdata
    boards.o(i.bsp_board_leds_off) refers to boards.o(i.bsp_board_led_off) for bsp_board_led_off
    boards.o(i.bsp_board_leds_on) refers to boards.o(i.bsp_board_led_on) for bsp_board_led_on
    boards.o(i.bsp_board_pin_to_button_idx) refers to boards.o(.constdata) for .constdata
    boards.o(i.bsp_board_pin_to_led_idx) refers to boards.o(.constdata) for .constdata
    boards.o(i.nrf_gpio_cfg) refers to boards.o(i.nrf_gpio_pin_port_decode) for nrf_gpio_pin_port_decode
    boards.o(i.nrf_gpio_pin_write) refers to boards.o(i.nrf_gpio_pin_port_decode) for nrf_gpio_pin_port_decode
    bsp.o(i.alert_timer_handler) refers to boards.o(i.bsp_board_led_invert) for bsp_board_led_invert
    bsp.o(i.bsp_button_event_handler) refers to boards.o(i.bsp_board_pin_to_button_idx) for bsp_board_pin_to_button_idx
    bsp.o(i.bsp_button_event_handler) refers to app_timer2.o(i.app_timer_start) for app_timer_start
    bsp.o(i.bsp_button_event_handler) refers to app_timer2.o(i.app_timer_stop) for app_timer_stop
    bsp.o(i.bsp_button_event_handler) refers to bsp.o(.constdata) for .constdata
    bsp.o(i.bsp_button_event_handler) refers to bsp.o(.data) for .data
    bsp.o(i.bsp_button_event_handler) refers to bsp.o(.bss) for .bss
    bsp.o(i.bsp_button_is_pressed) refers to boards.o(i.bsp_board_button_state_get) for bsp_board_button_state_get
    bsp.o(i.bsp_buttons_disable) refers to app_button.o(i.app_button_disable) for app_button_disable
    bsp.o(i.bsp_buttons_enable) refers to app_button.o(i.app_button_enable) for app_button_enable
    bsp.o(i.bsp_event_to_button_action_assign) refers to bsp.o(.bss) for .bss
    bsp.o(i.bsp_indication_set) refers to bsp.o(i.bsp_led_indication) for bsp_led_indication
    bsp.o(i.bsp_indication_set) refers to bsp.o(.data) for .data
    bsp.o(i.bsp_init) refers to bsp.o(i.bsp_event_to_button_action_assign) for bsp_event_to_button_action_assign
[...]
    ..\\..\\..\\..\\..\\..\\components\\libraries\\util\\app_error_handler_keil.c 0x00000000   Number         0  app_error_handler_keil.o ABSOLUTE
    ..\\..\\..\\..\\..\\..\\components\\libraries\\util\\app_error_weak.c 0x00000000   Number         0  app_error_weak.o ABSOLUTE
    ..\\..\\..\\..\\..\\..\\components\\libraries\\util\\app_util_platform.c 0x00000000   Number         0  app_util_platform.o ABSOLUTE
    ..\\..\\..\\..\\..\\..\\components\\libraries\\util\\nrf_assert.c 0x00000000   Number         0  nrf_assert.o ABSOLUTE
    ..\\..\\..\\..\\..\\..\\external\\fprintf\\nrf_fprintf.c 0x00000000   Number         0  nrf_fprintf.o ABSOLUTE
    ..\\..\\..\\..\\..\\..\\external\\fprintf\\nrf_fprintf_format.c 0x00000000   Number         0  nrf_fprintf_format.o ABSOLUTE
    ..\\..\\..\\..\\..\\..\\external\\segger_rtt\\SEGGER_RTT.c 0x00000000   Number         0  segger_rtt.o ABSOLUTE
    ..\\..\\..\\..\\..\\..\\external\\segger_rtt\\SEGGER_RTT_Syscalls_KEIL.c 0x00000000   Number         0  segger_rtt_syscalls_keil.o ABSOLUTE
    ..\\..\\..\\..\\..\\..\\external\\segger_rtt\\SEGGER_RTT_printf.c 0x00000000   Number         0  segger_rtt_printf.o ABSOLUTE
    ..\\..\\..\\..\\..\\..\\integration\\nrfx\\legacy\\nrf_drv_spi.c 0x00000000   Number         0  nrf_drv_spi.o ABSOLUTE
    ..\\..\\..\\..\\..\\..\\integration\\nrfx\\legacy\\nrf_drv_uart.c 0x00000000   Number         0  nrf_drv_uart.o ABSOLUTE
    ..\\..\\..\\..\\..\\..\\modules\\nrfx\\drivers\\src\\nrfx_gpiote.c 0x00000000   Number         0  nrfx_gpiote.o ABSOLUTE
    ..\\..\\..\\..\\..\\..\\modules\\nrfx\\drivers\\src\\nrfx_spi.c 0x00000000   Number         0  nrfx_spi.o ABSOLUTE
    ..\\..\\..\\..\\..\\..\\modules\\nrfx\\drivers\\src\\nrfx_spim.c 0x00000000   Number         0  nrfx_spim.o ABSOLUTE
    ..\\..\\..\\..\\..\\..\\modules\\nrfx\\drivers\\src\\nrfx_uart.c 0x00000000   Number         0  nrfx_uart.o ABSOLUTE
    ..\\..\\..\\..\\..\\..\\modules\\nrfx\\drivers\\src\\nrfx_uarte.c 0x00000000   Number         0  nrfx_uarte.o ABSOLUTE
    ..\\..\\..\\..\\..\\..\\modules\\nrfx\\drivers\\src\\prs\\nrfx_prs.c 0x00000000   Number         0  nrfx_prs.o ABSOLUTE
    ..\\..\\..\\..\\..\\..\\modules\\nrfx\\soc\\nrfx_atomic.c 0x00000000   Number         0  nrfx_atomic.o ABSOLUTE
    ..\\..\\..\\main.c                       0x00000000   Number         0  main.o ABSOLUTE
    RTE\Device\nRF52840_xxAA\arm_startup_nrf52840.s 0x00000000   Number         0  arm_startup_nrf52840.o ABSOLUTE
    RTE\Device\nRF52840_xxAA\system_nrf52840.c 0x00000000   Number         0  system_nrf52840.o ABSOLUTE
    RTE\\Device\\nRF52840_xxAA\\system_nrf52840.c 0x00000000   Number         0  system_nrf52840.o ABSOLUTE
    cdrcmple.s                               0x00000000   Number         0  cdrcmple.o ABSOLUTE
    dc.s                                     0x00000000   Number         0  dc.o ABSOLUTE
    handlers.s                               0x00000000   Number         0  handlers.o ABSOLUTE
    init.s                                   0x00000000   Number         0  init.o ABSOLUTE
    .ARM.Collect$$$$00000000                 0x00000200   Section        0  entry.o(.ARM.Collect$$$$00000000)
    .ARM.Collect$$$$00000001                 0x00000200   Section        4  entry2.o(.ARM.Collect$$$$00000001)
    .ARM.Collect$$$$00000004                 0x00000204   Section        4  entry5.o(.ARM.Collect$$$$00000004)
    .ARM.Collect$$$$00000008                 0x00000208   Section        0  entry7b.o(.ARM.Collect$$$$00000008)
    .ARM.Collect$$$$0000000A                 0x00000208   Section        0  entry8b.o(.ARM.Collect$$$$0000000A)
    .ARM.Collect$$$$0000000B                 0x00000208   Section        8  entry9a.o(.ARM.Collect$$$$0000000B)
    .ARM.Collect$$$$0000000D                 0x00000210   Section        0  entry10a.o(.ARM.Collect$$$$0000000D)
    .ARM.Collect$$$$0000000F                 0x00000210   Section        0  entry11a.o(.ARM.Collect$$$$0000000F)
    .ARM.Collect$$$$00002712                 0x00000210   Section        4  entry2.o(.ARM.Collect$$$$00002712)
    __lit__00000000                          0x00000210   Data           4  entry2.o(.ARM.Collect$$$$00002712)
    .emb_text                                0x00000214   Section      226  nrf_atomic.o(.emb_text)
    $v0                                      0x00000214   Number         0  nrf_atomic.o(.emb_text)
    .text                                    0x000002f8   Section       36  arm_startup_nrf52840.o(.text)
    $v0                                      0x000002f8   Number         0  arm_startup_nrf52840.o(.text)
    .text                                    0x0000031c   Section        0  ctype_o.o(.text)
    .text                                    0x00000324   Section        0  memcpya.o(.text)
    .text                                    0x00000348   Section        0  memseta.o(.text)
    .text                                    0x0000036c   Section        0  strlen.o(.text)
    .text                                    0x0000037c   Section       36  init.o(.text)
    i.GPIOTE_IRQHandler                      0x000003a0   Section        0  nrfx_gpiote.o(i.GPIOTE_IRQHandler)
    i.RTC1_IRQHandler                        0x00000444   Section        0  drv_rtc.o(i.RTC1_IRQHandler)
    i.SPIM0_SPIS0_TWIM0_TWIS0_SPI0_TWI0_IRQHandler 0x00000454   Section        0  nrfx_spim.o(i.SPIM0_SPIS0_TWIM0_TWIS0_SPI0_TWI0_IRQHandler)
    i.SystemInit                             0x000004a8   Section        0  system_nrf52840.o(i.SystemInit)
    i.UARTE0_UART0_IRQHandler                0x000006f0   Section        0  nrfx_prs.o(i.UARTE0_UART0_IRQHandler)
    i.__scatterload_copy                     0x000006fc   Section       14  handlers.o(i.__scatterload_copy)
    i.__scatterload_null                     0x0000070a   Section        2  handlers.o(i.__scatterload_null)
    i.__scatterload_zeroinit                 0x0000070c   Section       14  handlers.o(i.__scatterload_zeroinit)
    i.app_error_fault_handler                0x0000071c   Section        0  app_error_weak.o(i.app_error_fault_handler)
    i.app_error_handler_bare                 0x000007a0   Section        0  app_error.o(i.app_error_handler_bare)
    i.app_util_critical_region_enter         0x000007b6   Section        0  app_util_platform.o(i.app_util_critical_region_enter)
    i.app_util_critical_region_exit          0x000007ba   Section        0  app_util_platform.o(i.app_util_critical_region_exit)
    i.app_util_disable_irq                   0x000007c0   Section        0  app_util_platform.o(i.app_util_disable_irq)
    i.app_util_enable_irq                    0x000007d0   Section        0  app_util_platform.o(i.app_util_enable_irq)
    i.apply_config                           0x000007e4   Section        0  nrfx_uart.o(i.apply_config)
    apply_config                             0x000007e5   Thumb Code   118  nrfx_uart.o(i.apply_config)
    i.apply_config                           0x0000085a   Section        0  nrfx_uarte.o(i.apply_config)
    apply_config                             0x0000085b   Thumb Code   118  nrfx_uarte.o(i.apply_config)
    i.bsp_board_init                         0x000008d0   Section        0  boards.o(i.bsp_board_init)
    i.bsp_board_led_invert                   0x00000924   Section        0  boards.o(i.bsp_board_led_invert)
    i.bsp_board_led_off                      0x00000950   Section        0  boards.o(i.bsp_board_led_off)
    i.bsp_board_leds_off                     0x00000960   Section        0  boards.o(i.bsp_board_leds_off)
    i.buf_prealloc                           0x00000974   Section        0  nrf_log_frontend.o(i.buf_prealloc)
    buf_prealloc                             0x00000975   Thumb Code   132  nrf_log_frontend.o(i.buf_prealloc)
    i.buffer_add                             0x00000a00   Section        0  nrf_fprintf_format.o(i.buffer_add)
    buffer_add                               0x00000a01   Thumb Code    46  nrf_fprintf_format.o(i.buffer_add)
    i.buffer_is_empty                        0x00000a30   Section        0  nrf_log_frontend.o(i.buffer_is_empty)
    i.channel_port_get                       0x00000a48   Section        0  nrfx_gpiote.o(i.channel_port_get)
    channel_port_get                         0x00000a49   Thumb Code    10  nrfx_gpiote.o(i.channel_port_get)
    i.dropped_sat16_get                      0x00000a58   Section        0  nrf_log_frontend.o(i.dropped_sat16_get)
    dropped_sat16_get                        0x00000a59   Thumb Code    16  nrf_log_frontend.o(i.dropped_sat16_get)
    i.int_print                              0x00000a6c   Section        0  nrf_fprintf_format.o(i.int_print)
    int_print                                0x00000a6d   Thumb Code   166  nrf_fprintf_format.o(i.int_print)
    i.interrupts_enable                      0x00000b14   Section        0  nrfx_uarte.o(i.interrupts_enable)
    interrupts_enable                        0x00000b15   Thumb Code   132  nrfx_uarte.o(i.interrupts_enable)
    i.invalid_packets_omit                   0x00000b9c   Section        0  nrf_log_frontend.o(i.invalid_packets_omit)
    invalid_packets_omit                     0x00000b9d   Thumb Code    52  nrf_log_frontend.o(i.invalid_packets_omit)
    i.log_skip                               0x00000bd0   Section        0  nrf_log_frontend.o(i.log_skip)
    log_skip                                 0x00000bd1   Thumb Code   150  nrf_log_frontend.o(i.log_skip)
    i.main                                   0x00000c74   Section        0  main.o(i.main)
    i.memobj_op                              0x00000d4c   Section        0  nrf_memobj.o(i.memobj_op)
    memobj_op                                0x00000d4d   Thumb Code   126  nrf_memobj.o(i.memobj_op)
    i.module_idx_get                         0x00000dcc   Section        0  nrf_log_frontend.o(i.module_idx_get)
    module_idx_get                           0x00000dcd   Thumb Code    42  nrf_log_frontend.o(i.module_idx_get)
    i.nrf_atomic_flag_clear_fetch            0x00000dfc   Section        0  nrf_atomic.o(i.nrf_atomic_flag_clear_fetch)
    i.nrf_atomic_flag_set                    0x00000e02   Section        0  nrf_atomic.o(i.nrf_atomic_flag_set)
    i.nrf_atomic_u32_add                     0x00000e08   Section        0  nrf_atomic.o(i.nrf_atomic_u32_add)
    i.nrf_atomic_u32_fetch_and               0x00000e14   Section        0  nrf_atomic.o(i.nrf_atomic_u32_fetch_and)
    i.nrf_atomic_u32_fetch_store             0x00000e1e   Section        0  nrf_atomic.o(i.nrf_atomic_u32_fetch_store)
    i.nrf_atomic_u32_or                      0x00000e28   Section        0  nrf_atomic.o(i.nrf_atomic_u32_or)
    i.nrf_atomic_u32_sub                     0x00000e34   Section        0  nrf_atomic.o(i.nrf_atomic_u32_sub)
    i.nrf_balloc_alloc                       0x00000e40   Section        0  nrf_balloc.o(i.nrf_balloc_alloc)
    i.nrf_balloc_free                        0x00000e7e   Section        0  nrf_balloc.o(i.nrf_balloc_free)
    i.nrf_balloc_init                        0x00000ea8   Section        0  nrf_balloc.o(i.nrf_balloc_init)
    i.nrf_bitmask_bit_is_set                 0x00000ed8   Section        0  nrfx_gpiote.o(i.nrf_bitmask_bit_is_set)
    nrf_bitmask_bit_is_set                   0x00000ed9   Thumb Code    16  nrfx_gpiote.o(i.nrf_bitmask_bit_is_set)
    i.nrf_drv_spi_init                       0x00000ee8   Section        0  nrf_drv_spi.o(i.nrf_drv_spi_init)
    i.nrf_drv_uart_init                      0x00000f58   Section        0  nrf_drv_uart.o(i.nrf_drv_uart_init)
    i.nrf_fprintf                            0x00000fc0   Section        0  nrf_fprintf.o(i.nrf_fprintf)
    i.nrf_fprintf_buffer_flush               0x00000fda   Section        0  nrf_fprintf.o(i.nrf_fprintf_buffer_flush)
    i.nrf_fprintf_fmt                        0x00000ff2   Section        0  nrf_fprintf_format.o(i.nrf_fprintf_fmt)
    i.nrf_gpio_cfg                           0x000011cc   Section        0  boards.o(i.nrf_gpio_cfg)
    nrf_gpio_cfg                             0x000011cd   Thumb Code    50  boards.o(i.nrf_gpio_cfg)
    i.nrf_gpio_cfg                           0x000011fe   Section        0  nrfx_spim.o(i.nrf_gpio_cfg)
    nrf_gpio_cfg                             0x000011ff   Thumb Code    50  nrfx_spim.o(i.nrf_gpio_cfg)
    i.nrf_gpio_cfg                           0x00001230   Section        0  nrfx_uart.o(i.nrf_gpio_cfg)
    nrf_gpio_cfg                             0x00001231   Thumb Code    50  nrfx_uart.o(i.nrf_gpio_cfg)
    i.nrf_gpio_cfg                           0x00001262   Section        0  nrfx_uarte.o(i.nrf_gpio_cfg)
    nrf_gpio_cfg                             0x00001263   Thumb Code    50  nrfx_uarte.o(i.nrf_gpio_cfg)
    i.nrf_gpio_cfg_default                   0x00001294   Section        0  nrfx_uart.o(i.nrf_gpio_cfg_default)
    nrf_gpio_cfg_default                     0x00001295   Thumb Code    18  nrfx_uart.o(i.nrf_gpio_cfg_default)
    i.nrf_gpio_cfg_default                   0x000012a6   Section        0  nrfx_uarte.o(i.nrf_gpio_cfg_default)
    nrf_gpio_cfg_default                     0x000012a7   Thumb Code    18  nrfx_uarte.o(i.nrf_gpio_cfg_default)
    i.nrf_gpio_cfg_input                     0x000012b8   Section        0  nrfx_uart.o(i.nrf_gpio_cfg_input)
    nrf_gpio_cfg_input                       0x000012b9   Thumb Code    18  nrfx_uart.o(i.nrf_gpio_cfg_input)
    i.nrf_gpio_cfg_input                     0x000012ca   Section        0  nrfx_uarte.o(i.nrf_gpio_cfg_input)
    nrf_gpio_cfg_input                       0x000012cb   Thumb Code    18  nrfx_uarte.o(i.nrf_gpio_cfg_input)
    i.nrf_gpio_cfg_output                    0x000012dc   Section        0  nrfx_spim.o(i.nrf_gpio_cfg_output)
    nrf_gpio_cfg_output                      0x000012dd   Thumb Code    20  nrfx_spim.o(i.nrf_gpio_cfg_output)
    i.nrf_gpio_cfg_output                    0x000012f0   Section        0  nrfx_uart.o(i.nrf_gpio_cfg_output)
    nrf_gpio_cfg_output                      0x000012f1   Thumb Code    20  nrfx_uart.o(i.nrf_gpio_cfg_output)
    i.nrf_gpio_cfg_output                    0x00001304   Section        0  nrfx_uarte.o(i.nrf_gpio_cfg_output)
    nrf_gpio_cfg_output                      0x00001305   Thumb Code    20  nrfx_uarte.o(i.nrf_gpio_cfg_output)
    i.nrf_gpio_cfg_sense_set                 0x00001318   Section        0  nrfx_gpiote.o(i.nrf_gpio_cfg_sense_set)
    nrf_gpio_cfg_sense_set                   0x00001319   Thumb Code    48  nrfx_gpiote.o(i.nrf_gpio_cfg_sense_set)
    i.nrf_gpio_latches_read_and_clear        0x00001348   Section        0  nrfx_gpiote.o(i.nrf_gpio_latches_read_and_clear)
    nrf_gpio_latches_read_and_clear          0x00001349   Thumb Code    42  nrfx_gpiote.o(i.nrf_gpio_latches_read_and_clear)
    i.nrf_gpio_pin_clear                     0x00001378   Section        0  nrfx_spim.o(i.nrf_gpio_pin_clear)
    nrf_gpio_pin_clear                       0x00001379   Thumb Code    20  nrfx_spim.o(i.nrf_gpio_pin_clear)
    i.nrf_gpio_pin_port_decode               0x0000138c   Section        0  boards.o(i.nrf_gpio_pin_port_decode)
    nrf_gpio_pin_port_decode                 0x0000138d   Thumb Code    22  boards.o(i.nrf_gpio_pin_port_decode)
    i.nrf_gpio_pin_port_decode               0x000013a8   Section        0  nrfx_gpiote.o(i.nrf_gpio_pin_port_decode)
    nrf_gpio_pin_port_decode                 0x000013a9   Thumb Code    22  nrfx_gpiote.o(i.nrf_gpio_pin_port_decode)
    i.nrf_gpio_pin_port_decode               0x000013c4   Section        0  nrfx_spim.o(i.nrf_gpio_pin_port_decode)
    nrf_gpio_pin_port_decode                 0x000013c5   Thumb Code    22  nrfx_spim.o(i.nrf_gpio_pin_port_decode)
    i.nrf_gpio_pin_port_decode               0x000013e0   Section        0  nrfx_uart.o(i.nrf_gpio_pin_port_decode)
    nrf_gpio_pin_port_decode                 0x000013e1   Thumb Code    22  nrfx_uart.o(i.nrf_gpio_pin_port_decode)
    i.nrf_gpio_pin_port_decode               0x000013fc   Section        0  nrfx_uarte.o(i.nrf_gpio_pin_port_decode)
    nrf_gpio_pin_port_decode                 0x000013fd   Thumb Code    22  nrfx_uarte.o(i.nrf_gpio_pin_port_decode)
    i.nrf_gpio_pin_set                       0x00001418   Section        0  nrfx_spim.o(i.nrf_gpio_pin_set)
    nrf_gpio_pin_set                         0x00001419   Thumb Code    20  nrfx_spim.o(i.nrf_gpio_pin_set)
    i.nrf_gpio_pin_set                       0x0000142c   Section        0  nrfx_uart.o(i.nrf_gpio_pin_set)
    nrf_gpio_pin_set                         0x0000142d   Thumb Code    20  nrfx_uart.o(i.nrf_gpio_pin_set)
    i.nrf_gpio_pin_set                       0x00001440   Section        0  nrfx_uarte.o(i.nrf_gpio_pin_set)
    nrf_gpio_pin_set                         0x00001441   Thumb Code    20  nrfx_uarte.o(i.nrf_gpio_pin_set)
    i.nrf_gpio_pin_write                     0x00001454   Section        0  boards.o(i.nrf_gpio_pin_write)
    nrf_gpio_pin_write                       0x00001455   Thumb Code    38  boards.o(i.nrf_gpio_pin_write)
    i.nrf_gpiote_event_clear                 0x0000147c   Section        0  nrfx_gpiote.o(i.nrf_gpiote_event_clear)
    nrf_gpiote_event_clear                   0x0000147d   Thumb Code    16  nrfx_gpiote.o(i.nrf_gpiote_event_clear)
    i.nrf_gpiote_event_is_set                0x00001490   Section        0  nrfx_gpiote.o(i.nrf_gpiote_event_is_set)
    nrf_gpiote_event_is_set                  0x00001491   Thumb Code    12  nrfx_gpiote.o(i.nrf_gpiote_event_is_set)
    i.nrf_log_backend_add                    0x000014a0   Section        0  nrf_log_frontend.o(i.nrf_log_backend_add)
    i.nrf_log_backend_serial_put             0x000014fc   Section        0  nrf_log_backend_serial.o(i.nrf_log_backend_serial_put)
    i.nrf_log_backend_uart_flush             0x000015c4   Section        0  nrf_log_backend_uart.o(i.nrf_log_backend_uart_flush)
    nrf_log_backend_uart_flush               0x000015c5   Thumb Code     2  nrf_log_backend_uart.o(i.nrf_log_backend_uart_flush)
    i.nrf_log_backend_uart_init              0x000015c6   Section        0  nrf_log_backend_uart.o(i.nrf_log_backend_uart_init)
    i.nrf_log_backend_uart_panic_set         0x000015cc   Section        0  nrf_log_backend_uart.o(i.nrf_log_backend_uart_panic_set)
    nrf_log_backend_uart_panic_set           0x000015cd   Thumb Code    36  nrf_log_backend_uart.o(i.nrf_log_backend_uart_panic_set)
    i.nrf_log_backend_uart_put               0x000015f8   Section        0  nrf_log_backend_uart.o(i.nrf_log_backend_uart_put)
    nrf_log_backend_uart_put                 0x000015f9   Thumb Code    16  nrf_log_backend_uart.o(i.nrf_log_backend_uart_put)
    i.nrf_log_color_id_get                   0x00001610   Section        0  nrf_log_frontend.o(i.nrf_log_color_id_get)
    i.nrf_log_default_backends_init          0x00001640   Section        0  nrf_log_default_backends.o(i.nrf_log_default_backends_init)
    i.nrf_log_frontend_dequeue               0x0000165c   Section        0  nrf_log_frontend.o(i.nrf_log_frontend_dequeue)
    i.nrf_log_frontend_hexdump               0x00001890   Section        0  nrf_log_frontend.o(i.nrf_log_frontend_hexdump)
    i.nrf_log_frontend_std_0                 0x00001938   Section        0  nrf_log_frontend.o(i.nrf_log_frontend_std_0)
    i.nrf_log_hexdump_entry_process          0x00001940   Section        0  nrf_log_str_formatter.o(i.nrf_log_hexdump_entry_process)
    i.nrf_log_init                           0x000019f0   Section        0  nrf_log_frontend.o(i.nrf_log_init)
    i.nrf_log_module_cnt_get                 0x00001a18   Section        0  nrf_log_frontend.o(i.nrf_log_module_cnt_get)
    i.nrf_log_module_name_get                0x00001a2c   Section        0  nrf_log_frontend.o(i.nrf_log_module_name_get)
    i.nrf_log_panic                          0x00001a48   Section        0  nrf_log_frontend.o(i.nrf_log_panic)
    i.nrf_log_std_entry_process              0x00001a70   Section        0  nrf_log_str_formatter.o(i.nrf_log_std_entry_process)
    i.nrf_memobj_alloc                       0x00001b26   Section        0  nrf_memobj.o(i.nrf_memobj_alloc)
    i.nrf_memobj_free                        0x00001b86   Section        0  nrf_memobj.o(i.nrf_memobj_free)
    i.nrf_memobj_get                         0x00001bb8   Section        0  nrf_memobj.o(i.nrf_memobj_get)
    i.nrf_memobj_pool_init                   0x00001bc0   Section        0  nrf_memobj.o(i.nrf_memobj_pool_init)
    i.nrf_memobj_put                         0x00001bc4   Section        0  nrf_memobj.o(i.nrf_memobj_put)
    i.nrf_memobj_read                        0x00001be2   Section        0  nrf_memobj.o(i.nrf_memobj_read)
    i.nrf_memobj_write                       0x00001bf2   Section        0  nrf_memobj.o(i.nrf_memobj_write)
    i.nrf_ringbuf_init                       0x00001c02   Section        0  nrf_ringbuf.o(i.nrf_ringbuf_init)
    i.nrf_spim_event_check                   0x00001c1e   Section        0  nrfx_spim.o(i.nrf_spim_event_check)
    nrf_spim_event_check                     0x00001c1f   Thumb Code    10  nrfx_spim.o(i.nrf_spim_event_check)
    i.nrf_uart_event_check                   0x00001c28   Section        0  nrfx_uart.o(i.nrf_uart_event_check)
    nrf_uart_event_check                     0x00001c29   Thumb Code    10  nrfx_uart.o(i.nrf_uart_event_check)
    i.nrf_uart_event_clear                   0x00001c32   Section        0  nrfx_uart.o(i.nrf_uart_event_clear)
    nrf_uart_event_clear                     0x00001c33   Thumb Code    12  nrfx_uart.o(i.nrf_uart_event_clear)
    i.nrf_uart_int_enable_check              0x00001c3e   Section        0  nrfx_uart.o(i.nrf_uart_int_enable_check)
    nrf_uart_int_enable_check                0x00001c3f   Thumb Code    12  nrfx_uart.o(i.nrf_uart_int_enable_check)
    i.nrf_uarte_event_check                  0x00001c4a   Section        0  nrfx_uarte.o(i.nrf_uarte_event_check)
    nrf_uarte_event_check                    0x00001c4b   Thumb Code    10  nrfx_uarte.o(i.nrf_uarte_event_check)
    i.nrf_uarte_event_clear                  0x00001c54   Section        0  nrfx_uarte.o(i.nrf_uarte_event_clear)
    nrf_uarte_event_clear                    0x00001c55   Thumb Code    12  nrfx_uarte.o(i.nrf_uarte_event_clear)
    i.nrfx_is_in_ram                         0x00001c60   Section        0  nrfx_uarte.o(i.nrfx_is_in_ram)
    nrfx_is_in_ram                           0x00001c61   Thumb Code    16  nrfx_uarte.o(i.nrfx_is_in_ram)
    i.nrfx_prs_acquire                       0x00001c70   Section        0  nrfx_prs.o(i.nrfx_prs_acquire)
    i.nrfx_prs_release                       0x00001ca0   Section        0  nrfx_prs.o(i.nrfx_prs_release)
    i.nrfx_spim_init                         0x00001cb4   Section        0  nrfx_spim.o(i.nrfx_spim_init)
    i.nrfx_uart_0_irq_handler                0x00001e20   Section        0  nrfx_uart.o(i.nrfx_uart_0_irq_handler)
    i.nrfx_uart_init                         0x00001e30   Section        0  nrfx_uart.o(i.nrfx_uart_init)
    i.nrfx_uart_tx                           0x00001f04   Section        0  nrfx_uart.o(i.nrfx_uart_tx)
    i.nrfx_uart_tx_in_progress               0x00001fac   Section        0  nrfx_uart.o(i.nrfx_uart_tx_in_progress)
    i.nrfx_uart_uninit                       0x00001fcc   Section        0  nrfx_uart.o(i.nrfx_uart_uninit)
    i.nrfx_uarte_0_irq_handler               0x0000208c   Section        0  nrfx_uarte.o(i.nrfx_uarte_0_irq_handler)
    i.nrfx_uarte_init                        0x0000209c   Section        0  nrfx_uarte.o(i.nrfx_uarte_init)
    i.nrfx_uarte_tx                          0x00002108   Section        0  nrfx_uarte.o(i.nrfx_uarte_tx)
    i.nrfx_uarte_tx_in_progress              0x000021b4   Section        0  nrfx_uarte.o(i.nrfx_uarte_tx_in_progress)
    i.nrfx_uarte_uninit                      0x000021d0   Section        0  nrfx_uarte.o(i.nrfx_uarte_uninit)
    i.port_event_handle                      0x000022d8   Section        0  nrfx_gpiote.o(i.port_event_handle)
    port_event_handle                        0x000022d9   Thumb Code   202  nrfx_gpiote.o(i.port_event_handle)
    i.port_handler_polarity_get              0x000023a8   Section        0  nrfx_gpiote.o(i.port_handler_polarity_get)
    port_handler_polarity_get                0x000023a9   Thumb Code    12  nrfx_gpiote.o(i.port_handler_polarity_get)
    i.postfix_process                        0x000023b8   Section        0  nrf_log_str_formatter.o(i.postfix_process)
    postfix_process                          0x000023b9   Thumb Code    48  nrf_log_str_formatter.o(i.postfix_process)
    i.prefix_process                         0x000023f4   Section        0  nrf_log_str_formatter.o(i.prefix_process)
    prefix_process                           0x000023f5   Thumb Code    90  nrf_log_str_formatter.o(i.prefix_process)
    i.prs_box_get                            0x0000248c   Section        0  nrfx_prs.o(i.prs_box_get)
    prs_box_get                              0x0000248d   Thumb Code    14  nrfx_prs.o(i.prs_box_get)
    i.rx_byte                                0x000024a4   Section        0  nrfx_uart.o(i.rx_byte)
    rx_byte                                  0x000024a5   Thumb Code    50  nrfx_uart.o(i.rx_byte)
    i.rx_done_event                          0x000024d6   Section        0  nrfx_uart.o(i.rx_done_event)
    rx_done_event                            0x000024d7   Thumb Code    22  nrfx_uart.o(i.rx_done_event)
    i.rx_done_event                          0x000024ec   Section        0  nrfx_uarte.o(i.rx_done_event)
    rx_done_event                            0x000024ed   Thumb Code    22  nrfx_uarte.o(i.rx_done_event)
    i.serial_tx                              0x00002504   Section        0  nrf_log_backend_uart.o(i.serial_tx)
    serial_tx                                0x00002505   Thumb Code    54  nrf_log_backend_uart.o(i.serial_tx)
    i.spi_event_handler                      0x00002544   Section        0  main.o(i.spi_event_handler)
    i.spim_evt_handler                       0x000025bc   Section        0  nrf_drv_spi.o(i.spim_evt_handler)
    spim_evt_handler                         0x000025bd   Thumb Code    52  nrf_drv_spi.o(i.spim_evt_handler)
    i.std_n                                  0x000025f4   Section        0  nrf_log_frontend.o(i.std_n)
    std_n                                    0x000025f5   Thumb Code   140  nrf_log_frontend.o(i.std_n)
    i.tx_byte                                0x00002688   Section        0  nrfx_uart.o(i.tx_byte)
    tx_byte                                  0x00002689   Thumb Code    32  nrfx_uart.o(i.tx_byte)
    i.tx_done_event                          0x000026a8   Section        0  nrfx_uart.o(i.tx_done_event)
    tx_done_event                            0x000026a9   Thumb Code    26  nrfx_uart.o(i.tx_done_event)
    i.tx_done_event                          0x000026c2   Section        0  nrfx_uarte.o(i.tx_done_event)
    tx_done_event                            0x000026c3   Thumb Code    26  nrfx_uarte.o(i.tx_done_event)
    i.uart_evt_handler                       0x000026dc   Section        0  nrf_drv_uart.o(i.uart_evt_handler)
    uart_evt_handler                         0x000026dd   Thumb Code    42  nrf_drv_uart.o(i.uart_evt_handler)
    i.uart_evt_handler                       0x0000270c   Section        0  nrf_log_backend_uart.o(i.uart_evt_handler)
    uart_evt_handler                         0x0000270d   Thumb Code     8  nrf_log_backend_uart.o(i.uart_evt_handler)
    i.uart_init                              0x00002718   Section        0  nrf_log_backend_uart.o(i.uart_init)
    uart_init                                0x00002719   Thumb Code    66  nrf_log_backend_uart.o(i.uart_init)
    i.uart_irq_handler                       0x00002768   Section        0  nrfx_uart.o(i.uart_irq_handler)
    uart_irq_handler                         0x00002769   Thumb Code   298  nrfx_uart.o(i.uart_irq_handler)
    i.uarte_evt_handler                      0x00002894   Section        0  nrf_drv_uart.o(i.uarte_evt_handler)
    uarte_evt_handler                        0x00002895   Thumb Code    42  nrf_drv_uart.o(i.uarte_evt_handler)
    i.uarte_irq_handler                      0x000028c4   Section        0  nrfx_uarte.o(i.uarte_irq_handler)
    uarte_irq_handler                        0x000028c5   Thumb Code   274  nrfx_uarte.o(i.uarte_irq_handler)
    i.unsigned_print                         0x000029d8   Section        0  nrf_fprintf_format.o(i.unsigned_print)
    unsigned_print                           0x000029d9   Thumb Code   176  nrf_fprintf_format.o(i.unsigned_print)
    .constdata                               0x00002a90   Section       44  main.o(.constdata)
    delay_machine_code                       0x00002a90   Data           6  main.o(.constdata)
    spi                                      0x00002a98   Data          20  main.o(.constdata)
    .constdata                               0x00002abc   Section        8  boards.o(.constdata)
    m_board_led_list                         0x00002abc   Data           4  boards.o(.constdata)
    m_board_btn_list                         0x00002ac0   Data           4  boards.o(.constdata)
    .constdata                               0x00002ac4   Section       16  nrf_drv_spi.o(.constdata)
    .constdata                               0x00002ad4   Section        8  nrfx_gpiote.o(.constdata)
    .constdata                               0x00002adc   Section        4  nrfx_spim.o(.constdata)
    irq_handlers                             0x00002adc   Data           4  nrfx_spim.o(.constdata)
    .constdata                               0x00002ae0   Section        4  nrfx_uart.o(.constdata)
    irq_handlers                             0x00002ae0   Data           4  nrfx_uart.o(.constdata)
    .constdata                               0x00002ae4   Section        4  nrfx_uarte.o(.constdata)
    irq_handlers                             0x00002ae4   Data           4  nrfx_uarte.o(.constdata)
    .constdata                               0x00002ae8   Section       16  nrf_fprintf_format.o(.constdata)
    _aV2C                                    0x00002ae8   Data          16  nrf_fprintf_format.o(.constdata)
    .constdata                               0x00002af8   Section       12  nrf_log_backend_uart.o(.constdata)
    .constdata                               0x00002b04   Section       32  nrf_log_backend_uart.o(.constdata)
    .constdata                               0x00002b24   Section       12  nrf_log_frontend.o(.constdata)
    m_log_push_ringbuf                       0x00002b24   Data          12  nrf_log_frontend.o(.constdata)
    .constdata                               0x00002b30   Section      129  ctype_o.o(.constdata)
    .constdata                               0x00002bb4   Section        4  ctype_o.o(.constdata)
    table                                    0x00002bb4   Data           4  ctype_o.o(.constdata)
    .conststring                             0x00002bb8   Section      102  nrf_log_str_formatter.o(.conststring)
    .conststrlit                             0x00002c20   Section        7  nrfx_gpiote.o(.conststrlit)
    .conststrlit                             0x00002c28   Section        4  nrfx_prs.o(.conststrlit)
    .conststrlit                             0x00002c2c   Section        5  nrfx_spim.o(.conststrlit)
    .conststrlit                             0x00002c34   Section        5  nrfx_uart.o(.conststrlit)
    .conststrlit                             0x00002c3c   Section        6  nrfx_uarte.o(.conststrlit)
    .conststrlit                             0x00002c44   Section       11  app_button.o(.conststrlit)
    .conststrlit                             0x00002c50   Section       10  app_timer2.o(.conststrlit)
    .conststrlit                             0x00002c5c   Section        9  nrf_sortlist.o(.conststrlit)
    .conststrlit                             0x00002c68   Section       17  nrf_log_default_backends.o(.conststrlit)
    .conststrlit                             0x00002c7c   Section        4  nrf_log_frontend.o(.conststrlit)
    log_backends                             0x00002ca0   Section       16  nrf_log_default_backends.o(log_backends)
    __tagsym$$used                           0x00002ca0   Number         0  nrf_log_default_backends.o(log_backends)
    uart_log_backend                         0x00002ca0   Data          16  nrf_log_default_backends.o(log_backends)
    log_const_data                           0x00002cb0   Section        8  nrfx_gpiote.o(log_const_data)
    __tagsym$$used                           0x00002cb0   Number         0  nrfx_gpiote.o(log_const_data)
    log_const_data                           0x00002cb8   Section        8  nrfx_prs.o(log_const_data)
    __tagsym$$used                           0x00002cb8   Number         0  nrfx_prs.o(log_const_data)
    log_const_data                           0x00002cc0   Section        8  nrfx_spim.o(log_const_data)
    __tagsym$$used                           0x00002cc0   Number         0  nrfx_spim.o(log_const_data)
    log_const_data                           0x00002cc8   Section        8  nrfx_uart.o(log_const_data)
    __tagsym$$used                           0x00002cc8   Number         0  nrfx_uart.o(log_const_data)
    log_const_data                           0x00002cd0   Section        8  nrfx_uarte.o(log_const_data)
    __tagsym$$used                           0x00002cd0   Number         0  nrfx_uarte.o(log_const_data)
    log_const_data                           0x00002cd8   Section        8  app_button.o(log_const_data)
    __tagsym$$used                           0x00002cd8   Number         0  app_button.o(log_const_data)
    log_const_data                           0x00002ce0   Section        8  app_timer2.o(log_const_data)
    __tagsym$$used                           0x00002ce0   Number         0  app_timer2.o(log_const_data)
    log_const_data                           0x00002ce8   Section        8  nrf_sortlist.o(log_const_data)
    __tagsym$$used                           0x00002ce8   Number         0  nrf_sortlist.o(log_const_data)
    log_const_data                           0x00002cf0   Section        8  nrf_log_frontend.o(log_const_data)
    __tagsym$$used                           0x00002cf0   Number         0  nrf_log_frontend.o(log_const_data)
    nrf_balloc                               0x00002cf8   Section       20  nrf_log_frontend.o(nrf_balloc)
    __tagsym$$used                           0x00002cf8   Number         0  nrf_log_frontend.o(nrf_balloc)
    .data                                    0x20000000   Section       16  main.o(.data)
    spi_xfer_done                            0x20000000   Data           1  main.o(.data)
    m_tx_buf                                 0x20000001   Data           7  main.o(.data)
    m_rx_buf                                 0x20000008   Data           8  main.o(.data)
    .data                                    0x20000010   Section       20  nrf_drv_uart.o(.data)
    m_handlers                               0x20000014   Data           8  nrf_drv_uart.o(.data)
    m_contexts                               0x2000001c   Data           8  nrf_drv_uart.o(.data)
    .data                                    0x20000024   Section        8  nrfx_prs.o(.data)
    m_prs_box_4                              0x20000024   Data           8  nrfx_prs.o(.data)
    .data                                    0x2000002c   Section        4  app_util_platform.o(.data)
    m_in_critical_region                     0x2000002c   Data           4  app_util_platform.o(.data)
    .data                                    0x20000030   Section       12  drv_rtc.o(.data)
    m_handlers                               0x20000030   Data           4  drv_rtc.o(.data)
    m_cb                                     0x20000034   Data           8  drv_rtc.o(.data)
    .data                                    0x2000003c   Section       24  nrf_log_backend_uart.o(.data)
    m_xfer_done                              0x2000003c   Data           1  nrf_log_backend_uart.o(.data)
    m_async_mode                             0x2000003d   Data           1  nrf_log_backend_uart.o(.data)
    .data                                    0x20000054   Section        8  nrf_log_default_backends.o(.data)
    log_backend_cb_uart_log_backend          0x20000054   Data           8  nrf_log_default_backends.o(.data)
    .data                                    0x2000005c   Section        4  nrf_log_frontend.o(.data)
    m_buffer_mask                            0x2000005c   Data           4  nrf_log_frontend.o(.data)
    .data                                    0x20000060   Section        8  nrf_log_frontend.o(.data)
    log_mempool_nrf_balloc_pool_stack        0x20000060   Data           8  nrf_log_frontend.o(.data)
    .data                                    0x20000068   Section        8  nrf_log_frontend.o(.data)
    log_mempool_nrf_balloc_cb                0x20000068   Data           8  nrf_log_frontend.o(.data)
    .data                                    0x20000070   Section       64  nrf_log_str_formatter.o(.data)
    m_freq                                   0x20000070   Data           4  nrf_log_str_formatter.o(.data)
    m_timestamp_div                          0x20000074   Data           4  nrf_log_str_formatter.o(.data)
    severity_names                           0x20000078   Data          20  nrf_log_str_formatter.o(.data)
    m_colors                                 0x2000008c   Data          36  nrf_log_str_formatter.o(.data)
    .data                                    0x200000b0   Section        4  system_nrf52840.o(.data)
    __tagsym$$used                           0x200000b0   Number         0  system_nrf52840.o(.data)
    .bss                                     0x200000b4   Section       32  nrf_drv_spi.o(.bss)
    m_handlers                               0x200000b4   Data          16  nrf_drv_spi.o(.bss)
    m_contexts                               0x200000c4   Data          16  nrf_drv_spi.o(.bss)
    .bss                                     0x200000d4   Section      108  nrfx_gpiote.o(.bss)
    m_cb                                     0x200000d4   Data         108  nrfx_gpiote.o(.bss)
    .bss                                     0x20000140   Section       36  nrfx_spim.o(.bss)
    m_cb                                     0x20000140   Data          36  nrfx_spim.o(.bss)
    .bss                                     0x20000164   Section       44  nrfx_uart.o(.bss)
    m_cb                                     0x20000164   Data          44  nrfx_uart.o(.bss)
    .bss                                     0x20000190   Section       36  nrfx_uarte.o(.bss)
    m_cb                                     0x20000190   Data          36  nrfx_uarte.o(.bss)
    .bss                                     0x200001b4   Section       64  nrf_log_backend_uart.o(.bss)
    m_string_buff                            0x200001b4   Data          64  nrf_log_backend_uart.o(.bss)
    .bss                                     0x200001f4   Section      192  nrf_log_frontend.o(.bss)
    log_mempool_nrf_balloc_pool_mem          0x200001f4   Data         192  nrf_log_frontend.o(.bss)
    .bss                                     0x200002b4   Section      128  nrf_log_frontend.o(.bss)
    m_log_push_ringbuf_buf                   0x200002b4   Data         128  nrf_log_frontend.o(.bss)
    .bss                                     0x20000334   Section       24  nrf_log_frontend.o(.bss)
    m_log_push_ringbuf_cb                    0x20000334   Data          24  nrf_log_frontend.o(.bss)
    .bss                                     0x2000034c   Section     1056  nrf_log_frontend.o(.bss)
    m_log_data                               0x2000034c   Data        1056  nrf_log_frontend.o(.bss)
    STACK                                    0x20000770   Section     8192  arm_startup_nrf52840.o(STACK)

    Global Symbols

    Symbol Name                              Value     Ov Type        Size  Object(Section)

    BuildAttributes$$THM_ISAv4$E$P$D$K$B$S$7EM$VFPi3$EXTD16$VFPS$VFMA$PE$A:L22UL41UL21$X:L11$S22US41US21$IEEE1$IW$USESV6$~STKCKD$USESV7$~SHL$OSPACE$ROPI$EBA8$MICROLIB$REQ8$EABIv2 0x00000000   Number         0  anon$$obj.o ABSOLUTE
    __ARM_use_no_argv                        0x00000000   Number         0  main.o ABSOLUTE
    __Vectors                                0x00000000   Data           4  arm_startup_nrf52840.o(RESET)
    __use_no_errno                           0x00000000   Number         0  useno.o ABSOLUTE
    __use_no_exception_handling              0x00000000   Number         0  useno.o ABSOLUTE
    __use_no_fp                              0x00000000   Number         0  useno.o ABSOLUTE
    __use_no_heap                            0x00000000   Number         0  useno.o ABSOLUTE
    __use_no_heap_region                     0x00000000   Number         0  useno.o ABSOLUTE
    __use_no_semihosting                     0x00000000   Number         0  useno.o ABSOLUTE
    __use_no_semihosting_swi                 0x00000000   Number         0  useno.o ABSOLUTE
    __use_no_signal_handling                 0x00000000   Number         0  useno.o ABSOLUTE
    _printf_a                                0x00000000   Number         0  stubs.o ABSOLUTE
    _printf_c                                0x00000000   Number         0  stubs.o ABSOLUTE
    _printf_charcount                        0x00000000   Number         0  stubs.o ABSOLUTE
    _printf_d                                0x00000000   Number         0  stubs.o ABSOLUTE
    _printf_e                                0x00000000   Number         0  stubs.o ABSOLUTE
    _printf_f                                0x00000000   Number         0  stubs.o ABSOLUTE
    _printf_flags                            0x00000000   Number         0  stubs.o ABSOLUTE
    _printf_fp_dec                           0x00000000   Number         0  stubs.o ABSOLUTE
    _printf_fp_hex                           0x00000000   Number         0  stubs.o ABSOLUTE
    _printf_g                                0x00000000   Number         0  stubs.o ABSOLUTE
    _printf_i                                0x00000000   Number         0  stubs.o ABSOLUTE
    _printf_int_dec                          0x00000000   Number         0  stubs.o ABSOLUTE
    _printf_l                                0x00000000   Number         0  stubs.o ABSOLUTE
    _printf_lc                               0x00000000   Number         0  stubs.o ABSOLUTE
    _printf_ll                               0x00000000   Number         0  stubs.o ABSOLUTE
    _printf_lld                              0x00000000   Number         0  stubs.o ABSOLUTE
    _printf_lli                              0x00000000   Number         0  stubs.o ABSOLUTE
    _printf_llo                              0x00000000   Number         0  stubs.o ABSOLUTE
    _printf_llu                              0x00000000   Number         0  stubs.o ABSOLUTE
    _printf_llx                              0x00000000   Number         0  stubs.o ABSOLUTE
    _printf_longlong_dec                     0x00000000   Number         0  stubs.o ABSOLUTE
    _printf_longlong_hex                     0x00000000   Number         0  stubs.o ABSOLUTE
    _printf_longlong_oct                     0x00000000   Number         0  stubs.o ABSOLUTE
    _printf_ls                               0x00000000   Number         0  stubs.o ABSOLUTE
    _printf_mbtowc                           0x00000000   Number         0  stubs.o ABSOLUTE
    _printf_n                                0x00000000   Number         0  stubs.o ABSOLUTE
    _printf_o                                0x00000000   Number         0  stubs.o ABSOLUTE
    _printf_p                                0x00000000   Number         0  stubs.o ABSOLUTE
    _printf_percent                          0x00000000   Number         0  stubs.o ABSOLUTE
    _printf_pre_padding                      0x00000000   Number         0  stubs.o ABSOLUTE
    _printf_return_value                     0x00000000   Number         0  stubs.o ABSOLUTE
    _printf_s                                0x00000000   Number         0  stubs.o ABSOLUTE
    _printf_sizespec                         0x00000000   Number         0  stubs.o ABSOLUTE
    _printf_str                              0x00000000   Number         0  stubs.o ABSOLUTE
    _printf_truncate_signed                  0x00000000   Number         0  stubs.o ABSOLUTE
    _printf_truncate_unsigned                0x00000000   Number         0  stubs.o ABSOLUTE
    _printf_u                                0x00000000   Number         0  stubs.o ABSOLUTE
    _printf_wc                               0x00000000   Number         0  stubs.o ABSOLUTE
    _printf_wctomb                           0x00000000   Number         0  stubs.o ABSOLUTE
    _printf_widthprec                        0x00000000   Number         0  stubs.o ABSOLUTE
    _printf_x                                0x00000000   Number         0  stubs.o ABSOLUTE
    __cpp_initialize__aeabi_                  - Undefined Weak Reference
    __cxa_finalize                            - Undefined Weak Reference
    __decompress                              - Undefined Weak Reference
    _clock_init                               - Undefined Weak Reference
    _microlib_exit                            - Undefined Weak Reference
    log_dynamic_data$$Base                    - Undefined Reference
    __Vectors_End                            0x00000200   Data           0  arm_startup_nrf52840.o(RESET)
    __Vectors_Size                           0x00000200   Number         0  arm_startup_nrf52840.o ABSOLUTE
    __main                                   0x00000201   Thumb Code     0  entry.o(.ARM.Collect$$$$00000000)
    _main_stk                                0x00000201   Thumb Code     0  entry2.o(.ARM.Collect$$$$00000001)
    _main_scatterload                        0x00000205   Thumb Code     0  entry5.o(.ARM.Collect$$$$00000004)
    __main_after_scatterload                 0x00000209   Thumb Code     0  entry5.o(.ARM.Collect$$$$00000004)
    _main_clock                              0x00000209   Thumb Code     0  entry7b.o(.ARM.Collect$$$$00000008)
    _main_cpp_init                           0x00000209   Thumb Code     0  entry8b.o(.ARM.Collect$$$$0000000A)
    _main_init                               0x00000209   Thumb Code     0  entry9a.o(.ARM.Collect$$$$0000000B)
    __rt_final_cpp                           0x00000211   Thumb Code     0  entry10a.o(.ARM.Collect$$$$0000000D)
    __rt_final_exit                          0x00000211   Thumb Code     0  entry11a.o(.ARM.Collect$$$$0000000F)
    __asm___12_nrf_atomic_c_85ca2469__nrf_atomic_internal_mov 0x00000215   Thumb Code    24  nrf_atomic.o(.emb_text)
    __asm___12_nrf_atomic_c_85ca2469__nrf_atomic_internal_orr 0x0000022d   Thumb Code    26  nrf_atomic.o(.emb_text)
    __asm___12_nrf_atomic_c_85ca2469__nrf_atomic_internal_and 0x00000247   Thumb Code    26  nrf_atomic.o(.emb_text)
    __asm___12_nrf_atomic_c_85ca2469__nrf_atomic_internal_eor 0x00000261   Thumb Code    26  nrf_atomic.o(.emb_text)
    __asm___12_nrf_atomic_c_85ca2469__nrf_atomic_internal_add 0x0000027b   Thumb Code    26  nrf_atomic.o(.emb_text)
    __asm___12_nrf_atomic_c_85ca2469__nrf_atomic_internal_sub 0x00000295   Thumb Code    26  nrf_atomic.o(.emb_text)
    __asm___12_nrf_atomic_c_85ca2469__nrf_atomic_internal_cmp_exch 0x000002af   Thumb Code    42  nrf_atomic.o(.emb_text)
    __asm___12_nrf_atomic_c_85ca2469__nrf_atomic_internal_sub_hs 0x000002d9   Thumb Code    30  nrf_atomic.o(.emb_text)
    Reset_Handler                            0x000002f9   Thumb Code     8  arm_startup_nrf52840.o(.text)
    NMI_Handler                              0x00000301   Thumb Code     2  arm_startup_nrf52840.o(.text)
    HardFault_Handler                        0x00000303   Thumb Code     2  arm_startup_nrf52840.o(.text)
    MemoryManagement_Handler                 0x00000305   Thumb Code     2  arm_startup_nrf52840.o(.text)
    BusFault_Handler                         0x00000307   Thumb Code     2  arm_startup_nrf52840.o(.text)
    UsageFault_Handler                       0x00000309   Thumb Code     2  arm_startup_nrf52840.o(.text)
    SVC_Handler                              0x0000030b   Thumb Code     2  arm_startup_nrf52840.o(.text)
    DebugMon_Handler                         0x0000030d   Thumb Code     2  arm_startup_nrf52840.o(.text)
    PendSV_Handler                           0x0000030f   Thumb Code     2  arm_startup_nrf52840.o(.text)
    SysTick_Handler                          0x00000311   Thumb Code     2  arm_startup_nrf52840.o(.text)
    CCM_AAR_IRQHandler                       0x00000313   Thumb Code     0  arm_startup_nrf52840.o(.text)
    COMP_LPCOMP_IRQHandler                   0x00000313   Thumb Code     0  arm_startup_nrf52840.o(.text)
    CRYPTOCELL_IRQHandler                    0x00000313   Thumb Code     0  arm_startup_nrf52840.o(.text)
    ECB_IRQHandler                           0x00000313   Thumb Code     0  arm_startup_nrf52840.o(.text)
    FPU_IRQHandler                           0x00000313   Thumb Code     0  arm_startup_nrf52840.o(.text)
    I2S_IRQHandler                           0x00000313   Thumb Code     0  arm_startup_nrf52840.o(.text)
    MWU_IRQHandler                           0x00000313   Thumb Code     0  arm_startup_nrf52840.o(.text)
    NFCT_IRQHandler                          0x00000313   Thumb Code     0  arm_startup_nrf52840.o(.text)
    PDM_IRQHandler                           0x00000313   Thumb Code     0  arm_startup_nrf52840.o(.text)
    POWER_CLOCK_IRQHandler                   0x00000313   Thumb Code     0  arm_startup_nrf52840.o(.text)
    PWM0_IRQHandler                          0x00000313   Thumb Code     0  arm_startup_nrf52840.o(.text)
    PWM1_IRQHandler                          0x00000313   Thumb Code     0  arm_startup_nrf52840.o(.text)
    PWM2_IRQHandler                          0x00000313   Thumb Code     0  arm_startup_nrf52840.o(.text)
    PWM3_IRQHandler                          0x00000313   Thumb Code     0  arm_startup_nrf52840.o(.text)
    QDEC_IRQHandler                          0x00000313   Thumb Code     0  arm_startup_nrf52840.o(.text)
    QSPI_IRQHandler                          0x00000313   Thumb Code     0  arm_startup_nrf52840.o(.text)
    RADIO_IRQHandler                         0x00000313   Thumb Code     0  arm_startup_nrf52840.o(.text)
    RNG_IRQHandler                           0x00000313   Thumb Code     0  arm_startup_nrf52840.o(.text)
    RTC0_IRQHandler                          0x00000313   Thumb Code     0  arm_startup_nrf52840.o(.text)
    RTC2_IRQHandler                          0x00000313   Thumb Code     0  arm_startup_nrf52840.o(.text)
    SAADC_IRQHandler                         0x00000313   Thumb Code     0  arm_startup_nrf52840.o(.text)
    SPIM1_SPIS1_TWIM1_TWIS1_SPI1_TWI1_IRQHandler 0x00000313   Thumb Code     0  arm_startup_nrf52840.o(.text)
    SPIM2_SPIS2_SPI2_IRQHandler              0x00000313   Thumb Code     0  arm_startup_nrf52840.o(.text)
    SPIM3_IRQHandler                         0x00000313   Thumb Code     0  arm_startup_nrf52840.o(.text)
    SWI0_EGU0_IRQHandler                     0x00000313   Thumb Code     0  arm_startup_nrf52840.o(.text)
    SWI1_EGU1_IRQHandler                     0x00000313   Thumb Code     0  arm_startup_nrf52840.o(.text)
    SWI2_EGU2_IRQHandler                     0x00000313   Thumb Code     0  arm_startup_nrf52840.o(.text)
    SWI3_EGU3_IRQHandler                     0x00000313   Thumb Code     0  arm_startup_nrf52840.o(.text)
    SWI4_EGU4_IRQHandler                     0x00000313   Thumb Code     0  arm_startup_nrf52840.o(.text)
    SWI5_EGU5_IRQHandler                     0x00000313   Thumb Code     0  arm_startup_nrf52840.o(.text)
    TEMP_IRQHandler                          0x00000313   Thumb Code     0  arm_startup_nrf52840.o(.text)
    TIMER0_IRQHandler                        0x00000313   Thumb Code     0  arm_startup_nrf52840.o(.text)
    TIMER1_IRQHandler                        0x00000313   Thumb Code     0  arm_startup_nrf52840.o(.text)
    TIMER2_IRQHandler                        0x00000313   Thumb Code     0  arm_startup_nrf52840.o(.text)
    TIMER3_IRQHandler                        0x00000313   Thumb Code     0  arm_startup_nrf52840.o(.text)
    TIMER4_IRQHandler                        0x00000313   Thumb Code     0  arm_startup_nrf52840.o(.text)
    UARTE1_IRQHandler                        0x00000313   Thumb Code     0  arm_startup_nrf52840.o(.text)
    USBD_IRQHandler                          0x00000313   Thumb Code     0  arm_startup_nrf52840.o(.text)
    WDT_IRQHandler                           0x00000313   Thumb Code     0  arm_startup_nrf52840.o(.text)
    __rt_ctype_table                         0x0000031d   Thumb Code     4  ctype_o.o(.text)
    __aeabi_memcpy                           0x00000325   Thumb Code    36  memcpya.o(.text)
    __aeabi_memcpy4                          0x00000325   Thumb Code     0  memcpya.o(.text)
    __aeabi_memcpy8                          0x00000325   Thumb Code     0  memcpya.o(.text)
    __aeabi_memset                           0x00000349   Thumb Code    14  memseta.o(.text)
    __aeabi_memset4                          0x00000349   Thumb Code     0  memseta.o(.text)
    __aeabi_memset8                          0x00000349   Thumb Code     0  memseta.o(.text)
    __aeabi_memclr                           0x00000357   Thumb Code     4  memseta.o(.text)
    __aeabi_memclr4                          0x00000357   Thumb Code     0  memseta.o(.text)
    __aeabi_memclr8                          0x00000357   Thumb Code     0  memseta.o(.text)
    _memset$wrapper                          0x0000035b   Thumb Code    18  memseta.o(.text)
    strlen                                   0x0000036d   Thumb Code    14  strlen.o(.text)
    __scatterload                            0x0000037d   Thumb Code    28  init.o(.text)
    __scatterload_rt2                        0x0000037d   Thumb Code     0  init.o(.text)
    GPIOTE_IRQHandler                        0x000003a1   Thumb Code   156  nrfx_gpiote.o(i.GPIOTE_IRQHandler)
    RTC1_IRQHandler                          0x00000445   Thumb Code    12  drv_rtc.o(i.RTC1_IRQHandler)
    SPIM0_SPIS0_TWIM0_TWIS0_SPI0_TWI0_IRQHandler 0x00000455   Thumb Code    76  nrfx_spim.o(i.SPIM0_SPIS0_TWIM0_TWIS0_SPI0_TWI0_IRQHandler)
    SystemInit                               0x000004a9   Thumb Code   516  system_nrf52840.o(i.SystemInit)
    UARTE0_UART0_IRQHandler                  0x000006f1   Thumb Code     6  nrfx_prs.o(i.UARTE0_UART0_IRQHandler)
    __scatterload_copy                       0x000006fd   Thumb Code    14  handlers.o(i.__scatterload_copy)
    __scatterload_null                       0x0000070b   Thumb Code     2  handlers.o(i.__scatterload_null)
    __scatterload_zeroinit                   0x0000070d   Thumb Code    14  handlers.o(i.__scatterload_zeroinit)
    app_error_fault_handler                  0x0000071d   Thumb Code    86  app_error_weak.o(i.app_error_fault_handler)
    app_error_handler_bare                   0x000007a1   Thumb Code    22  app_error.o(i.app_error_handler_bare)
    app_util_critical_region_enter           0x000007b7   Thumb Code     4  app_util_platform.o(i.app_util_critical_region_enter)
    app_util_critical_region_exit            0x000007bb   Thumb Code     4  app_util_platform.o(i.app_util_critical_region_exit)
    app_util_disable_irq                     0x000007c1   Thumb Code    12  app_util_platform.o(i.app_util_disable_irq)
    app_util_enable_irq                      0x000007d1   Thumb Code    14  app_util_platform.o(i.app_util_enable_irq)
    bsp_board_init                           0x000008d1   Thumb Code    80  boards.o(i.bsp_board_init)
    bsp_board_led_invert                     0x00000925   Thumb Code    40  boards.o(i.bsp_board_led_invert)
    bsp_board_led_off                        0x00000951   Thumb Code    10  boards.o(i.bsp_board_led_off)
    bsp_board_leds_off                       0x00000961   Thumb Code    18  boards.o(i.bsp_board_leds_off)
    buffer_is_empty                          0x00000a31   Thumb Code    18  nrf_log_frontend.o(i.buffer_is_empty)
    main                                     0x00000c75   Thumb Code   170  main.o(i.main)
    nrf_atomic_flag_clear_fetch              0x00000dfd   Thumb Code     6  nrf_atomic.o(i.nrf_atomic_flag_clear_fetch)
    nrf_atomic_flag_set                      0x00000e03   Thumb Code     6  nrf_atomic.o(i.nrf_atomic_flag_set)
    nrf_atomic_u32_add                       0x00000e09   Thumb Code    12  nrf_atomic.o(i.nrf_atomic_u32_add)
    nrf_atomic_u32_fetch_and                 0x00000e15   Thumb Code    10  nrf_atomic.o(i.nrf_atomic_u32_fetch_and)
    nrf_atomic_u32_fetch_store               0x00000e1f   Thumb Code    10  nrf_atomic.o(i.nrf_atomic_u32_fetch_store)
    nrf_atomic_u32_or                        0x00000e29   Thumb Code    12  nrf_atomic.o(i.nrf_atomic_u32_or)
    nrf_atomic_u32_sub                       0x00000e35   Thumb Code    12  nrf_atomic.o(i.nrf_atomic_u32_sub)
    nrf_balloc_alloc                         0x00000e41   Thumb Code    62  nrf_balloc.o(i.nrf_balloc_alloc)
    nrf_balloc_free                          0x00000e7f   Thumb Code    42  nrf_balloc.o(i.nrf_balloc_free)
    nrf_balloc_init                          0x00000ea9   Thumb Code    48  nrf_balloc.o(i.nrf_balloc_init)
    nrf_drv_spi_init                         0x00000ee9   Thumb Code    98  nrf_drv_spi.o(i.nrf_drv_spi_init)
    nrf_drv_uart_init                        0x00000f59   Thumb Code    90  nrf_drv_uart.o(i.nrf_drv_uart_init)
    nrf_fprintf                              0x00000fc1   Thumb Code    26  nrf_fprintf.o(i.nrf_fprintf)
    nrf_fprintf_buffer_flush                 0x00000fdb   Thumb Code    24  nrf_fprintf.o(i.nrf_fprintf_buffer_flush)
    nrf_fprintf_fmt                          0x00000ff3   Thumb Code   474  nrf_fprintf_format.o(i.nrf_fprintf_fmt)
    nrf_log_backend_add                      0x000014a1   Thumb Code    86  nrf_log_frontend.o(i.nrf_log_backend_add)
    nrf_log_backend_serial_put               0x000014fd   Thumb Code   200  nrf_log_backend_serial.o(i.nrf_log_backend_serial_put)
    nrf_log_backend_uart_init                0x000015c7   Thumb Code     6  nrf_log_backend_uart.o(i.nrf_log_backend_uart_init)
    nrf_log_color_id_get                     0x00001611   Thumb Code    42  nrf_log_frontend.o(i.nrf_log_color_id_get)
    nrf_log_default_backends_init            0x00001641   Thumb Code    24  nrf_log_default_backends.o(i.nrf_log_default_backends_init)
    nrf_log_frontend_dequeue                 0x0000165d   Thumb Code   522  nrf_log_frontend.o(i.nrf_log_frontend_dequeue)
    nrf_log_frontend_hexdump                 0x00001891   Thumb Code   160  nrf_log_frontend.o(i.nrf_log_frontend_hexdump)
    nrf_log_frontend_std_0                   0x00001939   Thumb Code     8  nrf_log_frontend.o(i.nrf_log_frontend_std_0)
    nrf_log_hexdump_entry_process            0x00001941   Thumb Code   150  nrf_log_str_formatter.o(i.nrf_log_hexdump_entry_process)
    nrf_log_init                             0x000019f1   Thumb Code    28  nrf_log_frontend.o(i.nrf_log_init)
    nrf_log_module_cnt_get                   0x00001a19   Thumb Code    10  nrf_log_frontend.o(i.nrf_log_module_cnt_get)
    nrf_log_module_name_get                  0x00001a2d   Thumb Code    24  nrf_log_frontend.o(i.nrf_log_module_name_get)
    nrf_log_panic                            0x00001a49   Thumb Code    36  nrf_log_frontend.o(i.nrf_log_panic)
    nrf_log_std_entry_process                0x00001a71   Thumb Code   182  nrf_log_str_formatter.o(i.nrf_log_std_entry_process)
    nrf_memobj_alloc                         0x00001b27   Thumb Code    96  nrf_memobj.o(i.nrf_memobj_alloc)
    nrf_memobj_free                          0x00001b87   Thumb Code    50  nrf_memobj.o(i.nrf_memobj_free)
    nrf_memobj_get                           0x00001bb9   Thumb Code     8  nrf_memobj.o(i.nrf_memobj_get)
    nrf_memobj_pool_init                     0x00001bc1   Thumb Code     4  nrf_memobj.o(i.nrf_memobj_pool_init)
    nrf_memobj_put                           0x00001bc5   Thumb Code    30  nrf_memobj.o(i.nrf_memobj_put)
    nrf_memobj_read                          0x00001be3   Thumb Code    16  nrf_memobj.o(i.nrf_memobj_read)
    nrf_memobj_write                         0x00001bf3   Thumb Code    16  nrf_memobj.o(i.nrf_memobj_write)
    nrf_ringbuf_init                         0x00001c03   Thumb Code    28  nrf_ringbuf.o(i.nrf_ringbuf_init)
    nrfx_prs_acquire                         0x00001c71   Thumb Code    48  nrfx_prs.o(i.nrfx_prs_acquire)
    nrfx_prs_release                         0x00001ca1   Thumb Code    18  nrfx_prs.o(i.nrfx_prs_release)
    nrfx_spim_init                           0x00001cb5   Thumb Code   356  nrfx_spim.o(i.nrfx_spim_init)
    nrfx_uart_0_irq_handler                  0x00001e21   Thumb Code     8  nrfx_uart.o(i.nrfx_uart_0_irq_handler)
    nrfx_uart_init                           0x00001e31   Thumb Code   200  nrfx_uart.o(i.nrfx_uart_init)
    nrfx_uart_tx                             0x00001f05   Thumb Code   162  nrfx_uart.o(i.nrfx_uart_tx)
    nrfx_uart_tx_in_progress                 0x00001fad   Thumb Code    26  nrfx_uart.o(i.nrfx_uart_tx_in_progress)
    nrfx_uart_uninit                         0x00001fcd   Thumb Code   182  nrfx_uart.o(i.nrfx_uart_uninit)
    nrfx_uarte_0_irq_handler                 0x0000208d   Thumb Code     8  nrfx_uarte.o(i.nrfx_uarte_0_irq_handler)
    nrfx_uarte_init                          0x0000209d   Thumb Code   100  nrfx_uarte.o(i.nrfx_uarte_init)
    nrfx_uarte_tx                            0x00002109   Thumb Code   166  nrfx_uarte.o(i.nrfx_uarte_tx)
    nrfx_uarte_tx_in_progress                0x000021b5   Thumb Code    22  nrfx_uarte.o(i.nrfx_uarte_tx_in_progress)
    nrfx_uarte_uninit                        0x000021d1   Thumb Code   254  nrfx_uarte.o(i.nrfx_uarte_uninit)
    spi_event_handler                        0x00002545   Thumb Code    74  main.o(i.spi_event_handler)
    nrf_log_backend_uart_api                 0x00002af8   Data          12  nrf_log_backend_uart.o(.constdata)
    __ctype_table                            0x00002b30   Data         129  ctype_o.o(.constdata)
    Region$$Table$$Base                      0x00002c80   Number         0  anon$$obj.o(Region$$Table)
    Region$$Table$$Limit                     0x00002ca0   Number         0  anon$$obj.o(Region$$Table)
    log_const_data$$Base                     0x00002cb0   Number         0  nrfx_gpiote.o(log_const_data)
    m_nrf_log_GPIOTE_logs_data_const         0x00002cb0   Data           8  nrfx_gpiote.o(log_const_data)
    m_nrf_log_PRS_logs_data_const            0x00002cb8   Data           8  nrfx_prs.o(log_const_data)
    m_nrf_log_SPIM_logs_data_const           0x00002cc0   Data           8  nrfx_spim.o(log_const_data)
    m_nrf_log_UART_logs_data_const           0x00002cc8   Data           8  nrfx_uart.o(log_const_data)
    m_nrf_log_UARTE_logs_data_const          0x00002cd0   Data           8  nrfx_uarte.o(log_const_data)
    m_nrf_log_app_button_logs_data_const     0x00002cd8   Data           8  app_button.o(log_const_data)
    m_nrf_log_app_timer_logs_data_const      0x00002ce0   Data           8  app_timer2.o(log_const_data)
    m_nrf_log_sortlist_logs_data_const       0x00002ce8   Data           8  nrf_sortlist.o(log_const_data)
    m_nrf_log_app_logs_data_const            0x00002cf0   Data           8  nrf_log_frontend.o(log_const_data)
    log_const_data$$Limit                    0x00002cf8   Number         0  nrf_log_frontend.o(log_const_data)
    log_mempool                              0x00002cf8   Data          20  nrf_log_frontend.o(nrf_balloc)
    nrf_drv_uart_use_easy_dma                0x20000010   Data           2  nrf_drv_uart.o(.data)
    m_uart                                   0x20000040   Data          20  nrf_log_backend_uart.o(.data)
    SystemCoreClock                          0x200000b0   Data           4  system_nrf52840.o(.data)
    __initial_sp                             0x20002770   Data           0  arm_startup_nrf52840.o(STACK)



==============================================================================

Memory Map of the image

  Image Entry point : 0x00000201

  Load Region LR_IROM1 (Base: 0x00000000, Size: 0x00002dc0, Max: 0x00100000, ABSOLUTE)

    Execution Region ER_IROM1 (Exec base: 0x00000000, Load base: 0x00000000, Size: 0x00002d0c, Max: 0x00100000, ABSOLUTE)

    Exec Addr    Load Addr    Size         Type   Attr      Idx    E Section Name        Object

    0x00000000   0x00000000   0x00000200   Data   RO         3598    RESET               arm_startup_nrf52840.o
    0x00000200   0x00000200   0x00000000   Code   RO         3654  * .ARM.Collect$$$$00000000  mc_w.l(entry.o)
    0x00000200   0x00000200   0x00000004   Code   RO         3967    .ARM.Collect$$$$00000001  mc_w.l(entry2.o)
    0x00000204   0x00000204   0x00000004   Code   RO         3970    .ARM.Collect$$$$00000004  mc_w.l(entry5.o)
    0x00000208   0x00000208   0x00000000   Code   RO         3972    .ARM.Collect$$$$00000008  mc_w.l(entry7b.o)
    0x00000208   0x00000208   0x00000000   Code   RO         3974    .ARM.Collect$$$$0000000A  mc_w.l(entry8b.o)
    0x00000208   0x00000208   0x00000008   Code   RO         3975    .ARM.Collect$$$$0000000B  mc_w.l(entry9a.o)
    0x00000210   0x00000210   0x00000000   Code   RO         3977    .ARM.Collect$$$$0000000D  mc_w.l(entry10a.o)
    0x00000210   0x00000210   0x00000000   Code   RO         3979    .ARM.Collect$$$$0000000F  mc_w.l(entry11a.o)
    0x00000210   0x00000210   0x00000004   Code   RO         3968    .ARM.Collect$$$$00002712  mc_w.l(entry2.o)
    0x00000214   0x00000214   0x000000e2   Code   RO         2347    .emb_text           nrf_atomic.o
    0x000002f6   0x000002f6   0x00000002   PAD
    0x000002f8   0x000002f8   0x00000024   Code   RO         3599    .text               arm_startup_nrf52840.o
    0x0000031c   0x0000031c   0x00000008   Code   RO         3666    .text               mc_w.l(ctype_o.o)
    0x00000324   0x00000324   0x00000024   Code   RO         3694    .text               mc_w.l(memcpya.o)
    0x00000348   0x00000348   0x00000024   Code   RO         3696    .text               mc_w.l(memseta.o)
    0x0000036c   0x0000036c   0x0000000e   Code   RO         3698    .text               mc_w.l(strlen.o)
    0x0000037a   0x0000037a   0x00000002   PAD
    0x0000037c   0x0000037c   0x00000024   Code   RO         3998    .text               mc_w.l(init.o)
    0x000003a0   0x000003a0   0x000000a4   Code   RO          702    i.GPIOTE_IRQHandler  nrfx_gpiote.o
    0x00000444   0x00000444   0x00000010   Code   RO         2081    i.RTC1_IRQHandler   drv_rtc.o
    0x00000454   0x00000454   0x00000054   Code   RO         1108    i.SPIM0_SPIS0_TWIM0_TWIS0_SPI0_TWI0_IRQHandler  nrfx_spim.o
    0x000004a8   0x000004a8   0x00000248   Code   RO         3607    i.SystemInit        system_nrf52840.o
    0x000006f0   0x000006f0   0x0000000c   Code   RO         1036    i.UARTE0_UART0_IRQHandler  nrfx_prs.o
    0x000006fc   0x000006fc   0x0000000e   Code   RO         4006    i.__scatterload_copy  mc_w.l(handlers.o)
    0x0000070a   0x0000070a   0x00000002   Code   RO         4007    i.__scatterload_null  mc_w.l(handlers.o)
    0x0000070c   0x0000070c   0x0000000e   Code   RO         4008    i.__scatterload_zeroinit  mc_w.l(handlers.o)
    0x0000071a   0x0000071a   0x00000002   PAD
    0x0000071c   0x0000071c   0x00000084   Code   RO         1783    i.app_error_fault_handler  app_error_weak.o
    0x000007a0   0x000007a0   0x00000016   Code   RO         1723    i.app_error_handler_bare  app_error.o
    0x000007b6   0x000007b6   0x00000004   Code   RO         2019    i.app_util_critical_region_enter  app_util_platform.o
    0x000007ba   0x000007ba   0x00000004   Code   RO         2020    i.app_util_critical_region_exit  app_util_platform.o
    0x000007be   0x000007be   0x00000002   PAD
    0x000007c0   0x000007c0   0x00000010   Code   RO         2021    i.app_util_disable_irq  app_util_platform.o
    0x000007d0   0x000007d0   0x00000014   Code   RO         2022    i.app_util_enable_irq  app_util_platform.o
    0x000007e4   0x000007e4   0x00000076   Code   RO         1243    i.apply_config      nrfx_uart.o
    0x0000085a   0x0000085a   0x00000076   Code   RO         1435    i.apply_config      nrfx_uarte.o
    0x000008d0   0x000008d0   0x00000054   Code   RO          241    i.bsp_board_init    boards.o
    0x00000924   0x00000924   0x0000002c   Code   RO          243    i.bsp_board_led_invert  boards.o
    0x00000950   0x00000950   0x00000010   Code   RO          244    i.bsp_board_led_off  boards.o
    0x00000960   0x00000960   0x00000012   Code   RO          247    i.bsp_board_leds_off  boards.o
    0x00000972   0x00000972   0x00000002   PAD
    0x00000974   0x00000974   0x0000008c   Code   RO         2999    i.buf_prealloc      nrf_log_frontend.o
    0x00000a00   0x00000a00   0x0000002e   Code   RO         2562    i.buffer_add        nrf_fprintf_format.o
    0x00000a2e   0x00000a2e   0x00000002   PAD
    0x00000a30   0x00000a30   0x00000018   Code   RO         3000    i.buffer_is_empty   nrf_log_frontend.o
    0x00000a48   0x00000a48   0x00000010   Code   RO          705    i.channel_port_get  nrfx_gpiote.o
    0x00000a58   0x00000a58   0x00000014   Code   RO         3001    i.dropped_sat16_get  nrf_log_frontend.o
    0x00000a6c   0x00000a6c   0x000000a6   Code   RO         2563    i.int_print         nrf_fprintf_format.o
    0x00000b12   0x00000b12   0x00000002   PAD
    0x00000b14   0x00000b14   0x00000088   Code   RO         1436    i.interrupts_enable  nrfx_uarte.o
    0x00000b9c   0x00000b9c   0x00000034   Code   RO         3002    i.invalid_packets_omit  nrf_log_frontend.o
    0x00000bd0   0x00000bd0   0x000000a4   Code   RO         3003    i.log_skip          nrf_log_frontend.o
    0x00000c74   0x00000c74   0x000000d8   Code   RO            4    i.main              main.o
    0x00000d4c   0x00000d4c   0x0000007e   Code   RO         2602    i.memobj_op         nrf_memobj.o
    0x00000dca   0x00000dca   0x00000002   PAD
    0x00000dcc   0x00000dcc   0x00000030   Code   RO         3004    i.module_idx_get    nrf_log_frontend.o
    0x00000dfc   0x00000dfc   0x00000006   Code   RO         2349    i.nrf_atomic_flag_clear_fetch  nrf_atomic.o
    0x00000e02   0x00000e02   0x00000006   Code   RO         2350    i.nrf_atomic_flag_set  nrf_atomic.o
    0x00000e08   0x00000e08   0x0000000c   Code   RO         2352    i.nrf_atomic_u32_add  nrf_atomic.o
    0x00000e14   0x00000e14   0x0000000a   Code   RO         2356    i.nrf_atomic_u32_fetch_and  nrf_atomic.o
    0x00000e1e   0x00000e1e   0x0000000a   Code   RO         2358    i.nrf_atomic_u32_fetch_store  nrf_atomic.o
    0x00000e28   0x00000e28   0x0000000c   Code   RO         2362    i.nrf_atomic_u32_or  nrf_atomic.o
    0x00000e34   0x00000e34   0x0000000c   Code   RO         2364    i.nrf_atomic_u32_sub  nrf_atomic.o
    0x00000e40   0x00000e40   0x0000003e   Code   RO         2486    i.nrf_balloc_alloc  nrf_balloc.o
    0x00000e7e   0x00000e7e   0x0000002a   Code   RO         2487    i.nrf_balloc_free   nrf_balloc.o
    0x00000ea8   0x00000ea8   0x00000030   Code   RO         2488    i.nrf_balloc_init   nrf_balloc.o
    0x00000ed8   0x00000ed8   0x00000010   Code   RO          706    i.nrf_bitmask_bit_is_set  nrfx_gpiote.o
    0x00000ee8   0x00000ee8   0x00000070   Code   RO          476    i.nrf_drv_spi_init  nrf_drv_spi.o
    0x00000f58   0x00000f58   0x00000068   Code   RO          511    i.nrf_drv_uart_init  nrf_drv_uart.o
    0x00000fc0   0x00000fc0   0x0000001a   Code   RO         2523    i.nrf_fprintf       nrf_fprintf.o
    0x00000fda   0x00000fda   0x00000018   Code   RO         2524    i.nrf_fprintf_buffer_flush  nrf_fprintf.o
    0x00000ff2   0x00000ff2   0x000001da   Code   RO         2564    i.nrf_fprintf_fmt   nrf_fprintf_format.o
    0x000011cc   0x000011cc   0x00000032   Code   RO          251    i.nrf_gpio_cfg      boards.o
    0x000011fe   0x000011fe   0x00000032   Code   RO         1109    i.nrf_gpio_cfg      nrfx_spim.o
    0x00001230   0x00001230   0x00000032   Code   RO         1244    i.nrf_gpio_cfg      nrfx_uart.o
    0x00001262   0x00001262   0x00000032   Code   RO         1437    i.nrf_gpio_cfg      nrfx_uarte.o
    0x00001294   0x00001294   0x00000012   Code   RO         1245    i.nrf_gpio_cfg_default  nrfx_uart.o
    0x000012a6   0x000012a6   0x00000012   Code   RO         1438    i.nrf_gpio_cfg_default  nrfx_uarte.o
    0x000012b8   0x000012b8   0x00000012   Code   RO         1246    i.nrf_gpio_cfg_input  nrfx_uart.o
    0x000012ca   0x000012ca   0x00000012   Code   RO         1439    i.nrf_gpio_cfg_input  nrfx_uarte.o
    0x000012dc   0x000012dc   0x00000014   Code   RO         1110    i.nrf_gpio_cfg_output  nrfx_spim.o
    0x000012f0   0x000012f0   0x00000014   Code   RO         1247    i.nrf_gpio_cfg_output  nrfx_uart.o
    0x00001304   0x00001304   0x00000014   Code   RO         1440    i.nrf_gpio_cfg_output  nrfx_uarte.o
    0x00001318   0x00001318   0x00000030   Code   RO          709    i.nrf_gpio_cfg_sense_set  nrfx_gpiote.o
    0x00001348   0x00001348   0x00000030   Code   RO          710    i.nrf_gpio_latches_read_and_clear  nrfx_gpiote.o
    0x00001378   0x00001378   0x00000014   Code   RO         1111    i.nrf_gpio_pin_clear  nrfx_spim.o
    0x0000138c   0x0000138c   0x0000001c   Code   RO          252    i.nrf_gpio_pin_port_decode  boards.o
    0x000013a8   0x000013a8   0x0000001c   Code   RO          712    i.nrf_gpio_pin_port_decode  nrfx_gpiote.o
    0x000013c4   0x000013c4   0x0000001c   Code   RO         1112    i.nrf_gpio_pin_port_decode  nrfx_spim.o
    0x000013e0   0x000013e0   0x0000001c   Code   RO         1248    i.nrf_gpio_pin_port_decode  nrfx_uart.o
    0x000013fc   0x000013fc   0x0000001c   Code   RO         1441    i.nrf_gpio_pin_port_decode  nrfx_uarte.o
    0x00001418   0x00001418   0x00000014   Code   RO         1113    i.nrf_gpio_pin_set  nrfx_spim.o
    0x0000142c   0x0000142c   0x00000014   Code   RO         1249    i.nrf_gpio_pin_set  nrfx_uart.o
    0x00001440   0x00001440   0x00000014   Code   RO         1442    i.nrf_gpio_pin_set  nrfx_uarte.o
    0x00001454   0x00001454   0x00000026   Code   RO          253    i.nrf_gpio_pin_write  boards.o
    0x0000147a   0x0000147a   0x00000002   PAD
    0x0000147c   0x0000147c   0x00000014   Code   RO          716    i.nrf_gpiote_event_clear  nrfx_gpiote.o
    0x00001490   0x00001490   0x00000010   Code   RO          717    i.nrf_gpiote_event_is_set  nrfx_gpiote.o
    0x000014a0   0x000014a0   0x0000005c   Code   RO         3005    i.nrf_log_backend_add  nrf_log_frontend.o
    0x000014fc   0x000014fc   0x000000c8   Code   RO         2850    i.nrf_log_backend_serial_put  nrf_log_backend_serial.o
    0x000015c4   0x000015c4   0x00000002   Code   RO         2890    i.nrf_log_backend_uart_flush  nrf_log_backend_uart.o
    0x000015c6   0x000015c6   0x00000006   Code   RO         2891    i.nrf_log_backend_uart_init  nrf_log_backend_uart.o
    0x000015cc   0x000015cc   0x0000002c   Code   RO         2892    i.nrf_log_backend_uart_panic_set  nrf_log_backend_uart.o
    0x000015f8   0x000015f8   0x00000018   Code   RO         2893    i.nrf_log_backend_uart_put  nrf_log_backend_uart.o
    0x00001610   0x00001610   0x00000030   Code   RO         3007    i.nrf_log_color_id_get  nrf_log_frontend.o
    0x00001640   0x00001640   0x0000001c   Code   RO         2963    i.nrf_log_default_backends_init  nrf_log_default_backends.o
    0x0000165c   0x0000165c   0x00000234   Code   RO         3008    i.nrf_log_frontend_dequeue  nrf_log_frontend.o
    0x00001890   0x00001890   0x000000a8   Code   RO         3009    i.nrf_log_frontend_hexdump  nrf_log_frontend.o
    0x00001938   0x00001938   0x00000008   Code   RO         3010    i.nrf_log_frontend_std_0  nrf_log_frontend.o
    0x00001940   0x00001940   0x000000b0   Code   RO         3186    i.nrf_log_hexdump_entry_process  nrf_log_str_formatter.o
    0x000019f0   0x000019f0   0x00000028   Code   RO         3017    i.nrf_log_init      nrf_log_frontend.o
    0x00001a18   0x00001a18   0x00000014   Code   RO         3018    i.nrf_log_module_cnt_get  nrf_log_frontend.o
    0x00001a2c   0x00001a2c   0x0000001c   Code   RO         3021    i.nrf_log_module_name_get  nrf_log_frontend.o
    0x00001a48   0x00001a48   0x00000028   Code   RO         3022    i.nrf_log_panic     nrf_log_frontend.o
    0x00001a70   0x00001a70   0x000000b6   Code   RO         3187    i.nrf_log_std_entry_process  nrf_log_str_formatter.o
    0x00001b26   0x00001b26   0x00000060   Code   RO         2603    i.nrf_memobj_alloc  nrf_memobj.o
    0x00001b86   0x00001b86   0x00000032   Code   RO         2604    i.nrf_memobj_free   nrf_memobj.o
    0x00001bb8   0x00001bb8   0x00000008   Code   RO         2605    i.nrf_memobj_get    nrf_memobj.o
    0x00001bc0   0x00001bc0   0x00000004   Code   RO         2606    i.nrf_memobj_pool_init  nrf_memobj.o
    0x00001bc4   0x00001bc4   0x0000001e   Code   RO         2607    i.nrf_memobj_put    nrf_memobj.o
    0x00001be2   0x00001be2   0x00000010   Code   RO         2608    i.nrf_memobj_read   nrf_memobj.o
    0x00001bf2   0x00001bf2   0x00000010   Code   RO         2609    i.nrf_memobj_write  nrf_memobj.o
    0x00001c02   0x00001c02   0x0000001c   Code   RO         2685    i.nrf_ringbuf_init  nrf_ringbuf.o
    0x00001c1e   0x00001c1e   0x0000000a   Code   RO         1114    i.nrf_spim_event_check  nrfx_spim.o
    0x00001c28   0x00001c28   0x0000000a   Code   RO         1250    i.nrf_uart_event_check  nrfx_uart.o
    0x00001c32   0x00001c32   0x0000000c   Code   RO         1251    i.nrf_uart_event_clear  nrfx_uart.o
    0x00001c3e   0x00001c3e   0x0000000c   Code   RO         1252    i.nrf_uart_int_enable_check  nrfx_uart.o
    0x00001c4a   0x00001c4a   0x0000000a   Code   RO         1443    i.nrf_uarte_event_check  nrfx_uarte.o
    0x00001c54   0x00001c54   0x0000000c   Code   RO         1444    i.nrf_uarte_event_clear  nrfx_uarte.o
    0x00001c60   0x00001c60   0x00000010   Code   RO         1445    i.nrfx_is_in_ram    nrfx_uarte.o
    0x00001c70   0x00001c70   0x00000030   Code   RO         1037    i.nrfx_prs_acquire  nrfx_prs.o
    0x00001ca0   0x00001ca0   0x00000012   Code   RO         1038    i.nrfx_prs_release  nrfx_prs.o
    0x00001cb2   0x00001cb2   0x00000002   PAD
    0x00001cb4   0x00001cb4   0x0000016c   Code   RO         1118    i.nrfx_spim_init    nrfx_spim.o
    0x00001e20   0x00001e20   0x00000010   Code   RO         1253    i.nrfx_uart_0_irq_handler  nrfx_uart.o
    0x00001e30   0x00001e30   0x000000d4   Code   RO         1255    i.nrfx_uart_init    nrfx_uart.o
    0x00001f04   0x00001f04   0x000000a8   Code   RO         1261    i.nrfx_uart_tx      nrfx_uart.o
    0x00001fac   0x00001fac   0x00000020   Code   RO         1263    i.nrfx_uart_tx_in_progress  nrfx_uart.o
    0x00001fcc   0x00001fcc   0x000000c0   Code   RO         1264    i.nrfx_uart_uninit  nrfx_uart.o
    0x0000208c   0x0000208c   0x00000010   Code   RO         1446    i.nrfx_uarte_0_irq_handler  nrfx_uarte.o
    0x0000209c   0x0000209c   0x0000006c   Code   RO         1448    i.nrfx_uarte_init   nrfx_uarte.o
    0x00002108   0x00002108   0x000000ac   Code   RO         1452    i.nrfx_uarte_tx     nrfx_uarte.o
    0x000021b4   0x000021b4   0x0000001c   Code   RO         1454    i.nrfx_uarte_tx_in_progress  nrfx_uarte.o
    0x000021d0   0x000021d0   0x00000108   Code   RO         1455    i.nrfx_uarte_uninit  nrfx_uarte.o
    0x000022d8   0x000022d8   0x000000d0   Code   RO          750    i.port_event_handle  nrfx_gpiote.o
    0x000023a8   0x000023a8   0x00000010   Code   RO          751    i.port_handler_polarity_get  nrfx_gpiote.o
    0x000023b8   0x000023b8   0x0000003c   Code   RO         3189    i.postfix_process   nrf_log_str_formatter.o
    0x000023f4   0x000023f4   0x00000098   Code   RO         3190    i.prefix_process    nrf_log_str_formatter.o
    0x0000248c   0x0000248c   0x00000018   Code   RO         1039    i.prs_box_get       nrfx_prs.o
    0x000024a4   0x000024a4   0x00000032   Code   RO         1265    i.rx_byte           nrfx_uart.o
    0x000024d6   0x000024d6   0x00000016   Code   RO         1266    i.rx_done_event     nrfx_uart.o
    0x000024ec   0x000024ec   0x00000016   Code   RO         1456    i.rx_done_event     nrfx_uarte.o
    0x00002502   0x00002502   0x00000002   PAD
    0x00002504   0x00002504   0x00000040   Code   RO         2894    i.serial_tx         nrf_log_backend_uart.o
    0x00002544   0x00002544   0x00000078   Code   RO            5    i.spi_event_handler  main.o
    0x000025bc   0x000025bc   0x00000038   Code   RO          477    i.spim_evt_handler  nrf_drv_spi.o
    0x000025f4   0x000025f4   0x00000094   Code   RO         3024    i.std_n             nrf_log_frontend.o
    0x00002688   0x00002688   0x00000020   Code   RO         1268    i.tx_byte           nrfx_uart.o
    0x000026a8   0x000026a8   0x0000001a   Code   RO         1269    i.tx_done_event     nrfx_uart.o
    0x000026c2   0x000026c2   0x0000001a   Code   RO         1457    i.tx_done_event     nrfx_uarte.o
    0x000026dc   0x000026dc   0x00000030   Code   RO          512    i.uart_evt_handler  nrf_drv_uart.o
    0x0000270c   0x0000270c   0x0000000c   Code   RO         2895    i.uart_evt_handler  nrf_log_backend_uart.o
    0x00002718   0x00002718   0x00000050   Code   RO         2896    i.uart_init         nrf_log_backend_uart.o
    0x00002768   0x00002768   0x0000012a   Code   RO         1270    i.uart_irq_handler  nrfx_uart.o
    0x00002892   0x00002892   0x00000002   PAD
    0x00002894   0x00002894   0x00000030   Code   RO          513    i.uarte_evt_handler  nrf_drv_uart.o
    0x000028c4   0x000028c4   0x00000112   Code   RO         1458    i.uarte_irq_handler  nrfx_uarte.o
    0x000029d6   0x000029d6   0x00000002   PAD
    0x000029d8   0x000029d8   0x000000b4   Code   RO         2565    i.unsigned_print    nrf_fprintf_format.o
    0x00002a8c   0x00002a8c   0x00000004   PAD
    0x00002a90   0x00002a90   0x0000002c   Data   RO            6    .constdata          main.o
    0x00002abc   0x00002abc   0x00000008   Data   RO          254    .constdata          boards.o
    0x00002ac4   0x00002ac4   0x00000010   Data   RO          479    .constdata          nrf_drv_spi.o
    0x00002ad4   0x00002ad4   0x00000008   Data   RO          753    .constdata          nrfx_gpiote.o
    0x00002adc   0x00002adc   0x00000004   Data   RO         1125    .constdata          nrfx_spim.o
    0x00002ae0   0x00002ae0   0x00000004   Data   RO         1273    .constdata          nrfx_uart.o
    0x00002ae4   0x00002ae4   0x00000004   Data   RO         1461    .constdata          nrfx_uarte.o
    0x00002ae8   0x00002ae8   0x00000010   Data   RO         2566    .constdata          nrf_fprintf_format.o
    0x00002af8   0x00002af8   0x0000000c   Data   RO         2898    .constdata          nrf_log_backend_uart.o
    0x00002b04   0x00002b04   0x00000020   Data   RO         2899    .constdata          nrf_log_backend_uart.o
    0x00002b24   0x00002b24   0x0000000c   Data   RO         3029    .constdata          nrf_log_frontend.o
    0x00002b30   0x00002b30   0x00000081   Data   RO         3667    .constdata          mc_w.l(ctype_o.o)
    0x00002bb1   0x00002bb1   0x00000003   PAD
    0x00002bb4   0x00002bb4   0x00000004   Data   RO         3668    .constdata          mc_w.l(ctype_o.o)
    0x00002bb8   0x00002bb8   0x00000066   Data   RO         3191    .conststring        nrf_log_str_formatter.o
    0x00002c1e   0x00002c1e   0x00000002   PAD
    0x00002c20   0x00002c20   0x00000007   Data   RO          757    .conststrlit        nrfx_gpiote.o
    0x00002c27   0x00002c27   0x00000001   PAD
    0x00002c28   0x00002c28   0x00000004   Data   RO         1041    .conststrlit        nrfx_prs.o
    0x00002c2c   0x00002c2c   0x00000005   Data   RO         1128    .conststrlit        nrfx_spim.o
    0x00002c31   0x00002c31   0x00000003   PAD
    0x00002c34   0x00002c34   0x00000005   Data   RO         1276    .conststrlit        nrfx_uart.o
    0x00002c39   0x00002c39   0x00000003   PAD
    0x00002c3c   0x00002c3c   0x00000006   Data   RO         1464    .conststrlit        nrfx_uarte.o
    0x00002c42   0x00002c42   0x00000002   PAD
    0x00002c44   0x00002c44   0x0000000b   Data   RO         1616    .conststrlit        app_button.o
    0x00002c4f   0x00002c4f   0x00000001   PAD
    0x00002c50   0x00002c50   0x0000000a   Data   RO         1898    .conststrlit        app_timer2.o
    0x00002c5a   0x00002c5a   0x00000002   PAD
    0x00002c5c   0x00002c5c   0x00000009   Data   RO         2748    .conststrlit        nrf_sortlist.o
    0x00002c65   0x00002c65   0x00000003   PAD
    0x00002c68   0x00002c68   0x00000011   Data   RO         2964    .conststrlit        nrf_log_default_backends.o
    0x00002c79   0x00002c79   0x00000003   PAD
    0x00002c7c   0x00002c7c   0x00000004   Data   RO         3030    .conststrlit        nrf_log_frontend.o
    0x00002c80   0x00002c80   0x00000020   Data   RO         4004    Region$$Table       anon$$obj.o
    0x00002ca0   0x00002ca0   0x00000010   Data   RO         2966    log_backends        nrf_log_default_backends.o
    0x00002cb0   0x00002cb0   0x00000008   Data   RO          758    log_const_data      nrfx_gpiote.o
    0x00002cb8   0x00002cb8   0x00000008   Data   RO         1043    log_const_data      nrfx_prs.o
    0x00002cc0   0x00002cc0   0x00000008   Data   RO         1129    log_const_data      nrfx_spim.o
    0x00002cc8   0x00002cc8   0x00000008   Data   RO         1277    log_const_data      nrfx_uart.o
    0x00002cd0   0x00002cd0   0x00000008   Data   RO         1465    log_const_data      nrfx_uarte.o
    0x00002cd8   0x00002cd8   0x00000008   Data   RO         1618    log_const_data      app_button.o
    0x00002ce0   0x00002ce0   0x00000008   Data   RO         1901    log_const_data      app_timer2.o
    0x00002ce8   0x00002ce8   0x00000008   Data   RO         2749    log_const_data      nrf_sortlist.o
    0x00002cf0   0x00002cf0   0x00000008   Data   RO         3034    log_const_data      nrf_log_frontend.o
    0x00002cf8   0x00002cf8   0x00000014   Data   RO         3035    nrf_balloc          nrf_log_frontend.o


    Execution Region RW_IRAM1 (Exec base: 0x20000000, Load base: 0x00002d0c, Size: 0x00002770, Max: 0x00040000, ABSOLUTE)

    Exec Addr    Load Addr    Size         Type   Attr      Idx    E Section Name        Object

    0x20000000   0x00002d0c   0x00000010   Data   RW            7    .data               main.o
    0x20000010   0x00002d1c   0x00000014   Data   RW          514    .data               nrf_drv_uart.o
    0x20000024   0x00002d30   0x00000008   Data   RW         1042    .data               nrfx_prs.o
    0x2000002c   0x00002d38   0x00000004   Data   RW         2025    .data               app_util_platform.o
    0x20000030   0x00002d3c   0x0000000c   Data   RW         2105    .data               drv_rtc.o
    0x2000003c   0x00002d48   0x00000018   Data   RW         2900    .data               nrf_log_backend_uart.o
    0x20000054   0x00002d60   0x00000008   Data   RW         2965    .data               nrf_log_default_backends.o
    0x2000005c   0x00002d68   0x00000004   Data   RW         3031    .data               nrf_log_frontend.o
    0x20000060   0x00002d6c   0x00000008   Data   RW         3032    .data               nrf_log_frontend.o
    0x20000068   0x00002d74   0x00000008   Data   RW         3033    .data               nrf_log_frontend.o
    0x20000070   0x00002d7c   0x00000040   Data   RW         3192    .data               nrf_log_str_formatter.o
    0x200000b0   0x00002dbc   0x00000004   Data   RW         3608    .data               system_nrf52840.o
    0x200000b4        -       0x00000020   Zero   RW          478    .bss                nrf_drv_spi.o
    0x200000d4        -       0x0000006c   Zero   RW          752    .bss                nrfx_gpiote.o
    0x20000140        -       0x00000024   Zero   RW         1123    .bss                nrfx_spim.o
    0x20000164        -       0x0000002c   Zero   RW         1271    .bss                nrfx_uart.o
    0x20000190        -       0x00000024   Zero   RW         1459    .bss                nrfx_uarte.o
    0x200001b4        -       0x00000040   Zero   RW         2897    .bss                nrf_log_backend_uart.o
    0x200001f4        -       0x000000c0   Zero   RW         3025    .bss                nrf_log_frontend.o
    0x200002b4        -       0x00000080   Zero   RW         3026    .bss                nrf_log_frontend.o
    0x20000334        -       0x00000018   Zero   RW         3027    .bss                nrf_log_frontend.o
    0x2000034c        -       0x00000420   Zero   RW         3028    .bss                nrf_log_frontend.o
    0x2000076c   0x00002dc0   0x00000004   PAD
    0x20000770        -       0x00002000   Zero   RW         3596    STACK               arm_startup_nrf52840.o


==============================================================================

Image component sizes


      Code (inc. data)   RO Data    RW Data    ZI Data      Debug   Object Name

         0          0         19          0          0       7047   app_button.o
        22          0          0          0          0       2549   app_error.o
       132         46          0          0          0      30913   app_error_weak.o
         0          0         18          0          0       5946   app_timer2.o
        44         10          0          4          0       3428   app_util_platform.o
        36          8        512          0       8192        948   arm_startup_nrf52840.o
       278         20          8          0          0      10200   boards.o
         0          0          0          0          0       3312   bsp.o
        16          4          0         12          0       4989   drv_rtc.o
       336         92         44         16          0      74944   main.o
       294          0          0          0          0       8011   nrf_atomic.o
       152          0          0          0          0       3628   nrf_balloc.o
       168         18         16          0         32       6635   nrf_drv_spi.o
       200         26          0         20          0      17964   nrf_drv_uart.o
        50          0          0          0          0       3577   nrf_fprintf.o
       866          4         16          0          0       6618   nrf_fprintf_format.o
       200          0          0          0          0      11685   nrf_log_backend_serial.o
       232         44         44         24         64      16086   nrf_log_backend_uart.o
        28          4         33          8          0       3385   nrf_log_default_backends.o
      1604        138         44         20       1400      29547   nrf_log_frontend.o
       570        108        102         64          0       5736   nrf_log_str_formatter.o
       346          0          0          0          0       9691   nrf_memobj.o
        28          0          0          0          0       2407   nrf_ringbuf.o
         0          0         17          0          0       1085   nrf_sortlist.o
       580         44         23          0        108      25841   nrfx_gpiote.o
       102         16         12          8          0       4544   nrfx_prs.o
       596         22         17          0         36      55096   nrfx_spim.o
      1354         48         17          0         44      28501   nrfx_uart.o
      1356         48         18          0         36      25231   nrfx_uarte.o
       584         68          0          4          0      12699   system_nrf52840.o

    ----------------------------------------------------------------------
     10200        772       1012        180       9916     422243   Object Totals
         0          0         32          0          0          0   (incl. Generated)
        26          4         20          0          4          0   (incl. Padding)

    ----------------------------------------------------------------------

      Code (inc. data)   RO Data    RW Data    ZI Data      Debug   Library Member Name

         8          4        133          0          0         68   ctype_o.o
         0          0          0          0          0          0   entry.o
         0          0          0          0          0          0   entry10a.o
         0          0          0          0          0          0   entry11a.o
         8          4          0          0          0          0   entry2.o
         4          0          0          0          0          0   entry5.o
         0          0          0          0          0          0   entry7b.o
         0          0          0          0          0          0   entry8b.o
         8          4          0          0          0          0   entry9a.o
        30          0          0          0          0          0   handlers.o
        36          8          0          0          0         68   init.o
        36          0          0          0          0         68   memcpya.o
        36          0          0          0          0        108   memseta.o
        14          0          0          0          0         68   strlen.o

    ----------------------------------------------------------------------
       184         20        136          0          0        380   Library Totals
         4          0          3          0          0          0   (incl. Padding)

    ----------------------------------------------------------------------

      Code (inc. data)   RO Data    RW Data    ZI Data      Debug   Library Name

       180         20        133          0          0        380   mc_w.l

    ----------------------------------------------------------------------
       184         20        136          0          0        380   Library Totals

    ----------------------------------------------------------------------

==============================================================================


      Code (inc. data)   RO Data    RW Data    ZI Data      Debug   

     10384        792       1148        180       9916     409575   Grand Totals
     10384        792       1148        180       9916     409575   ELF Image Totals
     10384        792       1148        180          0          0   ROM Totals

==============================================================================

    Total RO  Size (Code + RO Data)                11532 (  11.26kB)
    Total RW  Size (RW Data + ZI Data)             10096 (   9.86kB)
    Total ROM Size (Code + RO Data + RW Data)      11712 (  11.44kB)

==============================================================================

